[commit-timing] ntt: 0.05 ms
[commit-timing] merkle: 0.11 ms
[commit-timing] ntt: 0.18 ms
[commit-timing] merkle: 0.06 ms
[commit-timing] ntt: 0.10 ms
[commit-timing] merkle: 0.04 ms
{"ancestor_ids":[1,2],"elapsed_ms":0.917597,"event":"stage","fields":{},"name":"falcon_hybrid:witness_commit","parent":"falcon_bench:commit","path":["falcon_bench:commit","falcon_hybrid:witness_commit"],"span_id":2}
{"ancestor_ids":[1],"elapsed_ms":0.945199,"event":"stage","fields":{"trial":0},"name":"falcon_bench:commit","parent":null,"path":["falcon_bench:commit"],"span_id":1}
{"ancestor_ids":[2251799813685249,2251799813685250,3],"elapsed_ms":0.220488,"event":"stage","fields":{},"name":"falcon_arithmetic:norm","parent":"falcon_hybrid:arithmetic_prefix","path":["falcon_bench:prove","falcon_hybrid:arithmetic_prefix","falcon_arithmetic:norm"],"span_id":3}
{"ancestor_ids":[2251799813685249,2251799813685250,2251799813685251],"elapsed_ms":0.19543,"event":"stage","fields":{},"name":"falcon_arithmetic:hash_to_point_products","parent":"falcon_hybrid:arithmetic_prefix","path":["falcon_bench:prove","falcon_hybrid:arithmetic_prefix","falcon_arithmetic:hash_to_point_products"],"span_id":2251799813685251}
{"ancestor_ids":[2251799813685249,2251799813685250,4503599627370499],"elapsed_ms":1.687524,"event":"stage","fields":{},"name":"falcon_arithmetic:compaction_forest","parent":"falcon_hybrid:arithmetic_prefix","path":["falcon_bench:prove","falcon_hybrid:arithmetic_prefix","falcon_arithmetic:compaction_forest"],"span_id":4503599627370499}
{"ancestor_ids":[2251799813685249,2251799813685250,6755399441055747],"elapsed_ms":0.383917,"event":"stage","fields":{},"name":"falcon_arithmetic:compaction_leaf","parent":"falcon_hybrid:arithmetic_prefix","path":["falcon_bench:prove","falcon_hybrid:arithmetic_prefix","falcon_arithmetic:compaction_leaf"],"span_id":6755399441055747}
{"ancestor_ids":[2251799813685249,2251799813685250,9007199254740995,4],"elapsed_ms":0.006853000000000001,"event":"stage","fields":{},"name":"falcon_native:certificate","parent":"falcon_native:prove","path":["falcon_bench:prove","falcon_hybrid:arithmetic_prefix","falcon_native:prove","falcon_native:certificate"],"span_id":4}
{"ancestor_ids":[2251799813685249,2251799813685250,9007199254740995,2251799813685252],"elapsed_ms":0.072998,"event":"stage","fields":{},"name":"falcon_native:projection_public","parent":"falcon_native:prove","path":["falcon_bench:prove","falcon_hybrid:arithmetic_prefix","falcon_native:prove","falcon_native:projection_public"],"span_id":2251799813685252}
{"ancestor_ids":[2251799813685249,2251799813685250,9007199254740995,4503599627370500],"elapsed_ms":0.062047,"event":"stage","fields":{},"name":"falcon_native:coordinates","parent":"falcon_native:prove","path":["falcon_bench:prove","falcon_hybrid:arithmetic_prefix","falcon_native:prove","falcon_native:coordinates"],"span_id":4503599627370500}
{"ancestor_ids":[2251799813685249,2251799813685250,9007199254740995,6755399441055748],"elapsed_ms":0.001603,"event":"stage","fields":{},"name":"falcon_native:carries","parent":"falcon_native:prove","path":["falcon_bench:prove","falcon_hybrid:arithmetic_prefix","falcon_native:prove","falcon_native:carries"],"span_id":6755399441055748}
{"ancestor_ids":[2251799813685249,2251799813685250,9007199254740995,9007199254740996],"elapsed_ms":0.059552999999999995,"event":"stage","fields":{},"name":"falcon_native:collapse","parent":"falcon_native:prove","path":["falcon_bench:prove","falcon_hybrid:arithmetic_prefix","falcon_native:prove","falcon_native:collapse"],"span_id":9007199254740996}
{"ancestor_ids":[2251799813685249,2251799813685250,9007199254740995],"elapsed_ms":0.383706,"event":"stage","fields":{},"name":"falcon_native:prove","parent":"falcon_hybrid:arithmetic_prefix","path":["falcon_bench:prove","falcon_hybrid:arithmetic_prefix","falcon_native:prove"],"span_id":9007199254740995}
{"ancestor_ids":[2251799813685249,2251799813685250,11258999068426243],"elapsed_ms":0.35888899999999996,"event":"stage","fields":{},"name":"falcon_arithmetic:binding_target","parent":"falcon_hybrid:arithmetic_prefix","path":["falcon_bench:prove","falcon_hybrid:arithmetic_prefix","falcon_arithmetic:binding_target"],"span_id":11258999068426243}
{"ancestor_ids":[2251799813685249,2251799813685250,13510798882111491,11258999068426244],"elapsed_ms":2.7748220000000003,"event":"stage","fields":{},"name":"falcon_arithmetic:binding_template","parent":"falcon_arithmetic:binding_inner","path":["falcon_bench:prove","falcon_hybrid:arithmetic_prefix","falcon_arithmetic:binding_inner","falcon_arithmetic:binding_template"],"span_id":11258999068426244}
{"ancestor_ids":[2251799813685249,2251799813685250,13510798882111491,13510798882111492],"elapsed_ms":0.7361540000000001,"event":"stage","fields":{},"name":"inner_packed:prefix_accumulators","parent":"falcon_arithmetic:binding_inner","path":["falcon_bench:prove","falcon_hybrid:arithmetic_prefix","falcon_arithmetic:binding_inner","inner_packed:prefix_accumulators"],"span_id":13510798882111492}
{"ancestor_ids":[2251799813685249,2251799813685250,13510798882111491,15762598695796740],"elapsed_ms":2.227736,"event":"stage","fields":{},"name":"inner_packed:prepare_tail","parent":"falcon_arithmetic:binding_inner","path":["falcon_bench:prove","falcon_hybrid:arithmetic_prefix","falcon_arithmetic:binding_inner","inner_packed:prepare_tail"],"span_id":15762598695796740}
{"ancestor_ids":[2251799813685249,2251799813685250,13510798882111491,18014398509481988],"elapsed_ms":0.082036,"event":"stage","fields":{"round":3},"name":"inner_packed:fold_tail","parent":"falcon_arithmetic:binding_inner","path":["falcon_bench:prove","falcon_hybrid:arithmetic_prefix","falcon_arithmetic:binding_inner","inner_packed:fold_tail"],"span_id":18014398509481988}
{"ancestor_ids":[2251799813685249,2251799813685250,13510798882111491,20266198323167236],"elapsed_ms":1.46377,"event":"stage","fields":{"round":4},"name":"inner_packed:fold_tail","parent":"falcon_arithmetic:binding_inner","path":["falcon_bench:prove","falcon_hybrid:arithmetic_prefix","falcon_arithmetic:binding_inner","inner_packed:fold_tail"],"span_id":20266198323167236}
{"ancestor_ids":[2251799813685249,2251799813685250,13510798882111491,22517998136852484],"elapsed_ms":0.047008999999999995,"event":"stage","fields":{"round":5},"name":"inner_packed:fold_tail","parent":"falcon_arithmetic:binding_inner","path":["falcon_bench:prove","falcon_hybrid:arithmetic_prefix","falcon_arithmetic:binding_inner","inner_packed:fold_tail"],"span_id":22517998136852484}
{"ancestor_ids":[2251799813685249,2251799813685250,13510798882111491,24769797950537732],"elapsed_ms":0.045516,"event":"stage","fields":{"round":6},"name":"inner_packed:fold_tail","parent":"falcon_arithmetic:binding_inner","path":["falcon_bench:prove","falcon_hybrid:arithmetic_prefix","falcon_arithmetic:binding_inner","inner_packed:fold_tail"],"span_id":24769797950537732}
{"ancestor_ids":[2251799813685249,2251799813685250,13510798882111491,27021597764222980],"elapsed_ms":0.014056,"event":"stage","fields":{"round":7},"name":"inner_packed:fold_tail","parent":"falcon_arithmetic:binding_inner","path":["falcon_bench:prove","falcon_hybrid:arithmetic_prefix","falcon_arithmetic:binding_inner","inner_packed:fold_tail"],"span_id":27021597764222980}
{"ancestor_ids":[2251799813685249,2251799813685250,13510798882111491,29273397577908228],"elapsed_ms":0.00543,"event":"stage","fields":{"round":8},"name":"inner_packed:fold_tail","parent":"falcon_arithmetic:binding_inner","path":["falcon_bench:prove","falcon_hybrid:arithmetic_prefix","falcon_arithmetic:binding_inner","inner_packed:fold_tail"],"span_id":29273397577908228}
{"ancestor_ids":[2251799813685249,2251799813685250,13510798882111491,31525197391593476],"elapsed_ms":0.0029960000000000004,"event":"stage","fields":{"round":9},"name":"inner_packed:fold_tail","parent":"falcon_arithmetic:binding_inner","path":["falcon_bench:prove","falcon_hybrid:arithmetic_prefix","falcon_arithmetic:binding_inner","inner_packed:fold_tail"],"span_id":31525197391593476}
{"ancestor_ids":[2251799813685249,2251799813685250,13510798882111491,33776997205278724],"elapsed_ms":0.001813,"event":"stage","fields":{"round":10},"name":"inner_packed:fold_tail","parent":"falcon_arithmetic:binding_inner","path":["falcon_bench:prove","falcon_hybrid:arithmetic_prefix","falcon_arithmetic:binding_inner","inner_packed:fold_tail"],"span_id":33776997205278724}
{"ancestor_ids":[2251799813685249,2251799813685250,13510798882111491,36028797018963972],"elapsed_ms":0.001182,"event":"stage","fields":{"round":11},"name":"inner_packed:fold_tail","parent":"falcon_arithmetic:binding_inner","path":["falcon_bench:prove","falcon_hybrid:arithmetic_prefix","falcon_arithmetic:binding_inner","inner_packed:fold_tail"],"span_id":36028797018963972}
{"ancestor_ids":[2251799813685249,2251799813685250,13510798882111491,38280596832649220],"elapsed_ms":0.0008320000000000001,"event":"stage","fields":{"round":12},"name":"inner_packed:fold_tail","parent":"falcon_arithmetic:binding_inner","path":["falcon_bench:prove","falcon_hybrid:arithmetic_prefix","falcon_arithmetic:binding_inner","inner_packed:fold_tail"],"span_id":38280596832649220}
{"ancestor_ids":[2251799813685249,2251799813685250,13510798882111491,40532396646334468],"elapsed_ms":0.000701,"event":"stage","fields":{"round":13},"name":"inner_packed:fold_tail","parent":"falcon_arithmetic:binding_inner","path":["falcon_bench:prove","falcon_hybrid:arithmetic_prefix","falcon_arithmetic:binding_inner","inner_packed:fold_tail"],"span_id":40532396646334468}
{"ancestor_ids":[2251799813685249,2251799813685250,13510798882111491,42784196460019716],"elapsed_ms":0.000591,"event":"stage","fields":{"round":14},"name":"inner_packed:fold_tail","parent":"falcon_arithmetic:binding_inner","path":["falcon_bench:prove","falcon_hybrid:arithmetic_prefix","falcon_arithmetic:binding_inner","inner_packed:fold_tail"],"span_id":42784196460019716}
{"ancestor_ids":[2251799813685249,2251799813685250,13510798882111491,45035996273704964],"elapsed_ms":0.000541,"event":"stage","fields":{"round":15},"name":"inner_packed:fold_tail","parent":"falcon_arithmetic:binding_inner","path":["falcon_bench:prove","falcon_hybrid:arithmetic_prefix","falcon_arithmetic:binding_inner","inner_packed:fold_tail"],"span_id":45035996273704964}
{"ancestor_ids":[2251799813685249,2251799813685250,13510798882111491,47287796087390212],"elapsed_ms":0.000942,"event":"stage","fields":{"round":16},"name":"inner_packed:fold_tail","parent":"falcon_arithmetic:binding_inner","path":["falcon_bench:prove","falcon_hybrid:arithmetic_prefix","falcon_arithmetic:binding_inner","inner_packed:fold_tail"],"span_id":47287796087390212}
{"ancestor_ids":[2251799813685249,2251799813685250,13510798882111491],"elapsed_ms":7.9204110000000005,"event":"stage","fields":{},"name":"falcon_arithmetic:binding_inner","parent":"falcon_hybrid:arithmetic_prefix","path":["falcon_bench:prove","falcon_hybrid:arithmetic_prefix","falcon_arithmetic:binding_inner"],"span_id":13510798882111491}
{"ancestor_ids":[2251799813685249,2251799813685250],"elapsed_ms":11.513723,"event":"stage","fields":{},"name":"falcon_hybrid:arithmetic_prefix","parent":"falcon_bench:prove","path":["falcon_bench:prove","falcon_hybrid:arithmetic_prefix"],"span_id":2251799813685250}
{"ancestor_ids":[2251799813685249,4503599627370498,15762598695796739],"elapsed_ms":0.120138,"event":"stage","fields":{},"name":"falcon_bridge:integer_folds","parent":"falcon_hybrid:binary_bridge","path":["falcon_bench:prove","falcon_hybrid:binary_bridge","falcon_bridge:integer_folds"],"span_id":15762598695796739}
{"ancestor_ids":[2251799813685249,4503599627370498,18014398509481987],"elapsed_ms":0.024315999999999997,"event":"stage","fields":{},"name":"falcon_bridge:column_packing","parent":"falcon_hybrid:binary_bridge","path":["falcon_bench:prove","falcon_hybrid:binary_bridge","falcon_bridge:column_packing"],"span_id":18014398509481987}
{"ancestor_ids":[2251799813685249,4503599627370498,20266198323167235],"elapsed_ms":0.648577,"event":"stage","fields":{},"name":"falcon_bridge:power_tables","parent":"falcon_hybrid:binary_bridge","path":["falcon_bench:prove","falcon_hybrid:binary_bridge","falcon_bridge:power_tables"],"span_id":20266198323167235}
{"ancestor_ids":[2251799813685249,4503599627370498,22517998136852483],"elapsed_ms":2.865744,"event":"stage","fields":{},"name":"falcon_bridge:wfbitz_forest","parent":"falcon_hybrid:binary_bridge","path":["falcon_bench:prove","falcon_hybrid:binary_bridge","falcon_bridge:wfbitz_forest"],"span_id":22517998136852483}
{"ancestor_ids":[2251799813685249,4503599627370498],"elapsed_ms":3.9348380000000005,"event":"stage","fields":{},"name":"falcon_hybrid:binary_bridge","parent":"falcon_bench:prove","path":["falcon_bench:prove","falcon_hybrid:binary_bridge"],"span_id":4503599627370498}
{"ancestor_ids":[2251799813685249,6755399441055746],"elapsed_ms":13.592607,"event":"stage","fields":{},"name":"falcon_hybrid:keccak_prefix","parent":"falcon_bench:prove","path":["falcon_bench:prove","falcon_hybrid:keccak_prefix"],"span_id":6755399441055746}
{"ancestor_ids":[2251799813685249,9007199254740994],"elapsed_ms":2.131164,"event":"stage","fields":{},"name":"falcon_hybrid:link_coefficients","parent":"falcon_bench:prove","path":["falcon_bench:prove","falcon_hybrid:link_coefficients"],"span_id":9007199254740994}
{"ancestor_ids":[2251799813685249,11258999068426242,24769797950537731],"elapsed_ms":0.593363,"event":"stage","fields":{},"name":"falcon_joint:packed_setup","parent":"falcon_hybrid:joint_sumcheck","path":["falcon_bench:prove","falcon_hybrid:joint_sumcheck","falcon_joint:packed_setup"],"span_id":24769797950537731}
{"ancestor_ids":[2251799813685249,11258999068426242,27021597764222979],"elapsed_ms":0.072778,"event":"stage","fields":{},"name":"falcon_joint:prepare","parent":"falcon_hybrid:joint_sumcheck","path":["falcon_bench:prove","falcon_hybrid:joint_sumcheck","falcon_joint:prepare"],"span_id":27021597764222979}
{"ancestor_ids":[2251799813685249,11258999068426242,29273397577908227],"elapsed_ms":0.036829999999999995,"event":"stage","fields":{},"name":"falcon_joint:compact","parent":"falcon_hybrid:joint_sumcheck","path":["falcon_bench:prove","falcon_hybrid:joint_sumcheck","falcon_joint:compact"],"span_id":29273397577908227}
{"ancestor_ids":[2251799813685249,11258999068426242,31525197391593475],"elapsed_ms":0.0265,"event":"stage","fields":{},"name":"falcon_joint:compact","parent":"falcon_hybrid:joint_sumcheck","path":["falcon_bench:prove","falcon_hybrid:joint_sumcheck","falcon_joint:compact"],"span_id":31525197391593475}
{"ancestor_ids":[2251799813685249,11258999068426242,33776997205278723],"elapsed_ms":0.010449,"event":"stage","fields":{},"name":"falcon_joint:dense","parent":"falcon_hybrid:joint_sumcheck","path":["falcon_bench:prove","falcon_hybrid:joint_sumcheck","falcon_joint:dense"],"span_id":33776997205278723}
{"ancestor_ids":[2251799813685249,11258999068426242,36028797018963971],"elapsed_ms":0.001984,"event":"stage","fields":{},"name":"falcon_joint:dense","parent":"falcon_hybrid:joint_sumcheck","path":["falcon_bench:prove","falcon_hybrid:joint_sumcheck","falcon_joint:dense"],"span_id":36028797018963971}
{"ancestor_ids":[2251799813685249,11258999068426242,38280596832649219],"elapsed_ms":0.001082,"event":"stage","fields":{},"name":"falcon_joint:dense","parent":"falcon_hybrid:joint_sumcheck","path":["falcon_bench:prove","falcon_hybrid:joint_sumcheck","falcon_joint:dense"],"span_id":38280596832649219}
{"ancestor_ids":[2251799813685249,11258999068426242,40532396646334467],"elapsed_ms":0.000771,"event":"stage","fields":{},"name":"falcon_joint:dense","parent":"falcon_hybrid:joint_sumcheck","path":["falcon_bench:prove","falcon_hybrid:joint_sumcheck","falcon_joint:dense"],"span_id":40532396646334467}
{"ancestor_ids":[2251799813685249,11258999068426242,42784196460019715],"elapsed_ms":0.0006309999999999999,"event":"stage","fields":{},"name":"falcon_joint:dense","parent":"falcon_hybrid:joint_sumcheck","path":["falcon_bench:prove","falcon_hybrid:joint_sumcheck","falcon_joint:dense"],"span_id":42784196460019715}
{"ancestor_ids":[2251799813685249,11258999068426242,45035996273704963],"elapsed_ms":0.000541,"event":"stage","fields":{},"name":"falcon_joint:dense","parent":"falcon_hybrid:joint_sumcheck","path":["falcon_bench:prove","falcon_hybrid:joint_sumcheck","falcon_joint:dense"],"span_id":45035996273704963}
{"ancestor_ids":[2251799813685249,11258999068426242,47287796087390211],"elapsed_ms":0.00046100000000000004,"event":"stage","fields":{},"name":"falcon_joint:dense","parent":"falcon_hybrid:joint_sumcheck","path":["falcon_bench:prove","falcon_hybrid:joint_sumcheck","falcon_joint:dense"],"span_id":47287796087390211}
{"ancestor_ids":[2251799813685249,11258999068426242,49539595901075459],"elapsed_ms":0.000441,"event":"stage","fields":{},"name":"falcon_joint:dense","parent":"falcon_hybrid:joint_sumcheck","path":["falcon_bench:prove","falcon_hybrid:joint_sumcheck","falcon_joint:dense"],"span_id":49539595901075459}
{"ancestor_ids":[2251799813685249,11258999068426242,51791395714760707],"elapsed_ms":0.000451,"event":"stage","fields":{},"name":"falcon_joint:dense","parent":"falcon_hybrid:joint_sumcheck","path":["falcon_bench:prove","falcon_hybrid:joint_sumcheck","falcon_joint:dense"],"span_id":51791395714760707}
{"ancestor_ids":[2251799813685249,11258999068426242,54043195528445955],"elapsed_ms":0.000521,"event":"stage","fields":{},"name":"falcon_joint:dense","parent":"falcon_hybrid:joint_sumcheck","path":["falcon_bench:prove","falcon_hybrid:joint_sumcheck","falcon_joint:dense"],"span_id":54043195528445955}
{"ancestor_ids":[2251799813685249,11258999068426242,56294995342131203],"elapsed_ms":0.00046100000000000004,"event":"stage","fields":{},"name":"falcon_joint:dense","parent":"falcon_hybrid:joint_sumcheck","path":["falcon_bench:prove","falcon_hybrid:joint_sumcheck","falcon_joint:dense"],"span_id":56294995342131203}
{"ancestor_ids":[2251799813685249,11258999068426242,58546795155816451],"elapsed_ms":0.00041,"event":"stage","fields":{},"name":"falcon_joint:dense","parent":"falcon_hybrid:joint_sumcheck","path":["falcon_bench:prove","falcon_hybrid:joint_sumcheck","falcon_joint:dense"],"span_id":58546795155816451}
{"ancestor_ids":[2251799813685249,11258999068426242],"elapsed_ms":2.091368,"event":"stage","fields":{},"name":"falcon_hybrid:joint_sumcheck","parent":"falcon_bench:prove","path":["falcon_bench:prove","falcon_hybrid:joint_sumcheck"],"span_id":11258999068426242}
{"ancestor_ids":[2251799813685249,13510798882111490,60798594969501699],"elapsed_ms":0.234955,"event":"stage","fields":{},"name":"op:ring_switch","parent":"falcon_hybrid:shared_opening","path":["falcon_bench:prove","falcon_hybrid:shared_opening","op:ring_switch"],"span_id":60798594969501699}
{"ancestor_ids":[2251799813685249,13510798882111490,63050394783186947,49539595901075460],"elapsed_ms":0.251345,"event":"stage","fields":{},"name":"op:initial_messages","parent":"op:extra_bases","path":["falcon_bench:prove","falcon_hybrid:shared_opening","op:extra_bases","op:initial_messages"],"span_id":49539595901075460}
{"ancestor_ids":[2251799813685249,13510798882111490,63050394783186947],"elapsed_ms":0.276252,"event":"stage","fields":{},"name":"op:extra_bases","parent":"falcon_hybrid:shared_opening","path":["falcon_bench:prove","falcon_hybrid:shared_opening","op:extra_bases"],"span_id":63050394783186947}
{"ancestor_ids":[2251799813685249,13510798882111490,65302194596872195,51791395714760708],"elapsed_ms":0.098126,"event":"stage","fields":{},"name":"op:deferred_first_fold","parent":"op:ligerito","path":["falcon_bench:prove","falcon_hybrid:shared_opening","op:ligerito","op:deferred_first_fold"],"span_id":51791395714760708}
{"ancestor_ids":[2251799813685249,13510798882111490,65302194596872195,54043195528445956],"elapsed_ms":0.005901,"event":"stage","fields":{"bits":6,"nonce":25,"seed_hi":7419020515190270043,"seed_lo":10210736076623616906},"name":"lig:grind_pow","parent":"op:ligerito","path":["falcon_bench:prove","falcon_hybrid:shared_opening","op:ligerito","lig:grind_pow"],"span_id":54043195528445956}
{"ancestor_ids":[2251799813685249,13510798882111490,65302194596872195,56294995342131204],"elapsed_ms":0.004949,"event":"stage","fields":{"bits":6,"nonce":68,"seed_hi":9829273697194701629,"seed_lo":3806133193670112025},"name":"lig:grind_pow","parent":"op:ligerito","path":["falcon_bench:prove","falcon_hybrid:shared_opening","op:ligerito","lig:grind_pow"],"span_id":56294995342131204}
{"ancestor_ids":[2251799813685249,13510798882111490,65302194596872195,58546795155816452],"elapsed_ms":0.004608,"event":"stage","fields":{"bits":6,"nonce":3,"seed_hi":2180318589772059500,"seed_lo":11758060278182290527},"name":"lig:grind_pow","parent":"op:ligerito","path":["falcon_bench:prove","falcon_hybrid:shared_opening","op:ligerito","lig:grind_pow"],"span_id":58546795155816452}
{"ancestor_ids":[2251799813685249,13510798882111490,65302194596872195],"elapsed_ms":0.96671,"event":"stage","fields":{},"name":"op:ligerito","parent":"falcon_hybrid:shared_opening","path":["falcon_bench:prove","falcon_hybrid:shared_opening","op:ligerito"],"span_id":65302194596872195}
{"ancestor_ids":[2251799813685249,13510798882111490],"elapsed_ms":1.523815,"event":"stage","fields":{},"name":"falcon_hybrid:shared_opening","parent":"falcon_bench:prove","path":["falcon_bench:prove","falcon_hybrid:shared_opening"],"span_id":13510798882111490}
{"ancestor_ids":[2251799813685249],"elapsed_ms":34.903182,"event":"stage","fields":{"trial":0},"name":"falcon_bench:prove","parent":null,"path":["falcon_bench:prove"],"span_id":2251799813685249}
{"ancestor_ids":[4503599627370497,15762598695796738,67553994410557443],"elapsed_ms":0.06578400000000001,"event":"stage","fields":{},"name":"falcon_native:projection_public","parent":"falcon_native:verify","path":["falcon_bench:verify","falcon_native:verify","falcon_native:projection_public"],"span_id":67553994410557443}
{"ancestor_ids":[4503599627370497,15762598695796738,69805794224242691],"elapsed_ms":0.064051,"event":"stage","fields":{},"name":"falcon_native:coordinates","parent":"falcon_native:verify","path":["falcon_bench:verify","falcon_native:verify","falcon_native:coordinates"],"span_id":69805794224242691}
{"ancestor_ids":[4503599627370497,15762598695796738,72057594037927939],"elapsed_ms":0.104558,"event":"stage","fields":{},"name":"falcon_native:collapse","parent":"falcon_native:verify","path":["falcon_bench:verify","falcon_native:verify","falcon_native:collapse"],"span_id":72057594037927939}
{"ancestor_ids":[4503599627370497,15762598695796738],"elapsed_ms":0.386882,"event":"stage","fields":{},"name":"falcon_native:verify","parent":"falcon_bench:verify","path":["falcon_bench:verify","falcon_native:verify"],"span_id":15762598695796738}
{"ancestor_ids":[4503599627370497],"elapsed_ms":16.810458,"event":"stage","fields":{"trial":0},"name":"falcon_bench:verify","parent":null,"path":["falcon_bench:verify"],"span_id":4503599627370497}
