	Command being timed: "/home/john-wu/code/BitZ-pcs-run/.tmp/falcon-v3/falcon_v3 --security 128 --batch 1024 --threads 16 --seed 46 --warmup 1 --iterations 3 --protocol shared-prime"
	User time (seconds): 59.56
	System time (seconds): 4.62
	Percent of CPU this job got: 462%
	Elapsed (wall clock) time (h:mm:ss or m:ss): 0:13.89
	Average shared text size (kbytes): 0
	Average unshared data size (kbytes): 0
	Average stack size (kbytes): 0
	Average total size (kbytes): 0
	Maximum resident set size (kbytes): 3531896
	Average resident set size (kbytes): 0
	Major (requiring I/O) page faults: 0
	Minor (reclaiming a frame) page faults: 2897765
	Voluntary context switches: 49544
	Involuntary context switches: 27054
	Swaps: 0
	File system inputs: 0
	File system outputs: 32
	Socket messages sent: 0
	Socket messages received: 0
	Signals delivered: 0
	Page size (bytes): 4096
	Exit status: 0
