	Command being timed: "/home/john-wu/code/BitZ-pcs-run/.tmp/falcon-v3/falcon_v3 --security 128 --batch 1024 --threads 16 --seed 44 --warmup 1 --iterations 3 --protocol shared-prime"
	User time (seconds): 59.64
	System time (seconds): 4.46
	Percent of CPU this job got: 465%
	Elapsed (wall clock) time (h:mm:ss or m:ss): 0:13.77
	Average shared text size (kbytes): 0
	Average unshared data size (kbytes): 0
	Average stack size (kbytes): 0
	Average total size (kbytes): 0
	Maximum resident set size (kbytes): 3491476
	Average resident set size (kbytes): 0
	Major (requiring I/O) page faults: 0
	Minor (reclaiming a frame) page faults: 2917777
	Voluntary context switches: 48012
	Involuntary context switches: 9727
	Swaps: 0
	File system inputs: 0
	File system outputs: 32
	Socket messages sent: 0
	Socket messages received: 0
	Signals delivered: 0
	Page size (bytes): 4096
	Exit status: 0
