	Command being timed: "/home/john-wu/code/BitZ-pcs-run/.tmp/falcon-shared-candidate-e370e3b35da692d86e814c687e597c3a1d0a6bea/falcon_hybrid_e370e3b35da6 --security 100 --batch 1024 --threads 16 --seed 46 --warmup 1 --iterations 3 --protocol shared-prime"
	User time (seconds): 49.84
	System time (seconds): 4.68
	Percent of CPU this job got: 410%
	Elapsed (wall clock) time (h:mm:ss or m:ss): 0:13.27
	Average shared text size (kbytes): 0
	Average unshared data size (kbytes): 0
	Average stack size (kbytes): 0
	Average total size (kbytes): 0
	Maximum resident set size (kbytes): 3506336
	Average resident set size (kbytes): 0
	Major (requiring I/O) page faults: 0
	Minor (reclaiming a frame) page faults: 2895757
	Voluntary context switches: 38554
	Involuntary context switches: 7143
	Swaps: 0
	File system inputs: 0
	File system outputs: 16
	Socket messages sent: 0
	Socket messages received: 0
	Signals delivered: 0
	Page size (bytes): 4096
	Exit status: 0
