arch=aarch64 shared_kernel=neon sha3=true seed=1754396
RUNTIME {"aes":true,"arch":"aarch64","arithmetic_campaign":true,"avx512f":false,"baseline_all_core_threads":1,"caller_threads":1,"candidate_all_core_threads":0,"candidate_mul_kernel":"arm-pmull-scalar-lanes","candidate_snapshot":false,"flock_kernel":"arm-pmull","pclmulqdq":false,"seed":1754396,"sha3":true,"shared_kernel":"neon","vpclmulqdq":false}
correctness: all basis products, 4096 random products, square/encoding/inversion, dot tails passed
completed opt_integer_mac/l1_signed16_n1024: 5 variants, 64 paired samples
completed opt_integer_mac/l1_full_n1024: 5 variants, 64 paired samples
completed opt_integer_mac/l1_full_n65536: 5 variants, 64 paired samples
completed opt_projection/q128_l2_n16: 4 variants, 64 paired samples
completed opt_uint_add/l1_n1024: 2 variants, 64 paired samples
completed opt_uint_checked_add/l1_n1024: 2 variants, 64 paired samples
completed opt_uint_sub/l1_n1024: 2 variants, 64 paired samples
completed opt_uint_sub/l2_n1024: 2 variants, 64 paired samples
completed opt_uint_checked_sub/l2_n1024: 2 variants, 64 paired samples
completed opt_uint_sub/l4_n16: 2 variants, 64 paired samples
completed opt_uint_sub/l4_n1024: 2 variants, 64 paired samples
completed opt_uint_sub/l9_n16: 2 variants, 64 paired samples
completed opt_uint_sub/l9_n1024: 2 variants, 64 paired samples
completed opt_prime_dot/q100_n16: 3 variants, 64 paired samples
completed opt_prime_linear/q100_n16: 2 variants, 64 paired samples
completed opt_prime_dot/q128_n16: 3 variants, 64 paired samples
completed opt_prime_linear/q128_n16: 2 variants, 64 paired samples
completed opt_ood_reuse/log18: 2 variants, 64 paired samples
completed opt_ntt/log15_lanes8: 2 variants, 64 paired samples
completed opt_ntt/log16_lanes32: 2 variants, 64 paired samples
completed opt_ntt/log18_lanes32: 2 variants, 64 paired samples
completed opt_packed_ood/logs16_14: 2 variants, 64 paired samples
CORRECTNESS_COMPLETE
