[781.072]    perfetto_c.cc:266631 Configured tracing session 1, #sources:1, duration:0 ms, #buffers:1, total buffer size:65536 KB, total sessions:1, uid:0 session name: ""
[781.715]    perfetto_c.cc:268393 Tracing session 1 ended, total sessions:0
[781.760]    perfetto_c.cc:266631 Configured tracing session 2, #sources:1, duration:0 ms, #buffers:1, total buffer size:65536 KB, total sessions:1, uid:0 session name: ""
[782.406]    perfetto_c.cc:268393 Tracing session 2 ended, total sessions:0
[782.457]    perfetto_c.cc:266631 Configured tracing session 3, #sources:1, duration:0 ms, #buffers:1, total buffer size:65536 KB, total sessions:1, uid:0 session name: ""
[783.082]    perfetto_c.cc:268393 Tracing session 3 ended, total sessions:0
[783.133]    perfetto_c.cc:266631 Configured tracing session 4, #sources:1, duration:0 ms, #buffers:1, total buffer size:65536 KB, total sessions:1, uid:0 session name: ""
[783.796]    perfetto_c.cc:268393 Tracing session 4 ended, total sessions:0
[783.848]    perfetto_c.cc:266631 Configured tracing session 5, #sources:1, duration:0 ms, #buffers:1, total buffer size:65536 KB, total sessions:1, uid:0 session name: ""
[784.606]    perfetto_c.cc:268393 Tracing session 5 ended, total sessions:0
[784.657]    perfetto_c.cc:266631 Configured tracing session 6, #sources:1, duration:0 ms, #buffers:1, total buffer size:65536 KB, total sessions:1, uid:0 session name: ""
[785.334]    perfetto_c.cc:268393 Tracing session 6 ended, total sessions:0
[785.392]    perfetto_c.cc:266631 Configured tracing session 7, #sources:1, duration:0 ms, #buffers:1, total buffer size:65536 KB, total sessions:1, uid:0 session name: ""
[786.087]    perfetto_c.cc:268393 Tracing session 7 ended, total sessions:0
        5.14 real        18.91 user         0.70 sys
          1046036480  maximum resident set size
                   0  average shared memory size
                   0  average unshared data size
                   0  average unshared stack size
              109975  page reclaims
                 245  page faults
                   0  swaps
                   0  block input operations
                   0  block output operations
                   0  messages sent
                   0  messages received
                   0  signals received
                  69  voluntary context switches
               70074  involuntary context switches
        102469841141  instructions retired
         58147752494  cycles elapsed
          1022739776  peak memory footprint
