arch=aarch64 shared_kernel=neon sha3=true seed=120567
RUNTIME {"aes":true,"arch":"aarch64","avx512f":false,"baseline_all_core_threads":1,"caller_threads":1,"candidate_all_core_threads":1,"candidate_mul_kernel":"arm-pmull-scalar-lanes","candidate_snapshot":true,"flock_kernel":"arm-pmull-binius6","pclmulqdq":false,"seed":120567,"sha3":true,"shared_kernel":"neon","vpclmulqdq":false}
correctness: all basis products, 4096 random products, square/encoding/inversion, dot tails passed
completed products/16: 9 variants, 64 paired samples
completed products/65536: 9 variants, 64 paired samples
completed products/1048576: 9 variants, 64 paired samples
completed chain/16: 6 variants, 64 paired samples
completed chain/65536: 6 variants, 64 paired samples
completed butterfly/zero_n16: 5 variants, 64 paired samples
completed fixed/zero_n1024: 5 variants, 64 paired samples
completed butterfly/zero_n1024: 5 variants, 64 paired samples
completed fixed/zero_n65536: 5 variants, 64 paired samples
completed butterfly/zero_n65536: 5 variants, 64 paired samples
completed fixed/zero_n1048576: 5 variants, 64 paired samples
completed butterfly/zero_n1048576: 5 variants, 64 paired samples
completed butterfly/half_n16: 5 variants, 64 paired samples
completed fixed/half_n1024: 5 variants, 64 paired samples
completed butterfly/half_n1024: 5 variants, 64 paired samples
completed fixed/half_n65536: 5 variants, 64 paired samples
completed butterfly/half_n65536: 5 variants, 64 paired samples
completed fixed/half_n1048576: 5 variants, 64 paired samples
completed butterfly/half_n1048576: 5 variants, 64 paired samples
completed butterfly/full_n16: 5 variants, 64 paired samples
completed fixed/full_n1024: 5 variants, 64 paired samples
completed butterfly/full_n1024: 5 variants, 64 paired samples
completed butterfly/full_n65536: 5 variants, 64 paired samples
completed fixed/full_n1048576: 5 variants, 64 paired samples
completed butterfly/full_n1048576: 5 variants, 64 paired samples
NTT setup log=12: 15500 ns
NTT candidate setup log=12: 14708 ns
completed ntt/log12_lanes8: 6 variants, 64 paired samples
NTT setup log=17: 21125 ns
NTT candidate setup log=17: 25000 ns
completed ntt/log17_lanes32: 6 variants, 64 paired samples
NTT setup log=18: 22416 ns
NTT candidate setup log=18: 28084 ns
completed ntt/log18_lanes32: 6 variants, 64 paired samples
CORRECTNESS_COMPLETE
