arch=aarch64 shared_kernel=neon sha3=true seed=2718281
RUNTIME {"aes":true,"arch":"aarch64","arithmetic_campaign":true,"avx512f":false,"baseline_all_core_threads":10,"caller_threads":10,"candidate_all_core_threads":0,"candidate_mul_kernel":"arm-pmull-scalar-lanes","candidate_snapshot":false,"flock_kernel":"arm-pmull","pclmulqdq":false,"seed":2718281,"sha3":true,"shared_kernel":"neon","vpclmulqdq":false}
correctness: all basis products, 4096 random products, square/encoding/inversion, dot tails passed
completed opt_ood/log10: 6 variants, 32 paired samples
completed opt_ood_reuse/log10: 3 variants, 32 paired samples
completed opt_ood/log16: 6 variants, 32 paired samples
completed opt_ood_reuse/log16: 3 variants, 32 paired samples
completed opt_ood/log18: 6 variants, 32 paired samples
completed opt_ood_reuse/log18: 3 variants, 32 paired samples
completed opt_ntt/log8_lanes1: 4 variants, 32 paired samples
completed opt_ntt/log8_lanes32: 4 variants, 32 paired samples
completed opt_ntt/log12_lanes8: 4 variants, 32 paired samples
completed opt_ntt/log15_lanes8: 4 variants, 32 paired samples
completed opt_ntt/log15_lanes32: 4 variants, 32 paired samples
completed opt_ntt/log16_lanes32: 4 variants, 32 paired samples
completed opt_ntt/log18_lanes32: 4 variants, 32 paired samples
completed opt_pack/logs9_9: 3 variants, 32 paired samples
completed opt_packed_ood/logs9_9: 3 variants, 32 paired samples
completed opt_pack/logs16_14: 3 variants, 32 paired samples
completed opt_packed_ood/logs16_14: 3 variants, 32 paired samples
completed opt_pack/logs18_18: 3 variants, 32 paired samples
completed opt_packed_ood/logs18_18: 3 variants, 32 paired samples
CORRECTNESS_COMPLETE
