warning: unused import: `composite::prove_composite_inner_sumcheck`
   --> src/piop/spartan/sha256/inner_sumcheck.rs:219:16
    |
219 | pub(crate) use composite::prove_composite_inner_sumcheck;
    |                ^^^^^^^^^^^^^^^^^^^^^^^^^^^^^^^^^^^^^^^^^
    |
    = note: `#[warn(unused_imports)]` (part of `#[warn(unused)]`) on by default

warning: unused import: `EqualityWeights`
 --> src/poly/mle.rs:5:36
  |
5 |     CompositeMultilinearExtension, EqualityWeights, FactoredMultilinearExtension,
  |                                    ^^^^^^^^^^^^^^^

warning[E0133]: call to function `std::arch::aarch64::vreinterpretq_u32_u16` with `#[target_feature]` is unsafe and requires unsafe block
   --> src/utils/blake3x4.rs:119:9
    |
119 |         vreinterpretq_u32_u16(vrev32q_u16(vreinterpretq_u16_u32(x)))
    |         ^^^^^^^^^^^^^^^^^^^^^^^^^^^^^^^^^^^^^^^^^^^^^^^^^^^^^^^^^^^^ call to function with `#[target_feature]`
    |
    = help: in order for the call to be safe, the context requires the following additional target feature: neon
    = note: the neon target feature being enabled in the build configuration does not remove the requirement to list it in `#[target_feature]`
note: an unsafe function restricts its caller, but its body is safe by default
   --> src/utils/blake3x4.rs:118:5
    |
118 |     unsafe fn rotr16(x: uint32x4_t) -> uint32x4_t {
    |     ^^^^^^^^^^^^^^^^^^^^^^^^^^^^^^^^^^^^^^^^^^^^^
    = note: for more information, see <https://doc.rust-lang.org/edition-guide/rust-2024/unsafe-op-in-unsafe-fn.html>
    = note: `#[warn(unsafe_op_in_unsafe_fn)]` (part of `#[warn(rust_2024_compatibility)]`) on by default

warning[E0133]: call to function `std::arch::aarch64::vrev32q_u16` with `#[target_feature]` is unsafe and requires unsafe block
   --> src/utils/blake3x4.rs:119:31
    |
119 |         vreinterpretq_u32_u16(vrev32q_u16(vreinterpretq_u16_u32(x)))
    |                               ^^^^^^^^^^^^^^^^^^^^^^^^^^^^^^^^^^^^^ call to function with `#[target_feature]`
    |
    = help: in order for the call to be safe, the context requires the following additional target feature: neon
    = note: the neon target feature being enabled in the build configuration does not remove the requirement to list it in `#[target_feature]`
    = note: for more information, see <https://doc.rust-lang.org/edition-guide/rust-2024/unsafe-op-in-unsafe-fn.html>

warning[E0133]: call to function `std::arch::aarch64::vreinterpretq_u16_u32` with `#[target_feature]` is unsafe and requires unsafe block
   --> src/utils/blake3x4.rs:119:43
    |
119 |         vreinterpretq_u32_u16(vrev32q_u16(vreinterpretq_u16_u32(x)))
    |                                           ^^^^^^^^^^^^^^^^^^^^^^^^ call to function with `#[target_feature]`
    |
    = help: in order for the call to be safe, the context requires the following additional target feature: neon
    = note: the neon target feature being enabled in the build configuration does not remove the requirement to list it in `#[target_feature]`
    = note: for more information, see <https://doc.rust-lang.org/edition-guide/rust-2024/unsafe-op-in-unsafe-fn.html>

warning[E0133]: call to function `std::arch::aarch64::vsriq_n_u32` with `#[target_feature]` is unsafe and requires unsafe block
   --> src/utils/blake3x4.rs:123:9
    |
123 |         vsriq_n_u32::<12>(vshlq_n_u32::<20>(x), x)
    |         ^^^^^^^^^^^^^^^^^^^^^^^^^^^^^^^^^^^^^^^^^^ call to function with `#[target_feature]`
    |
    = help: in order for the call to be safe, the context requires the following additional target feature: neon
    = note: the neon target feature being enabled in the build configuration does not remove the requirement to list it in `#[target_feature]`
note: an unsafe function restricts its caller, but its body is safe by default
   --> src/utils/blake3x4.rs:122:5
    |
122 |     unsafe fn rotr12(x: uint32x4_t) -> uint32x4_t {
    |     ^^^^^^^^^^^^^^^^^^^^^^^^^^^^^^^^^^^^^^^^^^^^^
    = note: for more information, see <https://doc.rust-lang.org/edition-guide/rust-2024/unsafe-op-in-unsafe-fn.html>

warning[E0133]: call to function `std::arch::aarch64::vshlq_n_u32` with `#[target_feature]` is unsafe and requires unsafe block
   --> src/utils/blake3x4.rs:123:27
    |
123 |         vsriq_n_u32::<12>(vshlq_n_u32::<20>(x), x)
    |                           ^^^^^^^^^^^^^^^^^^^^ call to function with `#[target_feature]`
    |
    = help: in order for the call to be safe, the context requires the following additional target feature: neon
    = note: the neon target feature being enabled in the build configuration does not remove the requirement to list it in `#[target_feature]`
    = note: for more information, see <https://doc.rust-lang.org/edition-guide/rust-2024/unsafe-op-in-unsafe-fn.html>

warning[E0133]: call to function `std::arch::aarch64::vreinterpretq_u32_u8` with `#[target_feature]` is unsafe and requires unsafe block
   --> src/utils/blake3x4.rs:127:9
    |
127 |         vreinterpretq_u32_u8(vqtbl1q_u8(vreinterpretq_u8_u32(x), idx))
    |         ^^^^^^^^^^^^^^^^^^^^^^^^^^^^^^^^^^^^^^^^^^^^^^^^^^^^^^^^^^^^^^ call to function with `#[target_feature]`
    |
    = help: in order for the call to be safe, the context requires the following additional target feature: neon
    = note: the neon target feature being enabled in the build configuration does not remove the requirement to list it in `#[target_feature]`
note: an unsafe function restricts its caller, but its body is safe by default
   --> src/utils/blake3x4.rs:126:5
    |
126 |     unsafe fn rotr8(x: uint32x4_t, idx: uint8x16_t) -> uint32x4_t {
    |     ^^^^^^^^^^^^^^^^^^^^^^^^^^^^^^^^^^^^^^^^^^^^^^^^^^^^^^^^^^^^^
    = note: for more information, see <https://doc.rust-lang.org/edition-guide/rust-2024/unsafe-op-in-unsafe-fn.html>

warning[E0133]: call to function `std::arch::aarch64::vqtbl1q_u8` with `#[target_feature]` is unsafe and requires unsafe block
   --> src/utils/blake3x4.rs:127:30
    |
127 |         vreinterpretq_u32_u8(vqtbl1q_u8(vreinterpretq_u8_u32(x), idx))
    |                              ^^^^^^^^^^^^^^^^^^^^^^^^^^^^^^^^^^^^^^^^ call to function with `#[target_feature]`
    |
    = help: in order for the call to be safe, the context requires the following additional target feature: neon
    = note: the neon target feature being enabled in the build configuration does not remove the requirement to list it in `#[target_feature]`
    = note: for more information, see <https://doc.rust-lang.org/edition-guide/rust-2024/unsafe-op-in-unsafe-fn.html>

warning[E0133]: call to function `std::arch::aarch64::vreinterpretq_u8_u32` with `#[target_feature]` is unsafe and requires unsafe block
   --> src/utils/blake3x4.rs:127:41
    |
127 |         vreinterpretq_u32_u8(vqtbl1q_u8(vreinterpretq_u8_u32(x), idx))
    |                                         ^^^^^^^^^^^^^^^^^^^^^^^ call to function with `#[target_feature]`
    |
    = help: in order for the call to be safe, the context requires the following additional target feature: neon
    = note: the neon target feature being enabled in the build configuration does not remove the requirement to list it in `#[target_feature]`
    = note: for more information, see <https://doc.rust-lang.org/edition-guide/rust-2024/unsafe-op-in-unsafe-fn.html>

warning[E0133]: call to function `std::arch::aarch64::vsriq_n_u32` with `#[target_feature]` is unsafe and requires unsafe block
   --> src/utils/blake3x4.rs:131:9
    |
131 |         vsriq_n_u32::<7>(vshlq_n_u32::<25>(x), x)
    |         ^^^^^^^^^^^^^^^^^^^^^^^^^^^^^^^^^^^^^^^^^ call to function with `#[target_feature]`
    |
    = help: in order for the call to be safe, the context requires the following additional target feature: neon
    = note: the neon target feature being enabled in the build configuration does not remove the requirement to list it in `#[target_feature]`
note: an unsafe function restricts its caller, but its body is safe by default
   --> src/utils/blake3x4.rs:130:5
    |
130 |     unsafe fn rotr7(x: uint32x4_t) -> uint32x4_t {
    |     ^^^^^^^^^^^^^^^^^^^^^^^^^^^^^^^^^^^^^^^^^^^^
    = note: for more information, see <https://doc.rust-lang.org/edition-guide/rust-2024/unsafe-op-in-unsafe-fn.html>

warning[E0133]: call to function `std::arch::aarch64::vshlq_n_u32` with `#[target_feature]` is unsafe and requires unsafe block
   --> src/utils/blake3x4.rs:131:26
    |
131 |         vsriq_n_u32::<7>(vshlq_n_u32::<25>(x), x)
    |                          ^^^^^^^^^^^^^^^^^^^^ call to function with `#[target_feature]`
    |
    = help: in order for the call to be safe, the context requires the following additional target feature: neon
    = note: the neon target feature being enabled in the build configuration does not remove the requirement to list it in `#[target_feature]`
    = note: for more information, see <https://doc.rust-lang.org/edition-guide/rust-2024/unsafe-op-in-unsafe-fn.html>

warning[E0133]: call to function `std::arch::aarch64::vaddq_u32` with `#[target_feature]` is unsafe and requires unsafe block
   --> src/utils/blake3x4.rs:152:20
    |
152 |             v[a] = vaddq_u32(vaddq_u32(v[a], v[b]), x);
    |                    ^^^^^^^^^^^^^^^^^^^^^^^^^^^^^^^^^^^ call to function with `#[target_feature]`
    |
    = help: in order for the call to be safe, the context requires the following additional target feature: neon
    = note: the neon target feature being enabled in the build configuration does not remove the requirement to list it in `#[target_feature]`
note: an unsafe function restricts its caller, but its body is safe by default
   --> src/utils/blake3x4.rs:141:5
    |
141 | /     unsafe fn g(
142 | |         v: &mut [[uint32x4_t; 16]; GROUPS],
143 | |         a: usize,
144 | |         b: usize,
...   |
149 | |         idx: uint8x16_t,
150 | |     ) {
    | |_____^
    = note: for more information, see <https://doc.rust-lang.org/edition-guide/rust-2024/unsafe-op-in-unsafe-fn.html>

warning[E0133]: call to function `std::arch::aarch64::vaddq_u32` with `#[target_feature]` is unsafe and requires unsafe block
   --> src/utils/blake3x4.rs:152:30
    |
152 |             v[a] = vaddq_u32(vaddq_u32(v[a], v[b]), x);
    |                              ^^^^^^^^^^^^^^^^^^^^^ call to function with `#[target_feature]`
    |
    = help: in order for the call to be safe, the context requires the following additional target feature: neon
    = note: the neon target feature being enabled in the build configuration does not remove the requirement to list it in `#[target_feature]`
    = note: for more information, see <https://doc.rust-lang.org/edition-guide/rust-2024/unsafe-op-in-unsafe-fn.html>

warning[E0133]: call to unsafe function `utils::blake3x4::neon::rotr16` is unsafe and requires unsafe block
   --> src/utils/blake3x4.rs:153:20
    |
153 |             v[d] = rotr16(veorq_u32(v[d], v[a]));
    |                    ^^^^^^^^^^^^^^^^^^^^^^^^^^^^^ call to unsafe function
    |
    = note: consult the function's documentation for information on how to avoid undefined behavior
    = note: for more information, see <https://doc.rust-lang.org/edition-guide/rust-2024/unsafe-op-in-unsafe-fn.html>

warning[E0133]: call to function `std::arch::aarch64::veorq_u32` with `#[target_feature]` is unsafe and requires unsafe block
   --> src/utils/blake3x4.rs:153:27
    |
153 |             v[d] = rotr16(veorq_u32(v[d], v[a]));
    |                           ^^^^^^^^^^^^^^^^^^^^^ call to function with `#[target_feature]`
    |
    = help: in order for the call to be safe, the context requires the following additional target feature: neon
    = note: the neon target feature being enabled in the build configuration does not remove the requirement to list it in `#[target_feature]`
    = note: for more information, see <https://doc.rust-lang.org/edition-guide/rust-2024/unsafe-op-in-unsafe-fn.html>

warning[E0133]: call to function `std::arch::aarch64::vaddq_u32` with `#[target_feature]` is unsafe and requires unsafe block
   --> src/utils/blake3x4.rs:154:20
    |
154 |             v[c] = vaddq_u32(v[c], v[d]);
    |                    ^^^^^^^^^^^^^^^^^^^^^ call to function with `#[target_feature]`
    |
    = help: in order for the call to be safe, the context requires the following additional target feature: neon
    = note: the neon target feature being enabled in the build configuration does not remove the requirement to list it in `#[target_feature]`
    = note: for more information, see <https://doc.rust-lang.org/edition-guide/rust-2024/unsafe-op-in-unsafe-fn.html>

warning[E0133]: call to unsafe function `utils::blake3x4::neon::rotr12` is unsafe and requires unsafe block
   --> src/utils/blake3x4.rs:155:20
    |
155 |             v[b] = rotr12(veorq_u32(v[b], v[c]));
    |                    ^^^^^^^^^^^^^^^^^^^^^^^^^^^^^ call to unsafe function
    |
    = note: consult the function's documentation for information on how to avoid undefined behavior
    = note: for more information, see <https://doc.rust-lang.org/edition-guide/rust-2024/unsafe-op-in-unsafe-fn.html>

warning[E0133]: call to function `std::arch::aarch64::veorq_u32` with `#[target_feature]` is unsafe and requires unsafe block
   --> src/utils/blake3x4.rs:155:27
    |
155 |             v[b] = rotr12(veorq_u32(v[b], v[c]));
    |                           ^^^^^^^^^^^^^^^^^^^^^ call to function with `#[target_feature]`
    |
    = help: in order for the call to be safe, the context requires the following additional target feature: neon
    = note: the neon target feature being enabled in the build configuration does not remove the requirement to list it in `#[target_feature]`
    = note: for more information, see <https://doc.rust-lang.org/edition-guide/rust-2024/unsafe-op-in-unsafe-fn.html>

warning[E0133]: call to function `std::arch::aarch64::vaddq_u32` with `#[target_feature]` is unsafe and requires unsafe block
   --> src/utils/blake3x4.rs:156:20
    |
156 |             v[a] = vaddq_u32(vaddq_u32(v[a], v[b]), y);
    |                    ^^^^^^^^^^^^^^^^^^^^^^^^^^^^^^^^^^^ call to function with `#[target_feature]`
    |
    = help: in order for the call to be safe, the context requires the following additional target feature: neon
    = note: the neon target feature being enabled in the build configuration does not remove the requirement to list it in `#[target_feature]`
    = note: for more information, see <https://doc.rust-lang.org/edition-guide/rust-2024/unsafe-op-in-unsafe-fn.html>

warning[E0133]: call to function `std::arch::aarch64::vaddq_u32` with `#[target_feature]` is unsafe and requires unsafe block
   --> src/utils/blake3x4.rs:156:30
    |
156 |             v[a] = vaddq_u32(vaddq_u32(v[a], v[b]), y);
    |                              ^^^^^^^^^^^^^^^^^^^^^ call to function with `#[target_feature]`
    |
    = help: in order for the call to be safe, the context requires the following additional target feature: neon
    = note: the neon target feature being enabled in the build configuration does not remove the requirement to list it in `#[target_feature]`
    = note: for more information, see <https://doc.rust-lang.org/edition-guide/rust-2024/unsafe-op-in-unsafe-fn.html>

warning[E0133]: call to unsafe function `utils::blake3x4::neon::rotr8` is unsafe and requires unsafe block
   --> src/utils/blake3x4.rs:157:20
    |
157 |             v[d] = rotr8(veorq_u32(v[d], v[a]), idx);
    |                    ^^^^^^^^^^^^^^^^^^^^^^^^^^^^^^^^^ call to unsafe function
    |
    = note: consult the function's documentation for information on how to avoid undefined behavior
    = note: for more information, see <https://doc.rust-lang.org/edition-guide/rust-2024/unsafe-op-in-unsafe-fn.html>

warning[E0133]: call to function `std::arch::aarch64::veorq_u32` with `#[target_feature]` is unsafe and requires unsafe block
   --> src/utils/blake3x4.rs:157:26
    |
157 |             v[d] = rotr8(veorq_u32(v[d], v[a]), idx);
    |                          ^^^^^^^^^^^^^^^^^^^^^ call to function with `#[target_feature]`
    |
    = help: in order for the call to be safe, the context requires the following additional target feature: neon
    = note: the neon target feature being enabled in the build configuration does not remove the requirement to list it in `#[target_feature]`
    = note: for more information, see <https://doc.rust-lang.org/edition-guide/rust-2024/unsafe-op-in-unsafe-fn.html>

warning[E0133]: call to function `std::arch::aarch64::vaddq_u32` with `#[target_feature]` is unsafe and requires unsafe block
   --> src/utils/blake3x4.rs:158:20
    |
158 |             v[c] = vaddq_u32(v[c], v[d]);
    |                    ^^^^^^^^^^^^^^^^^^^^^ call to function with `#[target_feature]`
    |
    = help: in order for the call to be safe, the context requires the following additional target feature: neon
    = note: the neon target feature being enabled in the build configuration does not remove the requirement to list it in `#[target_feature]`
    = note: for more information, see <https://doc.rust-lang.org/edition-guide/rust-2024/unsafe-op-in-unsafe-fn.html>

warning[E0133]: call to unsafe function `utils::blake3x4::neon::rotr7` is unsafe and requires unsafe block
   --> src/utils/blake3x4.rs:159:20
    |
159 |             v[b] = rotr7(veorq_u32(v[b], v[c]));
    |                    ^^^^^^^^^^^^^^^^^^^^^^^^^^^^ call to unsafe function
    |
    = note: consult the function's documentation for information on how to avoid undefined behavior
    = note: for more information, see <https://doc.rust-lang.org/edition-guide/rust-2024/unsafe-op-in-unsafe-fn.html>

warning[E0133]: call to function `std::arch::aarch64::veorq_u32` with `#[target_feature]` is unsafe and requires unsafe block
   --> src/utils/blake3x4.rs:159:26
    |
159 |             v[b] = rotr7(veorq_u32(v[b], v[c]));
    |                          ^^^^^^^^^^^^^^^^^^^^^ call to function with `#[target_feature]`
    |
    = help: in order for the call to be safe, the context requires the following additional target feature: neon
    = note: the neon target feature being enabled in the build configuration does not remove the requirement to list it in `#[target_feature]`
    = note: for more information, see <https://doc.rust-lang.org/edition-guide/rust-2024/unsafe-op-in-unsafe-fn.html>

warning[E0133]: call to unsafe function `utils::blake3x4::neon::g` is unsafe and requires unsafe block
   --> src/utils/blake3x4.rs:172:9
    |
172 |         g(v, 0, 4, 8, 12, w(0), w(1), idx);
    |         ^^^^^^^^^^^^^^^^^^^^^^^^^^^^^^^^^^ call to unsafe function
    |
    = note: consult the function's documentation for information on how to avoid undefined behavior
note: an unsafe function restricts its caller, but its body is safe by default
   --> src/utils/blake3x4.rs:164:5
    |
164 | /     unsafe fn round(
165 | |         v: &mut [[uint32x4_t; 16]; GROUPS],
166 | |         m: &[[uint32x4_t; 16]; GROUPS],
167 | |         r: usize,
168 | |         idx: uint8x16_t,
169 | |     ) {
    | |_____^
    = note: for more information, see <https://doc.rust-lang.org/edition-guide/rust-2024/unsafe-op-in-unsafe-fn.html>

warning[E0133]: call to unsafe function `utils::blake3x4::neon::g` is unsafe and requires unsafe block
   --> src/utils/blake3x4.rs:173:9
    |
173 |         g(v, 1, 5, 9, 13, w(2), w(3), idx);
    |         ^^^^^^^^^^^^^^^^^^^^^^^^^^^^^^^^^^ call to unsafe function
    |
    = note: consult the function's documentation for information on how to avoid undefined behavior
    = note: for more information, see <https://doc.rust-lang.org/edition-guide/rust-2024/unsafe-op-in-unsafe-fn.html>

warning[E0133]: call to unsafe function `utils::blake3x4::neon::g` is unsafe and requires unsafe block
   --> src/utils/blake3x4.rs:174:9
    |
174 |         g(v, 2, 6, 10, 14, w(4), w(5), idx);
    |         ^^^^^^^^^^^^^^^^^^^^^^^^^^^^^^^^^^^ call to unsafe function
    |
    = note: consult the function's documentation for information on how to avoid undefined behavior
    = note: for more information, see <https://doc.rust-lang.org/edition-guide/rust-2024/unsafe-op-in-unsafe-fn.html>

warning[E0133]: call to unsafe function `utils::blake3x4::neon::g` is unsafe and requires unsafe block
   --> src/utils/blake3x4.rs:175:9
    |
175 |         g(v, 3, 7, 11, 15, w(6), w(7), idx);
    |         ^^^^^^^^^^^^^^^^^^^^^^^^^^^^^^^^^^^ call to unsafe function
    |
    = note: consult the function's documentation for information on how to avoid undefined behavior
    = note: for more information, see <https://doc.rust-lang.org/edition-guide/rust-2024/unsafe-op-in-unsafe-fn.html>

warning[E0133]: call to unsafe function `utils::blake3x4::neon::g` is unsafe and requires unsafe block
   --> src/utils/blake3x4.rs:176:9
    |
176 |         g(v, 0, 5, 10, 15, w(8), w(9), idx);
    |         ^^^^^^^^^^^^^^^^^^^^^^^^^^^^^^^^^^^ call to unsafe function
    |
    = note: consult the function's documentation for information on how to avoid undefined behavior
    = note: for more information, see <https://doc.rust-lang.org/edition-guide/rust-2024/unsafe-op-in-unsafe-fn.html>

warning[E0133]: call to unsafe function `utils::blake3x4::neon::g` is unsafe and requires unsafe block
   --> src/utils/blake3x4.rs:177:9
    |
177 |         g(v, 1, 6, 11, 12, w(10), w(11), idx);
    |         ^^^^^^^^^^^^^^^^^^^^^^^^^^^^^^^^^^^^^ call to unsafe function
    |
    = note: consult the function's documentation for information on how to avoid undefined behavior
    = note: for more information, see <https://doc.rust-lang.org/edition-guide/rust-2024/unsafe-op-in-unsafe-fn.html>

warning[E0133]: call to unsafe function `utils::blake3x4::neon::g` is unsafe and requires unsafe block
   --> src/utils/blake3x4.rs:178:9
    |
178 |         g(v, 2, 7, 8, 13, w(12), w(13), idx);
    |         ^^^^^^^^^^^^^^^^^^^^^^^^^^^^^^^^^^^^ call to unsafe function
    |
    = note: consult the function's documentation for information on how to avoid undefined behavior
    = note: for more information, see <https://doc.rust-lang.org/edition-guide/rust-2024/unsafe-op-in-unsafe-fn.html>

warning[E0133]: call to unsafe function `utils::blake3x4::neon::g` is unsafe and requires unsafe block
   --> src/utils/blake3x4.rs:179:9
    |
179 |         g(v, 3, 4, 9, 14, w(14), w(15), idx);
    |         ^^^^^^^^^^^^^^^^^^^^^^^^^^^^^^^^^^^^ call to unsafe function
    |
    = note: consult the function's documentation for information on how to avoid undefined behavior
    = note: for more information, see <https://doc.rust-lang.org/edition-guide/rust-2024/unsafe-op-in-unsafe-fn.html>

warning[E0133]: call to unsafe function `std::arch::aarch64::vld1q_u8` is unsafe and requires unsafe block
   --> src/utils/blake3x4.rs:188:19
    |
188 |         let idx = vld1q_u8(ROTR8_BYTES.as_ptr());
    |                   ^^^^^^^^^^^^^^^^^^^^^^^^^^^^^^ call to unsafe function
    |
    = note: consult the function's documentation for information on how to avoid undefined behavior
note: an unsafe function restricts its caller, but its body is safe by default
   --> src/utils/blake3x4.rs:187:5
    |
187 |     unsafe fn first_words(prefix: &[u32], base: u64) -> [u32; NONCES_PER_CALL as usize] {
    |     ^^^^^^^^^^^^^^^^^^^^^^^^^^^^^^^^^^^^^^^^^^^^^^^^^^^^^^^^^^^^^^^^^^^^^^^^^^^^^^^^^^^
    = note: for more information, see <https://doc.rust-lang.org/edition-guide/rust-2024/unsafe-op-in-unsafe-fn.html>

warning[E0133]: call to function `std::arch::aarch64::vdupq_n_u32` with `#[target_feature]` is unsafe and requires unsafe block
   --> src/utils/blake3x4.rs:189:20
    |
189 |         let zero = vdupq_n_u32(0);
    |                    ^^^^^^^^^^^^^^ call to function with `#[target_feature]`
    |
    = help: in order for the call to be safe, the context requires the following additional target feature: neon
    = note: the neon target feature being enabled in the build configuration does not remove the requirement to list it in `#[target_feature]`
    = note: for more information, see <https://doc.rust-lang.org/edition-guide/rust-2024/unsafe-op-in-unsafe-fn.html>

warning[E0133]: call to function `std::arch::aarch64::vdupq_n_u32` with `#[target_feature]` is unsafe and requires unsafe block
   --> src/utils/blake3x4.rs:200:25
    |
200 |                 *slot = vdupq_n_u32(w);
    |                         ^^^^^^^^^^^^^^ call to function with `#[target_feature]`
    |
    = help: in order for the call to be safe, the context requires the following additional target feature: neon
    = note: the neon target feature being enabled in the build configuration does not remove the requirement to list it in `#[target_feature]`
    = note: for more information, see <https://doc.rust-lang.org/edition-guide/rust-2024/unsafe-op-in-unsafe-fn.html>

warning[E0133]: call to unsafe function `std::arch::aarch64::vld1q_u32` is unsafe and requires unsafe block
   --> src/utils/blake3x4.rs:202:24
    |
202 |             m[words] = vld1q_u32(lo.as_ptr());
    |                        ^^^^^^^^^^^^^^^^^^^^^^ call to unsafe function
    |
    = note: consult the function's documentation for information on how to avoid undefined behavior
    = note: for more information, see <https://doc.rust-lang.org/edition-guide/rust-2024/unsafe-op-in-unsafe-fn.html>

warning[E0133]: call to unsafe function `std::arch::aarch64::vld1q_u32` is unsafe and requires unsafe block
   --> src/utils/blake3x4.rs:203:28
    |
203 |             m[words + 1] = vld1q_u32(hi.as_ptr());
    |                            ^^^^^^^^^^^^^^^^^^^^^^ call to unsafe function
    |
    = note: consult the function's documentation for information on how to avoid undefined behavior
    = note: for more information, see <https://doc.rust-lang.org/edition-guide/rust-2024/unsafe-op-in-unsafe-fn.html>

warning[E0133]: call to function `std::arch::aarch64::vdupq_n_u32` with `#[target_feature]` is unsafe and requires unsafe block
   --> src/utils/blake3x4.rs:205:25
    |
205 |                 *slot = vdupq_n_u32(w);
    |                         ^^^^^^^^^^^^^^ call to function with `#[target_feature]`
    |
    = help: in order for the call to be safe, the context requires the following additional target feature: neon
    = note: the neon target feature being enabled in the build configuration does not remove the requirement to list it in `#[target_feature]`
    = note: for more information, see <https://doc.rust-lang.org/edition-guide/rust-2024/unsafe-op-in-unsafe-fn.html>

warning[E0133]: call to function `std::arch::aarch64::vdupq_n_u32` with `#[target_feature]` is unsafe and requires unsafe block
   --> src/utils/blake3x4.rs:207:21
    |
207 |             v[14] = vdupq_n_u32(block_len);
    |                     ^^^^^^^^^^^^^^^^^^^^^^ call to function with `#[target_feature]`
    |
    = help: in order for the call to be safe, the context requires the following additional target feature: neon
    = note: the neon target feature being enabled in the build configuration does not remove the requirement to list it in `#[target_feature]`
    = note: for more information, see <https://doc.rust-lang.org/edition-guide/rust-2024/unsafe-op-in-unsafe-fn.html>

warning[E0133]: call to function `std::arch::aarch64::vdupq_n_u32` with `#[target_feature]` is unsafe and requires unsafe block
   --> src/utils/blake3x4.rs:208:21
    |
208 |             v[15] = vdupq_n_u32(FLAGS);
    |                     ^^^^^^^^^^^^^^^^^^ call to function with `#[target_feature]`
    |
    = help: in order for the call to be safe, the context requires the following additional target feature: neon
    = note: the neon target feature being enabled in the build configuration does not remove the requirement to list it in `#[target_feature]`
    = note: for more information, see <https://doc.rust-lang.org/edition-guide/rust-2024/unsafe-op-in-unsafe-fn.html>

warning[E0133]: call to unsafe function `utils::blake3x4::neon::round` is unsafe and requires unsafe block
   --> src/utils/blake3x4.rs:211:13
    |
211 |             round(&mut v, &m, r, idx);
    |             ^^^^^^^^^^^^^^^^^^^^^^^^^ call to unsafe function
    |
    = note: consult the function's documentation for information on how to avoid undefined behavior
    = note: for more information, see <https://doc.rust-lang.org/edition-guide/rust-2024/unsafe-op-in-unsafe-fn.html>

warning[E0133]: call to unsafe function `std::arch::aarch64::vst1q_u32` is unsafe and requires unsafe block
   --> src/utils/blake3x4.rs:215:13
    |
215 |             vst1q_u32(out.as_mut_ptr().add(4 * k), veorq_u32(v[0], v[8]));
    |             ^^^^^^^^^^^^^^^^^^^^^^^^^^^^^^^^^^^^^^^^^^^^^^^^^^^^^^^^^^^^^ call to unsafe function
    |
    = note: consult the function's documentation for information on how to avoid undefined behavior
    = note: for more information, see <https://doc.rust-lang.org/edition-guide/rust-2024/unsafe-op-in-unsafe-fn.html>

warning[E0133]: call to unsafe function `std::ptr::mut_ptr::<impl *mut T>::add` is unsafe and requires unsafe block
   --> src/utils/blake3x4.rs:215:23
    |
215 |             vst1q_u32(out.as_mut_ptr().add(4 * k), veorq_u32(v[0], v[8]));
    |                       ^^^^^^^^^^^^^^^^^^^^^^^^^^^ call to unsafe function
    |
    = note: consult the function's documentation for information on how to avoid undefined behavior
    = note: for more information, see <https://doc.rust-lang.org/edition-guide/rust-2024/unsafe-op-in-unsafe-fn.html>

warning[E0133]: call to function `std::arch::aarch64::veorq_u32` with `#[target_feature]` is unsafe and requires unsafe block
   --> src/utils/blake3x4.rs:215:52
    |
215 |             vst1q_u32(out.as_mut_ptr().add(4 * k), veorq_u32(v[0], v[8]));
    |                                                    ^^^^^^^^^^^^^^^^^^^^^ call to function with `#[target_feature]`
    |
    = help: in order for the call to be safe, the context requires the following additional target feature: neon
    = note: the neon target feature being enabled in the build configuration does not remove the requirement to list it in `#[target_feature]`
    = note: for more information, see <https://doc.rust-lang.org/edition-guide/rust-2024/unsafe-op-in-unsafe-fn.html>

warning[E0133]: call to unsafe function `utils::blake3x4::neon::first_words` is unsafe and requires unsafe block
   --> src/utils/blake3x4.rs:233:22
    |
233 |             let w0 = first_words(&words, base);
    |                      ^^^^^^^^^^^^^^^^^^^^^^^^^ call to unsafe function
    |
    = note: consult the function's documentation for information on how to avoid undefined behavior
note: an unsafe function restricts its caller, but its body is safe by default
   --> src/utils/blake3x4.rs:220:5
    |
220 | /     pub(super) unsafe fn first_pow_nonce(
221 | |         prefix: &[u8],
222 | |         start: u64,
223 | |         end: u64,
224 | |         bits: u32,
225 | |     ) -> Option<u64> {
    | |____________________^
    = note: for more information, see <https://doc.rust-lang.org/edition-guide/rust-2024/unsafe-op-in-unsafe-fn.html>

warning: trait `ligerito::PackedBits` is more private than the item `ring_switch_prove`
   --> src/ligerito.rs:548:1
    |
548 | / pub fn ring_switch_prove<T: PackedBits>(
549 | |     transcript: &mut impl Transcript,
550 | |     p_msg: &[T],
551 | |     r_hi: &[Gf],
552 | | ) -> (RingSwitchProof, Vec<Gf>, Gf) {
    | |___________________________________^ function `ring_switch_prove` is reachable at visibility `pub`
    |
note: but trait `ligerito::PackedBits` is only usable at visibility `pub(crate)`
   --> src/ligerito.rs:380:1
    |
380 | pub(crate) trait PackedBits: Sync {
    | ^^^^^^^^^^^^^^^^^^^^^^^^^^^^^^^^^
    = note: `#[warn(private_bounds)]` on by default

warning: trait `ligerito::PackedBits` is more private than the item `ring_switch_prove_with`
   --> src/ligerito.rs:560:1
    |
560 | / pub fn ring_switch_prove_with<T: PackedBits, O: Send>(
561 | |     transcript: &mut impl Transcript,
562 | |     p_msg: &[T],
563 | |     r_hi: &[Gf],
564 | |     convert: impl Fn(Gf) -> O + Sync + Send,
565 | | ) -> (RingSwitchProof, Vec<O>, Gf) {
    | |__________________________________^ function `ring_switch_prove_with` is reachable at visibility `pub`
    |
note: but trait `ligerito::PackedBits` is only usable at visibility `pub(crate)`
   --> src/ligerito.rs:380:1
    |
380 | pub(crate) trait PackedBits: Sync {
    | ^^^^^^^^^^^^^^^^^^^^^^^^^^^^^^^^^

warning: field `raw_error` is never read
  --> src/ligerito_flock/atomic.rs:11:9
   |
 8 | pub(crate) struct AtomicBlock {
   |                   ----------- field in this struct
...
11 |     pub raw_error: f64,
   |         ^^^^^^^^^
   |
   = note: `AtomicBlock` has derived impls for the traits `Debug` and `Clone`, but these are intentionally ignored during dead code analysis
   = note: `#[warn(dead_code)]` (part of `#[warn(unused)]`) on by default

warning: associated function `resolve` is never used
  --> src/ligerito_flock/atomic.rs:22:12
   |
21 | impl AtomicPlan {
   | --------------- associated function in this implementation
22 |     pub fn resolve(config: &ligerito::LigeritoSecurityConfig, target: u32) -> Result<Self, String> {
   |            ^^^^^^^

warning: variants `Prove` and `Verify` are never constructed
   --> src/ligerito_flock/atomic.rs:130:5
    |
129 | pub(crate) enum AtomicNonces<'a> {
    |                 ------------ variants in this enum
130 |     Prove(&'a mut Vec<u64>),
    |     ^^^^^
131 |     Verify { values: &'a [u64], cursor: usize },
    |     ^^^^^^

warning: function `prove_spartan_piop_u32_native_with_univariate_skip_borrowed` is never used
   --> src/piop/spartan/piop.rs:344:15
    |
344 | pub(crate) fn prove_spartan_piop_u32_native_with_univariate_skip_borrowed(
    |               ^^^^^^^^^^^^^^^^^^^^^^^^^^^^^^^^^^^^^^^^^^^^^^^^^^^^^^^^^^^

warning: function `prove_composite_inner_sumcheck` is never used
   --> src/piop/spartan/sha256/inner_sumcheck/composite.rs:158:15
    |
158 | pub(crate) fn prove_composite_inner_sumcheck<T: Transcript, H: Sha256InnerBitSource + ?Sized>(
    |               ^^^^^^^^^^^^^^^^^^^^^^^^^^^^^^

warning: methods `initial_grinding_bits`, `inner_round_grinding_bits`, and `terminal_grinding_bits` are never used
   --> src/piop/spartan/sha256/prime.rs:140:18
    |
 82 | impl Sha256PrimeProfile {
    | ----------------------- methods in this implementation
...
140 |     pub const fn initial_grinding_bits(self) -> usize {
    |                  ^^^^^^^^^^^^^^^^^^^^^
...
145 |     pub const fn inner_round_grinding_bits(self) -> usize {
    |                  ^^^^^^^^^^^^^^^^^^^^^^^^^
...
150 |     pub const fn terminal_grinding_bits(self) -> usize {
    |                  ^^^^^^^^^^^^^^^^^^^^^^

warning: method `q_bits` is never used
   --> src/piop/spartan/sha256/prime.rs:282:18
    |
253 | impl Sha256ModQContext {
    | ---------------------- method in this implementation
...
282 |     pub const fn q_bits(&self) -> usize {
    |                  ^^^^^^

warning: struct `CompositeMultilinearExtension` is never constructed
  --> src/poly/mle/structured.rs:26:19
   |
26 | pub(crate) struct CompositeMultilinearExtension<'a, F> {
   |                   ^^^^^^^^^^^^^^^^^^^^^^^^^^^^^

warning: associated items `from_factors` and `evaluate` are never used
  --> src/poly/mle/structured.rs:38:19
   |
37 | impl<'a, F: PrimeField> FactoredMultilinearExtension<'a, F> {
   | ----------------------------------------------------------- associated items in this implementation
38 |     pub(crate) fn from_factors(
   |                   ^^^^^^^^^^^^
...
97 |     pub(crate) fn evaluate(&self, point: &[F], cfg: &F::Config) -> Result<F, EvaluationError> {
   |                   ^^^^^^^^

warning: multiple associated items are never used
   --> src/poly/mle/structured.rs:149:19
    |
148 | impl<'a, F: PrimeField> CompositeMultilinearExtension<'a, F> {
    | ------------------------------------------------------------ associated items in this implementation
149 |     pub(crate) fn from_parts(
    |                   ^^^^^^^^^^
...
176 |     pub(crate) fn num_vars(&self) -> usize {
    |                   ^^^^^^^^
...
179 |     pub(crate) fn live_len(&self) -> usize {
    |                   ^^^^^^^^
...
182 |     pub(crate) fn repeated(&self) -> &FactoredMultilinearExtension<'a, F> {
    |                   ^^^^^^^^
...
185 |     pub(crate) fn tail_evaluations(&self) -> &[F] {
    |                   ^^^^^^^^^^^^^^^^
...
188 |     pub(crate) fn origin_adjustment(&self) -> &F {
    |                   ^^^^^^^^^^^^^^^^^
...
192 |     pub(crate) fn evaluation_at(&self, index: usize) -> Result<F, EvaluationError> {
    |                   ^^^^^^^^^^^^^
...
209 |     pub(crate) fn evaluate(&self, point: &[F], cfg: &F::Config) -> Result<F, EvaluationError> {
    |                   ^^^^^^^^

warning: function `check_point` is never used
   --> src/poly/mle/structured.rs:225:4
    |
225 | fn check_point<F>(num_vars: usize, point: &[F]) -> Result<(), EvaluationError> {
    |    ^^^^^^^^^^^

warning: struct `EqualityWeights` is never constructed
   --> src/poly/mle/structured.rs:236:19
    |
236 | pub(crate) struct EqualityWeights<F> {
    |                   ^^^^^^^^^^^^^^^

warning: associated items `new`, `from_tables`, `low`, `high`, and `at` are never used
   --> src/poly/mle/structured.rs:242:8
    |
241 | impl<F: PrimeField> EqualityWeights<F> {
    | -------------------------------------- associated items in this implementation
242 |     fn new(point: &[F], cfg: &F::Config) -> Self {
    |        ^^^
...
249 |     pub(crate) fn from_tables(low: Vec<F>, high: Vec<F>) -> Self {
    |                   ^^^^^^^^^^^
...
253 |     pub(crate) fn low(&self) -> &[F] {
    |                   ^^^
...
256 |     pub(crate) fn high(&self) -> &[F] {
    |                   ^^^^
...
259 |     pub(crate) fn at(&self, index: usize) -> F {
    |                   ^^

warning: function `equality_table` is never used
   --> src/poly/mle/structured.rs:264:4
    |
264 | fn equality_table<F: PrimeField>(point: &[F], cfg: &F::Config) -> Vec<F> {
    |    ^^^^^^^^^^^^^^

warning: function `dot_with_equality` is never used
   --> src/poly/mle/structured.rs:272:4
    |
272 | fn dot_with_equality<F: PrimeField>(values: &[F], point: &[F], cfg: &F::Config) -> F {
    |    ^^^^^^^^^^^^^^^^^

For more information about this error, try `rustc --explain E0133`.
warning: `f2z` (lib) generated 64 warnings (run `cargo fix --lib -p f2z` to apply 10 suggestions)
warning: unused import: `super::*`
  --> benches/common/pcs_cli.rs:94:9
   |
94 |     use super::*;
   |         ^^^^^^^^
   |
   = note: `#[warn(unused_imports)]` (part of `#[warn(unused)]`) on by default

warning: unused import: `clap::CommandFactory`
  --> benches/common/pcs_cli.rs:95:9
   |
95 |     use clap::CommandFactory;
   |         ^^^^^^^^^^^^^^^^^^^^

warning: unused import: `f2z::observability::*`
 --> benches/common/perfetto.rs:2:9
  |
2 | pub use f2z::observability::*;
  |         ^^^^^^^^^^^^^^^^^^^^^

warning: unused import: `super::*`
   --> benches/common/whir_tuning.rs:629:9
    |
629 |     use super::*;
    |         ^^^^^^^^
    |
help: if this is a test module, consider adding a `#[cfg(test)]` to the containing module
   --> benches/common/whir_tuning.rs:628:1
    |
628 | mod reporting_tests {
    | ^^^^^^^^^^^^^^^^^^^

warning: unused import: `f2z::U32MulLigerito`
 --> benches/mul_e2e_compare/f2z.rs:7:9
  |
7 |         f2z::U32MulLigerito, prove_u32_mul, prove_u64_mul, prove_u128_mul, verify_u32_mul,
  |         ^^^^^^^^^^^^^^^^^^^

warning: unused import: `super::*`
   --> benches/mul_e2e_compare/memory.rs:181:9
    |
181 |     use super::*;
    |         ^^^^^^^^
    |
help: if this is a test module, consider adding a `#[cfg(test)]` to the containing module
   --> benches/mul_e2e_compare/memory.rs:180:1
    |
180 | mod cli_tests {
    | ^^^^^^^^^^^^^

warning: unused imports: `CommandFactory` and `Parser`
   --> benches/mul_e2e_compare/memory.rs:182:16
    |
182 |     use clap::{CommandFactory, Parser};
    |                ^^^^^^^^^^^^^^  ^^^^^^
    |
help: if this is a test module, consider adding a `#[cfg(test)]` to the containing module
   --> benches/mul_e2e_compare/memory.rs:180:1
    |
180 | mod cli_tests {
    | ^^^^^^^^^^^^^

warning: unused import: `super::*`
   --> benches/mul_e2e_compare/memory.rs:203:9
    |
203 |     use super::*;
    |         ^^^^^^^^
    |
help: if this is a test module, consider adding a `#[cfg(test)]` to the containing module
   --> benches/mul_e2e_compare/memory.rs:202:1
    |
202 | mod cli_transport_tests {
    | ^^^^^^^^^^^^^^^^^^^^^^^

warning: unused import: `clap::Parser`
   --> benches/mul_e2e_compare/memory.rs:204:9
    |
204 |     use clap::Parser;
    |         ^^^^^^^^^^^^
    |
help: if this is a test module, consider adding a `#[cfg(test)]` to the containing module
   --> benches/mul_e2e_compare/memory.rs:202:1
    |
202 | mod cli_transport_tests {
    | ^^^^^^^^^^^^^^^^^^^^^^^

warning: unused import: `super::*`
   --> benches/mul_e2e_compare/report.rs:213:9
    |
213 |     use super::*;
    |         ^^^^^^^^
    |
help: if this is a test module, consider adding a `#[cfg(test)]` to the containing module
   --> benches/mul_e2e_compare/report.rs:212:1
    |
212 | mod reporting_tests {
    | ^^^^^^^^^^^^^^^^^^^

warning: unused import: `serde_json::json`
   --> benches/mul_e2e_compare/report.rs:248:9
    |
248 |     use serde_json::json;
    |         ^^^^^^^^^^^^^^^^
    |
help: if this is a test module, consider adding a `#[cfg(test)]` to the containing module
   --> benches/mul_e2e_compare/report.rs:212:1
    |
212 | mod reporting_tests {
    | ^^^^^^^^^^^^^^^^^^^

warning: unused import: `super::*`
  --> benches/mul_e2e_compare/mod32.rs:48:9
   |
48 |     use super::*;
   |         ^^^^^^^^

warning: unused imports: `VALUE_COLUMNS` and `set_value`
 --> benches/mul_e2e_compare/plonky3.rs:3:35
  |
3 | use super::mod32_air::{LIMB_BASE, VALUE_COLUMNS, set_value};
  |                                   ^^^^^^^^^^^^^  ^^^^^^^^^

warning: unused imports: `PrimeCharacteristicRing` and `PrimeField64`
  --> benches/mul_e2e_compare/plonky3.rs:14:16
   |
14 | use p3_field::{PrimeCharacteristicRing, PrimeField64};
   |                ^^^^^^^^^^^^^^^^^^^^^^^  ^^^^^^^^^^^^

warning: unused import: `super::*`
    --> benches/mul_e2e_compare.rs:1196:9
     |
1196 |     use super::*;
     |         ^^^^^^^^
     |
help: if this is a test module, consider adding a `#[cfg(test)]` to the containing module
    --> benches/mul_e2e_compare.rs:1195:1
     |
1195 | mod ligerito_isolation_tests {
     | ^^^^^^^^^^^^^^^^^^^^^^^^^^^^

warning: unused import: `super::*`
    --> benches/mul_e2e_compare.rs:1261:9
     |
1261 |     use super::*;
     |         ^^^^^^^^
     |
help: if this is a test module, consider adding a `#[cfg(test)]` to the containing module
    --> benches/mul_e2e_compare.rs:1260:1
     |
1260 | mod cli_tests {
     | ^^^^^^^^^^^^^

warning: unused imports: `CommandFactory` and `Parser`
    --> benches/mul_e2e_compare.rs:1262:16
     |
1262 |     use clap::{CommandFactory, Parser};
     |                ^^^^^^^^^^^^^^  ^^^^^^
     |
help: if this is a test module, consider adding a `#[cfg(test)]` to the containing module
    --> benches/mul_e2e_compare.rs:1260:1
     |
1260 | mod cli_tests {
     | ^^^^^^^^^^^^^

warning: associated function `new` is never used
   --> benches/mul_e2e_compare.rs:260:8
    |
221 | impl Timing {
    | ----------- associated function in this implementation
...
260 |     fn new(
    |        ^^^
    |
    = note: `#[warn(dead_code)]` (part of `#[warn(unused)]`) on by default

warning: function `boundary_corpus` is never used
   --> benches/mul_e2e_compare/plonky3.rs:206:8
    |
206 |     fn boundary_corpus() -> Corpus {
    |        ^^^^^^^^^^^^^^^

warning: function `assert_invalid` is never used
   --> benches/mul_e2e_compare/plonky3.rs:215:8
    |
215 |     fn assert_invalid(trace: RowMajorMatrix<Val>) {
    |        ^^^^^^^^^^^^^^

warning: method `rejection_self_test` is never used
   --> benches/mul_e2e_compare/plonky3_whir.rs:261:8
    |
259 | impl Context {
    | ------------ method in this implementation
260 |     #[cfg(test)]
261 |     fn rejection_self_test(&self) {
    |        ^^^^^^^^^^^^^^^^^^^

warning: method `rejection_self_test` is never used
   --> benches/mul_e2e_compare/plonky3_whir.rs:101:31
    |
 72 |             impl Context {
    |             ------------ method in this implementation
...
101 |                 pub(super) fn rejection_self_test(&self) {
    |                               ^^^^^^^^^^^^^^^^^^^
...
252 | backend!(goldilocks2, goldilocks, 2);
    | ------------------------------------ in this macro invocation
    |
    = note: this warning originates in the macro `backend` (in Nightly builds, run with -Z macro-backtrace for more info)

warning: method `rejection_self_test` is never used
   --> benches/mul_e2e_compare/plonky3_whir.rs:101:31
    |
 72 |             impl Context {
    |             ------------ method in this implementation
...
101 |                 pub(super) fn rejection_self_test(&self) {
    |                               ^^^^^^^^^^^^^^^^^^^
...
253 | backend!(goldilocks5, goldilocks, 5);
    | ------------------------------------ in this macro invocation
    |
    = note: this warning originates in the macro `backend` (in Nightly builds, run with -Z macro-backtrace for more info)

warning: function `fixture` is never used
   --> benches/common/trace_capture.rs:116:8
    |
116 |     fn fixture() -> Vec<CapturedSpan> {
    |        ^^^^^^^

warning: function `trial_fixture` is never used
   --> benches/common/trace_capture.rs:141:19
    |
141 |     pub(crate) fn trial_fixture() -> Vec<CapturedSpan> {
    |                   ^^^^^^^^^^^^^

warning: function `child` is never used
    --> benches/mul_e2e_compare.rs:1292:8
     |
1292 |     fn child(mode: &str, settings: &[(&str, &str)]) -> std::process::Output {
     |        ^^^^^

warning: function `config` is never used
    --> benches/mul_e2e_compare.rs:1300:8
     |
1300 |     fn config(mode: &str, settings: &[(&str, &str)]) -> Value {
     |        ^^^^^^

warning: `f2z` (bench "mul_e2e_compare") generated 27 warnings (run `cargo fix --bench "mul_e2e_compare" -p f2z` to apply 17 suggestions)
    Finished `release` profile [optimized] target(s) in 0.58s
     Running benches/mul_e2e_compare.rs (target/release/deps/mul_e2e_compare-303963c67127149f)
u32-mod32 binius64-ligerito 2^15: isolated peak-memory pass
u32-mod32 binius64-ligerito 2^15: peak RSS 279.50 MiB
u32-mod32 binius64-ligerito 2^15: setup
[419.960]    perfetto_c.cc:266631 Configured tracing session 1, #sources:1, duration:0 ms, #buffers:1, total buffer size:65536 KB, total sessions:1, uid:0 session name: ""
[419.962]    perfetto_c.cc:268393 Tracing session 1 ended, total sessions:0
[420.015]    perfetto_c.cc:266631 Configured tracing session 2, #sources:1, duration:0 ms, #buffers:1, total buffer size:65536 KB, total sessions:1, uid:0 session name: ""
[420.093]    perfetto_c.cc:268393 Tracing session 2 ended, total sessions:0
[420.138]    perfetto_c.cc:266631 Configured tracing session 3, #sources:1, duration:0 ms, #buffers:1, total buffer size:65536 KB, total sessions:1, uid:0 session name: ""
[420.202]    perfetto_c.cc:268393 Tracing session 3 ended, total sessions:0
u32-mod32 binius64-ligerito 2^15 warmup: witness 0.847 ms, commit 1.505 ms, PIOP 48.227 ms, PCS 10.152 ms, witness→proof 59.350 ms, proof 362080 B
[420.248]    perfetto_c.cc:266631 Configured tracing session 4, #sources:1, duration:0 ms, #buffers:1, total buffer size:65536 KB, total sessions:1, uid:0 session name: ""
[420.304]    perfetto_c.cc:268393 Tracing session 4 ended, total sessions:0
u32-mod32 binius64-ligerito 2^15 sample 1/5: witness 0.827 ms, commit 1.476 ms, PIOP 41.211 ms, PCS 8.978 ms, witness→proof 51.101 ms, proof 362080 B
[420.350]    perfetto_c.cc:266631 Configured tracing session 5, #sources:1, duration:0 ms, #buffers:1, total buffer size:65536 KB, total sessions:1, uid:0 session name: ""
[420.407]    perfetto_c.cc:268393 Tracing session 5 ended, total sessions:0
u32-mod32 binius64-ligerito 2^15 sample 2/5: witness 0.847 ms, commit 2.075 ms, PIOP 41.229 ms, PCS 10.138 ms, witness→proof 52.319 ms, proof 362080 B
[420.452]    perfetto_c.cc:266631 Configured tracing session 6, #sources:1, duration:0 ms, #buffers:1, total buffer size:65536 KB, total sessions:1, uid:0 session name: ""
[420.507]    perfetto_c.cc:268393 Tracing session 6 ended, total sessions:0
u32-mod32 binius64-ligerito 2^15 sample 3/5: witness 0.829 ms, commit 1.422 ms, PIOP 39.797 ms, PCS 9.743 ms, witness→proof 50.486 ms, proof 362080 B
[420.554]    perfetto_c.cc:266631 Configured tracing session 7, #sources:1, duration:0 ms, #buffers:1, total buffer size:65536 KB, total sessions:1, uid:0 session name: ""
[420.614]    perfetto_c.cc:268393 Tracing session 7 ended, total sessions:0
u32-mod32 binius64-ligerito 2^15 sample 4/5: witness 0.891 ms, commit 1.525 ms, PIOP 42.048 ms, PCS 10.982 ms, witness→proof 54.029 ms, proof 362080 B
[420.661]    perfetto_c.cc:266631 Configured tracing session 8, #sources:1, duration:0 ms, #buffers:1, total buffer size:65536 KB, total sessions:1, uid:0 session name: ""
[420.722]    perfetto_c.cc:268393 Tracing session 8 ended, total sessions:0
u32-mod32 binius64-ligerito 2^15 sample 5/5: witness 0.917 ms, commit 1.793 ms, PIOP 44.262 ms, PCS 10.886 ms, witness→proof 56.159 ms, proof 362080 B
RESULT schema=native-mul/2 workload=u32-mod32 backend=binius64-ligerito log_multiplications=15 samples=5 witness_ms=0.847083 online_prover_ms=51.469583 verify_ms=4.353334 proof_bytes=362080.0 peak_rss_bytes=293076992
u32-mod32 binius64-ligerito 2^16: isolated peak-memory pass
u32-mod32 binius64-ligerito 2^16: peak RSS 538.62 MiB
u32-mod32 binius64-ligerito 2^16: setup
[421.257]    perfetto_c.cc:266631 Configured tracing session 9, #sources:1, duration:0 ms, #buffers:1, total buffer size:65536 KB, total sessions:1, uid:0 session name: ""
[421.261]    perfetto_c.cc:268393 Tracing session 9 ended, total sessions:0
[421.315]    perfetto_c.cc:266631 Configured tracing session 10, #sources:1, duration:0 ms, #buffers:1, total buffer size:65536 KB, total sessions:1, uid:0 session name: ""
[421.488]    perfetto_c.cc:268393 Tracing session 10 ended, total sessions:0
[421.534]    perfetto_c.cc:266631 Configured tracing session 11, #sources:1, duration:0 ms, #buffers:1, total buffer size:65536 KB, total sessions:1, uid:0 session name: ""
[421.629]    perfetto_c.cc:268393 Tracing session 11 ended, total sessions:0
u32-mod32 binius64-ligerito 2^16 warmup: witness 2.075 ms, commit 3.413 ms, PIOP 72.034 ms, PCS 15.583 ms, witness→proof 89.824 ms, proof 373568 B
[421.675]    perfetto_c.cc:266631 Configured tracing session 12, #sources:1, duration:0 ms, #buffers:1, total buffer size:65536 KB, total sessions:1, uid:0 session name: ""
[421.758]    perfetto_c.cc:268393 Tracing session 12 ended, total sessions:0
u32-mod32 binius64-ligerito 2^16 sample 1/5: witness 1.727 ms, commit 3.252 ms, PIOP 59.997 ms, PCS 15.394 ms, witness→proof 77.226 ms, proof 373568 B
[421.803]    perfetto_c.cc:266631 Configured tracing session 13, #sources:1, duration:0 ms, #buffers:1, total buffer size:65536 KB, total sessions:1, uid:0 session name: ""
[421.883]    perfetto_c.cc:268393 Tracing session 13 ended, total sessions:0
u32-mod32 binius64-ligerito 2^16 sample 2/5: witness 1.649 ms, commit 2.697 ms, PIOP 58.438 ms, PCS 14.423 ms, witness→proof 74.659 ms, proof 373568 B
[421.928]    perfetto_c.cc:266631 Configured tracing session 14, #sources:1, duration:0 ms, #buffers:1, total buffer size:65536 KB, total sessions:1, uid:0 session name: ""
[422.009]    perfetto_c.cc:268393 Tracing session 14 ended, total sessions:0
u32-mod32 binius64-ligerito 2^16 sample 3/5: witness 1.700 ms, commit 2.888 ms, PIOP 58.484 ms, PCS 14.636 ms, witness→proof 74.953 ms, proof 373568 B
[422.053]    perfetto_c.cc:266631 Configured tracing session 15, #sources:1, duration:0 ms, #buffers:1, total buffer size:65536 KB, total sessions:1, uid:0 session name: ""
[422.135]    perfetto_c.cc:268393 Tracing session 15 ended, total sessions:0
u32-mod32 binius64-ligerito 2^16 sample 4/5: witness 1.647 ms, commit 3.051 ms, PIOP 59.709 ms, PCS 14.620 ms, witness→proof 76.104 ms, proof 373568 B
[422.180]    perfetto_c.cc:266631 Configured tracing session 16, #sources:1, duration:0 ms, #buffers:1, total buffer size:65536 KB, total sessions:1, uid:0 session name: ""
[422.260]    perfetto_c.cc:268393 Tracing session 16 ended, total sessions:0
u32-mod32 binius64-ligerito 2^16 sample 5/5: witness 1.723 ms, commit 2.582 ms, PIOP 59.079 ms, PCS 14.256 ms, witness→proof 75.153 ms, proof 373568 B
RESULT schema=native-mul/2 workload=u32-mod32 backend=binius64-ligerito log_multiplications=16 samples=5 witness_ms=1.699583 online_prover_ms=73.427458 verify_ms=4.884417 proof_bytes=373568.0 peak_rss_bytes=564789248
u32-mod32 binius64-ligerito 2^17: isolated peak-memory pass
u32-mod32 binius64-ligerito 2^17: peak RSS 923.05 MiB
u32-mod32 binius64-ligerito 2^17: setup
[423.232]    perfetto_c.cc:266631 Configured tracing session 17, #sources:1, duration:0 ms, #buffers:1, total buffer size:65536 KB, total sessions:1, uid:0 session name: ""
[423.238]    perfetto_c.cc:268393 Tracing session 17 ended, total sessions:0
[423.326]    perfetto_c.cc:266631 Configured tracing session 18, #sources:1, duration:0 ms, #buffers:1, total buffer size:65536 KB, total sessions:1, uid:0 session name: ""
[423.917]    perfetto_c.cc:268393 Tracing session 18 ended, total sessions:0
[423.969]    perfetto_c.cc:266631 Configured tracing session 19, #sources:1, duration:0 ms, #buffers:1, total buffer size:65536 KB, total sessions:1, uid:0 session name: ""
[424.158]    perfetto_c.cc:268393 Tracing session 19 ended, total sessions:0
u32-mod32 binius64-ligerito 2^17 warmup: witness 4.735 ms, commit 11.859 ms, PIOP 147.331 ms, PCS 29.143 ms, witness→proof 181.341 ms, proof 388352 B
[424.217]    perfetto_c.cc:266631 Configured tracing session 20, #sources:1, duration:0 ms, #buffers:1, total buffer size:65536 KB, total sessions:1, uid:0 session name: ""
[424.466]    perfetto_c.cc:268393 Tracing session 20 ended, total sessions:0
u32-mod32 binius64-ligerito 2^17 sample 1/5: witness 3.535 ms, commit 7.949 ms, PIOP 196.768 ms, PCS 37.792 ms, witness→proof 238.249 ms, proof 388352 B
[424.675]    perfetto_c.cc:266631 Configured tracing session 21, #sources:1, duration:0 ms, #buffers:1, total buffer size:65536 KB, total sessions:1, uid:0 session name: ""
[425.067]    perfetto_c.cc:268393 Tracing session 21 ended, total sessions:0
u32-mod32 binius64-ligerito 2^17 sample 2/5: witness 8.349 ms, commit 23.498 ms, PIOP 284.208 ms, PCS 85.758 ms, witness→proof 378.462 ms, proof 388352 B
[425.130]    perfetto_c.cc:266631 Configured tracing session 22, #sources:1, duration:0 ms, #buffers:1, total buffer size:65536 KB, total sessions:1, uid:0 session name: ""
[425.306]    perfetto_c.cc:268393 Tracing session 22 ended, total sessions:0
u32-mod32 binius64-ligerito 2^17 sample 3/5: witness 3.531 ms, commit 9.515 ms, PIOP 135.918 ms, PCS 30.379 ms, witness→proof 169.983 ms, proof 388352 B
[425.357]    perfetto_c.cc:266631 Configured tracing session 23, #sources:1, duration:0 ms, #buffers:1, total buffer size:65536 KB, total sessions:1, uid:0 session name: ""
[425.544]    perfetto_c.cc:268393 Tracing session 23 ended, total sessions:0
u32-mod32 binius64-ligerito 2^17 sample 4/5: witness 3.444 ms, commit 6.753 ms, PIOP 148.326 ms, PCS 28.623 ms, witness→proof 180.520 ms, proof 388352 B
[425.594]    perfetto_c.cc:266631 Configured tracing session 24, #sources:1, duration:0 ms, #buffers:1, total buffer size:65536 KB, total sessions:1, uid:0 session name: ""
[425.763]    perfetto_c.cc:268393 Tracing session 24 ended, total sessions:0
u32-mod32 binius64-ligerito 2^17 sample 5/5: witness 3.612 ms, commit 6.512 ms, PIOP 133.606 ms, PCS 24.370 ms, witness→proof 161.743 ms, proof 388352 B
RESULT schema=native-mul/2 workload=u32-mod32 backend=binius64-ligerito log_multiplications=17 samples=5 witness_ms=3.535209 online_prover_ms=177.07325 verify_ms=6.720042 proof_bytes=388352.0 peak_rss_bytes=967884800
u32-mod32 binius64-ligerito 2^18: isolated peak-memory pass
u32-mod32 binius64-ligerito 2^18: peak RSS 1803.16 MiB
u32-mod32 binius64-ligerito 2^18: setup
[427.845]    perfetto_c.cc:266631 Configured tracing session 25, #sources:1, duration:0 ms, #buffers:1, total buffer size:65536 KB, total sessions:1, uid:0 session name: ""
[427.856]    perfetto_c.cc:268393 Tracing session 25 ended, total sessions:0
[427.939]    perfetto_c.cc:266631 Configured tracing session 26, #sources:1, duration:0 ms, #buffers:1, total buffer size:65536 KB, total sessions:1, uid:0 session name: ""
[428.775]    perfetto_c.cc:268393 Tracing session 26 ended, total sessions:0
[428.822]    perfetto_c.cc:266631 Configured tracing session 27, #sources:1, duration:0 ms, #buffers:1, total buffer size:65536 KB, total sessions:1, uid:0 session name: ""
[429.113]    perfetto_c.cc:268393 Tracing session 27 ended, total sessions:0
u32-mod32 binius64-ligerito 2^18 warmup: witness 8.681 ms, commit 14.488 ms, PIOP 236.192 ms, PCS 38.803 ms, witness→proof 283.823 ms, proof 408656 B
[429.162]    perfetto_c.cc:266631 Configured tracing session 28, #sources:1, duration:0 ms, #buffers:1, total buffer size:65536 KB, total sessions:1, uid:0 session name: ""
[429.425]    perfetto_c.cc:268393 Tracing session 28 ended, total sessions:0
u32-mod32 binius64-ligerito 2^18 sample 1/5: witness 7.063 ms, commit 11.822 ms, PIOP 209.536 ms, PCS 37.757 ms, witness→proof 254.503 ms, proof 408656 B
[429.473]    perfetto_c.cc:266631 Configured tracing session 29, #sources:1, duration:0 ms, #buffers:1, total buffer size:65536 KB, total sessions:1, uid:0 session name: ""
[429.721]    perfetto_c.cc:268393 Tracing session 29 ended, total sessions:0
u32-mod32 binius64-ligerito 2^18 sample 2/5: witness 6.871 ms, commit 11.015 ms, PIOP 196.872 ms, PCS 36.922 ms, witness→proof 240.800 ms, proof 408656 B
[429.769]    perfetto_c.cc:266631 Configured tracing session 30, #sources:1, duration:0 ms, #buffers:1, total buffer size:65536 KB, total sessions:1, uid:0 session name: ""
[430.032]    perfetto_c.cc:268393 Tracing session 30 ended, total sessions:0
u32-mod32 binius64-ligerito 2^18 sample 3/5: witness 6.974 ms, commit 10.262 ms, PIOP 202.846 ms, PCS 45.458 ms, witness→proof 255.463 ms, proof 408656 B
[430.080]    perfetto_c.cc:266631 Configured tracing session 31, #sources:1, duration:0 ms, #buffers:1, total buffer size:65536 KB, total sessions:1, uid:0 session name: ""
[430.319]    perfetto_c.cc:268393 Tracing session 31 ended, total sessions:0
u32-mod32 binius64-ligerito 2^18 sample 4/5: witness 6.691 ms, commit 11.320 ms, PIOP 188.439 ms, PCS 35.788 ms, witness→proof 231.066 ms, proof 408656 B
[430.369]    perfetto_c.cc:266631 Configured tracing session 32, #sources:1, duration:0 ms, #buffers:1, total buffer size:65536 KB, total sessions:1, uid:0 session name: ""
[430.626]    perfetto_c.cc:268393 Tracing session 32 ended, total sessions:0
u32-mod32 binius64-ligerito 2^18 sample 5/5: witness 7.073 ms, commit 13.808 ms, PIOP 201.596 ms, PCS 40.533 ms, witness→proof 249.325 ms, proof 408656 B
RESULT schema=native-mul/2 workload=u32-mod32 backend=binius64-ligerito log_multiplications=18 samples=5 witness_ms=6.974166 online_prover_ms=242.249833 verify_ms=7.088875 proof_bytes=408656.0 peak_rss_bytes=1890746368
u32-mod32 binius64-ligerito 2^19: isolated peak-memory pass
u32-mod32 binius64-ligerito 2^19: peak RSS 3429.39 MiB
u32-mod32 binius64-ligerito 2^19: setup
[434.508]    perfetto_c.cc:266631 Configured tracing session 33, #sources:1, duration:0 ms, #buffers:1, total buffer size:65536 KB, total sessions:1, uid:0 session name: ""
[434.528]    perfetto_c.cc:268393 Tracing session 33 ended, total sessions:0
[434.648]    perfetto_c.cc:266631 Configured tracing session 34, #sources:1, duration:0 ms, #buffers:1, total buffer size:65536 KB, total sessions:1, uid:0 session name: ""
[436.284]    perfetto_c.cc:268393 Tracing session 34 ended, total sessions:0
[436.336]    perfetto_c.cc:266631 Configured tracing session 35, #sources:1, duration:0 ms, #buffers:1, total buffer size:65536 KB, total sessions:1, uid:0 session name: ""
[437.019]    perfetto_c.cc:268393 Tracing session 35 ended, total sessions:0
u32-mod32 binius64-ligerito 2^19 warmup: witness 16.344 ms, commit 28.021 ms, PIOP 568.426 ms, PCS 83.410 ms, witness→proof 668.829 ms, proof 424816 B
[437.071]    perfetto_c.cc:266631 Configured tracing session 36, #sources:1, duration:0 ms, #buffers:1, total buffer size:65536 KB, total sessions:1, uid:0 session name: ""
[437.674]    perfetto_c.cc:268393 Tracing session 36 ended, total sessions:0
u32-mod32 binius64-ligerito 2^19 sample 1/5: witness 13.694 ms, commit 22.944 ms, PIOP 512.794 ms, PCS 65.873 ms, witness→proof 592.867 ms, proof 424816 B
[437.723]    perfetto_c.cc:266631 Configured tracing session 37, #sources:1, duration:0 ms, #buffers:1, total buffer size:65536 KB, total sessions:1, uid:0 session name: ""
[438.312]    perfetto_c.cc:268393 Tracing session 37 ended, total sessions:0
u32-mod32 binius64-ligerito 2^19 sample 2/5: witness 13.337 ms, commit 31.283 ms, PIOP 445.588 ms, PCS 117.995 ms, witness→proof 577.417 ms, proof 424816 B
[438.360]    perfetto_c.cc:266631 Configured tracing session 38, #sources:1, duration:0 ms, #buffers:1, total buffer size:65536 KB, total sessions:1, uid:0 session name: ""
[438.861]    perfetto_c.cc:268393 Tracing session 38 ended, total sessions:0
u32-mod32 binius64-ligerito 2^19 sample 3/5: witness 13.628 ms, commit 20.610 ms, PIOP 426.575 ms, PCS 49.371 ms, witness→proof 490.407 ms, proof 424816 B
[438.909]    perfetto_c.cc:266631 Configured tracing session 39, #sources:1, duration:0 ms, #buffers:1, total buffer size:65536 KB, total sessions:1, uid:0 session name: ""
[439.407]    perfetto_c.cc:268393 Tracing session 39 ended, total sessions:0
u32-mod32 binius64-ligerito 2^19 sample 4/5: witness 13.245 ms, commit 19.849 ms, PIOP 403.859 ms, PCS 68.492 ms, witness→proof 486.149 ms, proof 424816 B
[439.455]    perfetto_c.cc:266631 Configured tracing session 40, #sources:1, duration:0 ms, #buffers:1, total buffer size:65536 KB, total sessions:1, uid:0 session name: ""
[440.018]    perfetto_c.cc:268393 Tracing session 40 ended, total sessions:0
u32-mod32 binius64-ligerito 2^19 sample 5/5: witness 13.136 ms, commit 17.859 ms, PIOP 476.307 ms, PCS 59.363 ms, witness→proof 550.218 ms, proof 424816 B
RESULT schema=native-mul/2 workload=u32-mod32 backend=binius64-ligerito log_multiplications=19 samples=5 witness_ms=13.337458 online_prover_ms=537.079167 verify_ms=10.665458 proof_bytes=424816.0 peak_rss_bytes=3595976704
u32-mod32 binius64-ligerito 2^20: isolated peak-memory pass
u32-mod32 binius64-ligerito 2^20: peak RSS 6822.03 MiB
u32-mod32 binius64-ligerito 2^20: setup
[448.862]    perfetto_c.cc:266631 Configured tracing session 41, #sources:1, duration:0 ms, #buffers:1, total buffer size:65536 KB, total sessions:1, uid:0 session name: ""
[448.907]    perfetto_c.cc:268393 Tracing session 41 ended, total sessions:0
[449.131]    perfetto_c.cc:266631 Configured tracing session 42, #sources:1, duration:0 ms, #buffers:1, total buffer size:65536 KB, total sessions:1, uid:0 session name: ""
[452.404]    perfetto_c.cc:268393 Tracing session 42 ended, total sessions:0
[452.452]    perfetto_c.cc:266631 Configured tracing session 43, #sources:1, duration:0 ms, #buffers:1, total buffer size:65536 KB, total sessions:1, uid:0 session name: ""
[453.538]    perfetto_c.cc:268393 Tracing session 43 ended, total sessions:0
u32-mod32 binius64-ligerito 2^20 warmup: witness 31.984 ms, commit 56.427 ms, PIOP 917.770 ms, PCS 118.394 ms, witness→proof 1069.077 ms, proof 438192 B
[453.585]    perfetto_c.cc:266631 Configured tracing session 44, #sources:1, duration:0 ms, #buffers:1, total buffer size:65536 KB, total sessions:1, uid:0 session name: ""
[454.574]    perfetto_c.cc:268393 Tracing session 44 ended, total sessions:0
u32-mod32 binius64-ligerito 2^20 sample 1/5: witness 26.443 ms, commit 39.189 ms, PIOP 846.876 ms, PCS 97.907 ms, witness→proof 972.217 ms, proof 438192 B
[454.622]    perfetto_c.cc:266631 Configured tracing session 45, #sources:1, duration:0 ms, #buffers:1, total buffer size:65536 KB, total sessions:1, uid:0 session name: ""
[455.610]    perfetto_c.cc:268393 Tracing session 45 ended, total sessions:0
u32-mod32 binius64-ligerito 2^20 sample 2/5: witness 27.241 ms, commit 37.239 ms, PIOP 827.044 ms, PCS 109.689 ms, witness→proof 965.102 ms, proof 438192 B
[455.662]    perfetto_c.cc:266631 Configured tracing session 46, #sources:1, duration:0 ms, #buffers:1, total buffer size:65536 KB, total sessions:1, uid:0 session name: ""
[456.707]    perfetto_c.cc:268393 Tracing session 46 ended, total sessions:0
u32-mod32 binius64-ligerito 2^20 sample 3/5: witness 28.729 ms, commit 51.603 ms, PIOP 873.276 ms, PCS 122.607 ms, witness→proof 1025.977 ms, proof 438192 B
[456.754]    perfetto_c.cc:266631 Configured tracing session 47, #sources:1, duration:0 ms, #buffers:1, total buffer size:65536 KB, total sessions:1, uid:0 session name: ""
[457.789]    perfetto_c.cc:268393 Tracing session 47 ended, total sessions:0
u32-mod32 binius64-ligerito 2^20 sample 4/5: witness 26.706 ms, commit 53.007 ms, PIOP 864.272 ms, PCS 123.067 ms, witness→proof 1015.024 ms, proof 438192 B
[457.837]    perfetto_c.cc:266631 Configured tracing session 48, #sources:1, duration:0 ms, #buffers:1, total buffer size:65536 KB, total sessions:1, uid:0 session name: ""
[458.834]    perfetto_c.cc:268393 Tracing session 48 ended, total sessions:0
u32-mod32 binius64-ligerito 2^20 sample 5/5: witness 27.817 ms, commit 44.067 ms, PIOP 842.934 ms, PCS 107.681 ms, witness→proof 980.048 ms, proof 438192 B
RESULT schema=native-mul/2 workload=u32-mod32 backend=binius64-ligerito log_multiplications=20 samples=5 witness_ms=27.241083 online_prover_ms=952.228083 verify_ms=17.569166 proof_bytes=438192.0 peak_rss_bytes=7153418240
u32-mod32 binius64-ligerito 2^21: isolated peak-memory pass
u32-mod32 binius64-ligerito 2^21: peak RSS 13618.83 MiB
u32-mod32 binius64-ligerito 2^21: setup
[475.456]    perfetto_c.cc:266631 Configured tracing session 49, #sources:1, duration:0 ms, #buffers:1, total buffer size:65536 KB, total sessions:1, uid:0 session name: ""
[475.518]    perfetto_c.cc:268393 Tracing session 49 ended, total sessions:0
[475.843]    perfetto_c.cc:266631 Configured tracing session 50, #sources:1, duration:0 ms, #buffers:1, total buffer size:65536 KB, total sessions:1, uid:0 session name: ""
[482.256]    perfetto_c.cc:268393 Tracing session 50 ended, total sessions:0
[482.304]    perfetto_c.cc:266631 Configured tracing session 51, #sources:1, duration:0 ms, #buffers:1, total buffer size:65536 KB, total sessions:1, uid:0 session name: ""
[484.338]    perfetto_c.cc:268393 Tracing session 51 ended, total sessions:0
u32-mod32 binius64-ligerito 2^21 warmup: witness 64.296 ms, commit 95.028 ms, PIOP 1703.788 ms, PCS 235.635 ms, witness→proof 2005.543 ms, proof 461872 B
[484.384]    perfetto_c.cc:266631 Configured tracing session 52, #sources:1, duration:0 ms, #buffers:1, total buffer size:65536 KB, total sessions:1, uid:0 session name: ""
[486.355]    perfetto_c.cc:268393 Tracing session 52 ended, total sessions:0
u32-mod32 binius64-ligerito 2^21 sample 1/5: witness 53.384 ms, commit 90.451 ms, PIOP 1653.380 ms, PCS 233.661 ms, witness→proof 1942.121 ms, proof 461872 B
[486.404]    perfetto_c.cc:266631 Configured tracing session 53, #sources:1, duration:0 ms, #buffers:1, total buffer size:65536 KB, total sessions:1, uid:0 session name: ""
[488.306]    perfetto_c.cc:268393 Tracing session 53 ended, total sessions:0
u32-mod32 binius64-ligerito 2^21 sample 2/5: witness 54.011 ms, commit 80.505 ms, PIOP 1598.820 ms, PCS 220.135 ms, witness→proof 1874.604 ms, proof 461872 B
[488.351]    perfetto_c.cc:266631 Configured tracing session 54, #sources:1, duration:0 ms, #buffers:1, total buffer size:65536 KB, total sessions:1, uid:0 session name: ""
[490.205]    perfetto_c.cc:268393 Tracing session 54 ended, total sessions:0
u32-mod32 binius64-ligerito 2^21 sample 3/5: witness 53.204 ms, commit 76.763 ms, PIOP 1556.942 ms, PCS 214.844 ms, witness→proof 1826.714 ms, proof 461872 B
[490.251]    perfetto_c.cc:266631 Configured tracing session 55, #sources:1, duration:0 ms, #buffers:1, total buffer size:65536 KB, total sessions:1, uid:0 session name: ""
[492.120]    perfetto_c.cc:268393 Tracing session 55 ended, total sessions:0
u32-mod32 binius64-ligerito 2^21 sample 4/5: witness 52.706 ms, commit 74.083 ms, PIOP 1568.087 ms, PCS 215.833 ms, witness→proof 1838.290 ms, proof 461872 B
[492.168]    perfetto_c.cc:266631 Configured tracing session 56, #sources:1, duration:0 ms, #buffers:1, total buffer size:65536 KB, total sessions:1, uid:0 session name: ""
[494.096]    perfetto_c.cc:268393 Tracing session 56 ended, total sessions:0
u32-mod32 binius64-ligerito 2^21 sample 5/5: witness 53.575 ms, commit 77.309 ms, PIOP 1630.185 ms, PCS 216.452 ms, witness→proof 1901.821 ms, proof 461872 B
RESULT schema=native-mul/2 workload=u32-mod32 backend=binius64-ligerito log_multiplications=21 samples=5 witness_ms=53.383625 online_prover_ms=1820.589834 verify_ms=26.534792 proof_bytes=461872.0 peak_rss_bytes=14280376320
u32-mod32 binius64-ligerito 2^22: isolated peak-memory pass
u32-mod32 binius64-ligerito 2^22: peak RSS 25164.14 MiB
u32-mod32 binius64-ligerito 2^22: setup
[527.245]    perfetto_c.cc:266631 Configured tracing session 57, #sources:1, duration:0 ms, #buffers:1, total buffer size:65536 KB, total sessions:1, uid:0 session name: ""
[527.397]    perfetto_c.cc:268393 Tracing session 57 ended, total sessions:0
[528.085]    perfetto_c.cc:266631 Configured tracing session 58, #sources:1, duration:0 ms, #buffers:1, total buffer size:65536 KB, total sessions:1, uid:0 session name: ""
[541.723]    perfetto_c.cc:268393 Tracing session 58 ended, total sessions:0
[541.768]    perfetto_c.cc:266631 Configured tracing session 59, #sources:1, duration:0 ms, #buffers:1, total buffer size:65536 KB, total sessions:1, uid:0 session name: ""
[546.697]    perfetto_c.cc:268393 Tracing session 59 ended, total sessions:0
u32-mod32 binius64-ligerito 2^22 warmup: witness 122.589 ms, commit 190.934 ms, PIOP 4199.908 ms, PCS 527.921 ms, witness→proof 4853.491 ms, proof 477936 B
[546.746]    perfetto_c.cc:266631 Configured tracing session 60, #sources:1, duration:0 ms, #buffers:1, total buffer size:65536 KB, total sessions:1, uid:0 session name: ""
[550.371]    perfetto_c.cc:268393 Tracing session 60 ended, total sessions:0
u32-mod32 binius64-ligerito 2^22 sample 1/5: witness 159.266 ms, commit 173.045 ms, PIOP 2888.402 ms, PCS 512.737 ms, witness→proof 3563.745 ms, proof 477936 B
[550.418]    perfetto_c.cc:266631 Configured tracing session 61, #sources:1, duration:0 ms, #buffers:1, total buffer size:65536 KB, total sessions:1, uid:0 session name: ""
[553.995]    perfetto_c.cc:268393 Tracing session 61 ended, total sessions:0
u32-mod32 binius64-ligerito 2^22 sample 2/5: witness 109.363 ms, commit 165.981 ms, PIOP 2927.956 ms, PCS 482.319 ms, witness→proof 3522.864 ms, proof 477936 B
[554.042]    perfetto_c.cc:266631 Configured tracing session 62, #sources:1, duration:0 ms, #buffers:1, total buffer size:65536 KB, total sessions:1, uid:0 session name: ""
[557.594]    perfetto_c.cc:268393 Tracing session 62 ended, total sessions:0
u32-mod32 binius64-ligerito 2^22 sample 3/5: witness 107.443 ms, commit 163.048 ms, PIOP 2909.207 ms, PCS 476.655 ms, witness→proof 3496.624 ms, proof 477936 B
[557.642]    perfetto_c.cc:266631 Configured tracing session 63, #sources:1, duration:0 ms, #buffers:1, total buffer size:65536 KB, total sessions:1, uid:0 session name: ""
[561.295]    perfetto_c.cc:268393 Tracing session 63 ended, total sessions:0
u32-mod32 binius64-ligerito 2^22 sample 4/5: witness 106.970 ms, commit 161.208 ms, PIOP 2985.571 ms, PCS 491.304 ms, witness→proof 3586.907 ms, proof 477936 B
[561.343]    perfetto_c.cc:266631 Configured tracing session 64, #sources:1, duration:0 ms, #buffers:1, total buffer size:65536 KB, total sessions:1, uid:0 session name: ""
[566.604]    perfetto_c.cc:268393 Tracing session 64 ended, total sessions:0
u32-mod32 binius64-ligerito 2^22 sample 5/5: witness 106.852 ms, commit 160.754 ms, PIOP 4546.899 ms, PCS 543.253 ms, witness→proof 5200.672 ms, proof 477936 B
RESULT schema=native-mul/2 workload=u32-mod32 backend=binius64-ligerito log_multiplications=22 samples=5 witness_ms=107.44275 online_prover_ms=3413.499208 verify_ms=58.952417 proof_bytes=477936.0 peak_rss_bytes=26386513920
Native multiplication results: /Users/johnwu/code/zk/f2z-pcs/PerfRuns/albert-sequential-9h7_or3i/binius-pcs/rate1/binius64-ligerito
      149.47 real       311.39 user        81.56 sys
         33249820672  maximum resident set size
                   0  average shared memory size
                   0  average unshared data size
                   0  average unshared stack size
            23449201  page reclaims
                3267  page faults
                   0  swaps
                   0  block input operations
                   0  block output operations
                   0  messages sent
                   0  messages received
                   1  signals received
                3921  voluntary context switches
             1575775  involuntary context switches
          2100522765  instructions retired
           823130507  cycles elapsed
            66617968  peak memory footprint
