warning: function `square_n` is never used
   --> vendor/field/src/gf128/portable.rs:104:8
    |
104 | pub fn square_n(a: [u64; 2], k: u32) -> [u64; 2] {
    |        ^^^^^^^^
    |
    = note: `#[warn(dead_code)]` (part of `#[warn(unused)]`) on by default

warning: function `wide_words` is never used
   --> vendor/field/src/gf128/portable.rs:116:15
    |
116 | pub(crate) fn wide_words(value: Wide) -> [u64; 4] {
    |               ^^^^^^^^^^

warning: function `wide_zero` is never used
   --> vendor/field/src/gf128/portable.rs:137:8
    |
137 | pub fn wide_zero() -> Wide {
    |        ^^^^^^^^^

warning: function `wide_of` is never used
   --> vendor/field/src/gf128/portable.rs:141:8
    |
141 | pub fn wide_of(a: [u64; 2]) -> Wide {
    |        ^^^^^^^

warning: function `wide_add` is never used
   --> vendor/field/src/gf128/portable.rs:149:8
    |
149 | pub fn wide_add(x: Wide, y: Wide) -> Wide {
    |        ^^^^^^^^

warning: function `wide_add_low` is never used
   --> vendor/field/src/gf128/portable.rs:155:8
    |
155 | pub fn wide_add_low(x: Wide, a: [u64; 2]) -> Wide {
    |        ^^^^^^^^^^^^

warning: function `wide_reduce` is never used
   --> vendor/field/src/gf128/portable.rs:159:8
    |
159 | pub fn wide_reduce(w: Wide) -> [u64; 2] {
    |        ^^^^^^^^^^^

warning: function `wide_from_words` is never used
   --> vendor/field/src/gf128/portable.rs:321:8
    |
321 | pub fn wide_from_words(words: [u64; 4]) -> Wide {
    |        ^^^^^^^^^^^^^^^

warning: `field` (lib) generated 8 warnings
warning: unused import: `Zero`
 --> crates/circuit/src/witgen.rs:3:23
  |
3 | use num_traits::{One, Zero};
  |                       ^^^^
  |
  = note: `#[warn(unused_imports)]` (part of `#[warn(unused)]`) on by default

warning: unused import: `One`
 --> crates/circuit/src/witgen.rs:3:18
  |
3 | use num_traits::{One, Zero};
  |                  ^^^

warning: method `sum_terms` is never used
   --> crates/circuit/src/linear_map/builder.rs:203:19
    |
 59 | impl<S: CoefficientStore> WengertBuilder<S> {
    | ------------------------------------------- method in this implementation
...
203 |     pub(super) fn sum_terms(&mut self, terms: Vec<(NodeId, u32)>) -> NodeId {
    |                   ^^^^^^^^^
    |
    = note: `#[warn(dead_code)]` (part of `#[warn(unused)]`) on by default

warning: method `adjoint_map_segments` is never used
   --> crates/circuit/src/linear_map/evaluate.rs:318:19
    |
210 | impl<'a, F: RingOps + Sync> PreparedWengert<'a, F> {
    | -------------------------------------------------- method in this implementation
...
318 |     pub(super) fn adjoint_map_segments(
    |                   ^^^^^^^^^^^^^^^^^^^^

warning: function `integer_from_bits` is never used
  --> crates/circuit/src/witgen.rs:14:15
   |
14 | pub(crate) fn integer_from_bits<const L: usize>(bits: &[bool]) -> Z<L> {
   |               ^^^^^^^^^^^^^^^^^

warning: `circuit` (lib) generated 5 warnings
   Compiling flock-core v0.1.0 (/home/john-wu/code/BitZ-pcs/.tmp/falcon-witness-preparation/vendor/flock-mod/crates/flock-core)
   Compiling flock-prover v0.1.0 (/home/john-wu/code/BitZ-pcs/.tmp/falcon-witness-preparation/vendor/flock-mod/crates/flock-prover)
   Compiling bitz v0.1.0 (/home/john-wu/code/BitZ-pcs/.tmp/falcon-witness-preparation)
warning: unused import: `self`
  --> src/piop/spartan/u32_mul_relation.rs:36:9
   |
36 |         self, BindingHasher, BlockTable, Domains, FieldConfig, Kernel, MatrixSource, PiopWitness,
   |         ^^^^
   |
   = note: `#[warn(unused_imports)]` (part of `#[warn(unused)]`) on by default

warning: unused macro definition: `algebraic_1024_tests`
 --> src/piop/spartan/falcon1024_algebraic/mod.rs:9:14
  |
9 | macro_rules! algebraic_1024_tests { ($($item:item)*) => { $($item)* }; }
  |              ^^^^^^^^^^^^^^^^^^^^
  |
  = note: `#[warn(unused_macros)]` (part of `#[warn(unused)]`) on by default

warning: unused import: `SpartanField`
  --> src/piop/spartan/falcon1024_algebraic/arithmetic.rs:13:9
   |
13 |         SpartanField, absorb_field_elements,
   |         ^^^^^^^^^^^^

warning: unused import: `SpartanField`
  --> src/piop/spartan/falcon1024_algebraic/ring.rs:15:9
   |
15 |         SpartanField,
   |         ^^^^^^^^^^^^

warning: unused macro definition: `algebraic_1024_tests`
 --> src/piop/spartan/falcon512_algebraic.rs:4:14
  |
4 | macro_rules! algebraic_1024_tests {
  |              ^^^^^^^^^^^^^^^^^^^^

warning: unused import: `crate::sumcheck::boundary::*`
 --> src/piop/spartan/sumcheck.rs:3:16
  |
3 | pub(crate) use crate::sumcheck::boundary::*;
  |                ^^^^^^^^^^^^^^^^^^^^^^^^^^^^

warning: unused import: `SpartanField`
  --> src/piop/spartan/sha256/constraints.rs:32:5
   |
32 |     SpartanField, SpartanMatrixError,
   |     ^^^^^^^^^^^^

warning: unused import: `crate::piop::spartan::SpartanField`
 --> src/piop/spartan/sha256/prime.rs:7:5
  |
7 | use crate::piop::spartan::SpartanField as _;
  |     ^^^^^^^^^^^^^^^^^^^^^^^^^^^^^^^^^^

warning: unused import: `crate::piop::spartan::SpartanField`
 --> src/piop/spartan/sha256/constraints.rs:7:5
  |
7 | use crate::piop::spartan::SpartanField as _;
  |     ^^^^^^^^^^^^^^^^^^^^^^^^^^^^^^^^^^

warning: unused import: `field::RingOps`
  --> src/piop/spartan/baby_bear_bitz.rs:23:5
   |
23 | use field::RingOps;
   |     ^^^^^^^^^^^^^^

warning: unused import: `ConstZero`
  --> src/poly/univariate/binary_ref.rs:18:54
   |
18 | use num_traits::{CheckedAdd, CheckedMul, CheckedSub, ConstZero, One, Zero};
   |                                                      ^^^^^^^^^

warning: unused import: `crate::piop::spartan::SpartanField`
  --> src/piop/spartan/baby_bear_bitz.rs:22:5
   |
22 | use crate::piop::spartan::SpartanField as _;
   |     ^^^^^^^^^^^^^^^^^^^^^^^^^^^^^^^^^^

warning: unused import: `crate::piop::spartan::SpartanField`
  --> src/piop/spartan/baby_bear_mul.rs:21:5
   |
21 | use crate::piop::spartan::SpartanField as _;
   |     ^^^^^^^^^^^^^^^^^^^^^^^^^^^^^^^^^^

warning: unused import: `crate::sumcheck::bridge::PreparedBinding`
  --> src/piop/spartan/baby_bear_mul.rs:22:5
   |
22 | use crate::sumcheck::bridge::PreparedBinding;
   |     ^^^^^^^^^^^^^^^^^^^^^^^^^^^^^^^^^^^^^^^^

warning: unused import: `RingOps`
  --> src/piop/spartan/u32_mul_relation.rs:25:13
   |
25 | use field::{RingOps, Uint};
   |             ^^^^^^^

warning: unused import: `crate::piop::spartan::SpartanField`
  --> src/piop/spartan/sha256/proof.rs:20:5
   |
20 | use crate::piop::spartan::SpartanField as _;
   |     ^^^^^^^^^^^^^^^^^^^^^^^^^^^^^^^^^^

warning: unused import: `crate::piop::spartan::SpartanField`
  --> src/piop/spartan/cm.rs:35:5
   |
35 | use crate::piop::spartan::SpartanField as _;
   |     ^^^^^^^^^^^^^^^^^^^^^^^^^^^^^^^^^^

warning: unused import: `MergeAccumulator`
  --> src/sumcheck/outer/univariate_api.rs:15:26
   |
15 | use field::{BatchMulAcc, MergeAccumulator, Reduce};
   |                          ^^^^^^^^^^^^^^^^

warning: unused import: `field::RingOps`
  --> src/piop/spartan/u128_bitz.rs:15:5
   |
15 | use field::RingOps;
   |     ^^^^^^^^^^^^^^

warning: unused import: `MergeAccumulator`
 --> src/sumcheck/outer/api.rs:8:26
  |
8 | use field::{BatchMulAcc, MergeAccumulator, Reduce};
  |                          ^^^^^^^^^^^^^^^^

warning: unused import: `field::RingOps`
  --> src/piop/spartan/u64_bitz.rs:19:5
   |
19 | use field::RingOps;
   |     ^^^^^^^^^^^^^^

warning: unused import: `ConstZero`
  --> src/poly/univariate/dense.rs:21:76
   |
21 | use num_traits::{CheckedAdd, CheckedMul, CheckedNeg, CheckedSub, ConstOne, ConstZero, One, Zero};
   |                                                                            ^^^^^^^^^

warning: unused import: `crate::piop::spartan::SpartanField`
  --> src/piop/spartan/u64_mul.rs:16:5
   |
16 | use crate::piop::spartan::SpartanField as _;
   |     ^^^^^^^^^^^^^^^^^^^^^^^^^^^^^^^^^^

warning: unused import: `crate::piop::spartan::SpartanField`
  --> src/piop/spartan/mod.rs:10:5
   |
10 | use crate::piop::spartan::SpartanField as _;
   |     ^^^^^^^^^^^^^^^^^^^^^^^^^^^^^^^^^^

warning: unused import: `crate::piop::spartan::SpartanField`
  --> src/piop/spartan/u128_mul.rs:16:5
   |
16 | use crate::piop::spartan::SpartanField as _;
   |     ^^^^^^^^^^^^^^^^^^^^^^^^^^^^^^^^^^

warning: unused import: `num_traits::ConstOne`
   --> src/piop/spartan/mod.rs:160:5
    |
160 | use num_traits::ConstOne;
    |     ^^^^^^^^^^^^^^^^^^^^

warning: unused import: `field::RingOps`
  --> src/piop/spartan/grinding.rs:20:5
   |
20 | use field::RingOps;
   |     ^^^^^^^^^^^^^^

warning: unused import: `field::RingOps`
  --> src/piop/spartan/multiswap/proof.rs:39:5
   |
39 | use field::RingOps;
   |     ^^^^^^^^^^^^^^

warning: unused import: `crate::piop::spartan::SpartanField`
  --> src/piop/spartan/multiswap/proof.rs:36:5
   |
36 | use crate::piop::spartan::SpartanField as _;
   |     ^^^^^^^^^^^^^^^^^^^^^^^^^^^^^^^^^^

warning: unused import: `field::RingOps`
  --> src/piop/spartan/profile.rs:57:5
   |
57 | use field::RingOps;
   |     ^^^^^^^^^^^^^^

warning: unused import: `crate::piop::spartan::SpartanField`
  --> src/piop/spartan/protocol/bitify.rs:13:5
   |
13 | use crate::piop::spartan::SpartanField as _;
   |     ^^^^^^^^^^^^^^^^^^^^^^^^^^^^^^^^^^

warning: unused import: `One`
  --> src/bitz/virt.rs:27:18
   |
27 | use num_traits::{One, Zero};
   |                  ^^^

warning: unused import: `RingOps`
  --> src/piop/spartan/protocol/mod.rs:24:13
   |
24 | use field::{RingOps, Uint};
   |             ^^^^^^^

warning: unused import: `Zero`
  --> src/bitz/virt.rs:27:23
   |
27 | use num_traits::{One, Zero};
   |                       ^^^^

warning: unused import: `crate::piop::spartan::SpartanField`
  --> src/piop/spartan/protocol/mod.rs:23:5
   |
23 | use crate::piop::spartan::SpartanField as _;
   |     ^^^^^^^^^^^^^^^^^^^^^^^^^^^^^^^^^^

warning: unused import: `ConstOne`
  --> src/poly/univariate/dense.rs:21:66
   |
21 | use num_traits::{CheckedAdd, CheckedMul, CheckedNeg, CheckedSub, ConstOne, ConstZero, One, Zero};
   |                                                                  ^^^^^^^^

warning: unused import: `crate::piop::spartan::SpartanField`
  --> src/piop/spartan/sha256/chain.rs:23:5
   |
23 | use crate::piop::spartan::SpartanField as _;
   |     ^^^^^^^^^^^^^^^^^^^^^^^^^^^^^^^^^^

warning: unused import: `field::RingOps`
 --> src/piop/spartan/sha256/constraints.rs:9:5
  |
9 | use field::RingOps;
  |     ^^^^^^^^^^^^^^

warning: trait `ligerito::PackedBits` is more private than the item `ring_switch_prove`
   --> src/ligerito.rs:474:1
    |
474 | / pub fn ring_switch_prove<T: PackedBits>(
475 | |     transcript: &mut impl Transcript,
476 | |     p_msg: &[T],
477 | |     r_hi: &[Gf],
478 | | ) -> (RingSwitchProof, Vec<Gf>, Gf) {
    | |___________________________________^ function `ring_switch_prove` is reachable at visibility `pub`
    |
note: but trait `ligerito::PackedBits` is only usable at visibility `pub(crate)`
   --> src/ligerito.rs:255:1
    |
255 | pub(crate) trait PackedBits: Sync {
    | ^^^^^^^^^^^^^^^^^^^^^^^^^^^^^^^^^
    = note: `#[warn(private_bounds)]` on by default

warning: trait `ligerito::PackedBits` is more private than the item `ring_switch_prove_with`
   --> src/ligerito.rs:486:1
    |
486 | / pub fn ring_switch_prove_with<T: PackedBits, O: Send>(
487 | |     transcript: &mut impl Transcript,
488 | |     p_msg: &[T],
489 | |     r_hi: &[Gf],
490 | |     convert: impl Fn(Gf) -> O + Sync + Send,
491 | | ) -> (RingSwitchProof, Vec<O>, Gf) {
    | |__________________________________^ function `ring_switch_prove_with` is reachable at visibility `pub`
    |
note: but trait `ligerito::PackedBits` is only usable at visibility `pub(crate)`
   --> src/ligerito.rs:255:1
    |
255 | pub(crate) trait PackedBits: Sync {
    | ^^^^^^^^^^^^^^^^^^^^^^^^^^^^^^^^^

warning: method `matches_rows` is never used
   --> src/ligerito_flock.rs:191:19
    |
161 | impl FlockCommitHint {
    | -------------------- method in this implementation
...
191 |     pub(crate) fn matches_rows(&self, rows: &std::sync::Arc<Vec<Vec<u64>>>) -> bool {
    |                   ^^^^^^^^^^^^
    |
    = note: `#[warn(dead_code)]` (part of `#[warn(unused)]`) on by default

warning: constant `ASSIGNMENT_BINDING_DOMAIN` is never used
  --> src/piop/spartan/baby_bear_bitz.rs:54:7
   |
54 | const ASSIGNMENT_BINDING_DOMAIN: &[u8] = b"bitz/spartan-baby-bear-bitz/assignment/v1";
   |       ^^^^^^^^^^^^^^^^^^^^^^^^^

warning: function `fixed_q_assignment_binding` is never used
   --> src/piop/spartan/baby_bear_bitz.rs:133:4
    |
133 | fn fixed_q_assignment_binding(
    |    ^^^^^^^^^^^^^^^^^^^^^^^^^^

warning: method `add_signed_word` is never used
   --> src/piop/spartan/falcon/opening.rs:483:8
    |
463 | trait CoefficientSink {
    |       --------------- method in this trait
...
483 |     fn add_signed_word(&mut self, base: usize, width: usize, mut scale: F, field: &Cfg) {
    |        ^^^^^^^^^^^^^^^

warning: function `add_signed_source_scaled` is never used
   --> src/piop/spartan/falcon/opening.rs:816:4
    |
816 | fn add_signed_source_scaled(
    |    ^^^^^^^^^^^^^^^^^^^^^^^^

warning: variant `Signed` is never constructed
 --> src/piop/spartan/falcon/opening_compact.rs:9:5
  |
7 | enum WordKind {
  |      -------- variant in this enum
8 |     Unsigned,
9 |     Signed,
  |     ^^^^^^
  |
  = note: `WordKind` has derived impls for the traits `Debug` and `Clone`, but these are intentionally ignored during dead code analysis

warning: method `bit` is never used
   --> src/piop/spartan/falcon1024_algebraic/source.rs:309:12
    |
270 | impl Source {
    | ----------- method in this implementation
...
309 |     pub fn bit(&self, index: usize) -> bool {
    |            ^^^

warning: methods `initial_grinding_bits`, `inner_round_grinding_bits`, `terminal_grinding_bits`, and `accepts_prime` are never used
   --> src/piop/spartan/sha256/prime.rs:145:18
    |
 87 | impl Sha256PrimeProfile {
    | ----------------------- methods in this implementation
...
145 |     pub const fn initial_grinding_bits(self) -> usize {
    |                  ^^^^^^^^^^^^^^^^^^^^^
...
150 |     pub const fn inner_round_grinding_bits(self) -> usize {
    |                  ^^^^^^^^^^^^^^^^^^^^^^^^^
...
155 |     pub const fn terminal_grinding_bits(self) -> usize {
    |                  ^^^^^^^^^^^^^^^^^^^^^^
...
160 |     pub const fn accepts_prime(self, q: u128) -> bool {
    |                  ^^^^^^^^^^^^^

warning: struct `CompositeMultilinearExtension` is never constructed
  --> src/poly/mle/structured.rs:28:19
   |
28 | pub(crate) struct CompositeMultilinearExtension<'a, F: SpartanField> {
   |                   ^^^^^^^^^^^^^^^^^^^^^^^^^^^^^

warning: associated items `from_factors` and `evaluate` are never used
   --> src/poly/mle/structured.rs:45:19
    |
 44 | impl<'a, F: SpartanField> FactoredMultilinearExtension<'a, F> {
    | ------------------------------------------------------------- associated items in this implementation
 45 |     pub(crate) fn from_factors(
    |                   ^^^^^^^^^^^^
...
106 |     pub(crate) fn evaluate(&self, point: &[F], cfg: &F::Config) -> Result<F, EvaluationError> {
    |                   ^^^^^^^^

warning: multiple associated items are never used
   --> src/poly/mle/structured.rs:161:19
    |
160 | impl<'a, F: SpartanField> CompositeMultilinearExtension<'a, F> {
    | -------------------------------------------------------------- associated items in this implementation
161 |     pub(crate) fn from_parts(
    |                   ^^^^^^^^^^
...
191 |     pub(crate) fn with_tail_runs(
    |                   ^^^^^^^^^^^^^^
...
209 |     pub(crate) fn tail_runs(&self) -> Option<&'a [(usize, usize, F)]> {
    |                   ^^^^^^^^^
...
213 |     pub(crate) fn num_vars(&self) -> usize {
    |                   ^^^^^^^^
...
216 |     pub(crate) fn live_len(&self) -> usize {
    |                   ^^^^^^^^
...
219 |     pub(crate) fn repeated(&self) -> &FactoredMultilinearExtension<'a, F> {
    |                   ^^^^^^^^
...
222 |     pub(crate) fn tail_evaluations(&self) -> &[F] {
    |                   ^^^^^^^^^^^^^^^^
...
225 |     pub(crate) fn origin_adjustment(&self) -> &F {
    |                   ^^^^^^^^^^^^^^^^^
...
229 |     pub(crate) fn evaluation_at(&self, index: usize) -> Result<F, EvaluationError> {
    |                   ^^^^^^^^^^^^^
...
246 |     pub(crate) fn evaluate(&self, point: &[F], cfg: &F::Config) -> Result<F, EvaluationError> {
    |                   ^^^^^^^^

warning: function `check_point` is never used
   --> src/poly/mle/structured.rs:265:4
    |
265 | fn check_point<F>(num_vars: usize, point: &[F]) -> Result<(), EvaluationError> {
    |    ^^^^^^^^^^^

warning: associated items `new`, `low`, and `high` are never used
   --> src/poly/mle/structured.rs:283:8
    |
282 | impl<F: SpartanField> EqualityWeights<F> {
    | ---------------------------------------- associated items in this implementation
283 |     fn new(point: &[F], cfg: &F::Config) -> Self {
    |        ^^^
...
299 |     pub(crate) fn low(&self) -> &[F] {
    |                   ^^^
...
302 |     pub(crate) fn high(&self) -> &[F] {
    |                   ^^^^

warning: function `equality_table` is never used
   --> src/poly/mle/structured.rs:313:4
    |
313 | fn equality_table<F: SpartanField>(point: &[F], cfg: &F::Config) -> Vec<F> {
    |    ^^^^^^^^^^^^^^

warning: function `dot_with_equality` is never used
   --> src/poly/mle/structured.rs:330:4
    |
330 | fn dot_with_equality<F: SpartanField>(values: &[F], point: &[F], cfg: &F::Config) -> F {
    |    ^^^^^^^^^^^^^^^^^

warning: methods `policy` and `coordinate_count` are never used
   --> src/bitz/grinding.rs:144:19
    |
143 | impl Schedule {
    | ------------- methods in this implementation
144 |     pub(crate) fn policy(self) -> Policy { self.policy }
    |                   ^^^^^^
...
187 |     pub(crate) fn coordinate_count(self) -> usize {
    |                   ^^^^^^^^^^^^^^^^

warning: function `jit_sums_group` is never used
   --> src/bitz/kernels/x86.rs:362:15
    |
362 | pub(crate) fn jit_sums_group(
    |               ^^^^^^^^^^^^^^

warning: associated function `with_security_and_work` is never used
   --> src/bitz/pcs.rs:134:19
    |
133 | impl Pcs {
    | -------- associated function in this implementation
134 |     pub(crate) fn with_security_and_work(
    |                   ^^^^^^^^^^^^^^^^^^^^^^

warning: function `inputs` is never used
  --> src/sumcheck/inner/binary.rs:75:15
   |
75 | pub(crate) fn inputs(pairs: Vec<[Vec<F>; 2]>, num_vars: usize) -> (Vec<[Vec<F>; 2]>, Vec<()>) {
   |               ^^^^^^

warning: function `encode` is never used
   --> src/sumcheck/inner/binary.rs:159:15
    |
159 | pub(crate) fn encode(
    |               ^^^^^^

warning: associated function `quadratic` is never used
   --> src/sumcheck/inner/evaluation_form.rs:152:19
    |
151 | impl<F> MultiDegreeSumcheckProof<F> {
    | ----------------------------------- associated function in this implementation
152 |     pub(crate) fn quadratic(
    |                   ^^^^^^^^^

warning: associated function `new` is never used
   --> src/sumcheck/inner/native.rs:301:19
    |
300 | impl NativeConstantPrefix {
    | ------------------------- associated function in this implementation
301 |     pub(crate) fn new(block_len: usize) -> Self {
    |                   ^^^

warning: struct `TailPiece` is never constructed
   --> src/sumcheck/inner/packed/composite.rs:241:8
    |
241 | struct TailPiece {
    |        ^^^^^^^^^

warning: function `tail_pieces` is never used
   --> src/sumcheck/inner/packed/composite.rs:252:4
    |
252 | fn tail_pieces<const K: usize>(
    |    ^^^^^^^^^^^

warning: function `ternary_extension_table` is never used
   --> src/sumcheck/inner/packed/composite.rs:323:4
    |
323 | fn ternary_extension_table<const K: usize>() -> Vec<[i8; 16]> {
    |    ^^^^^^^^^^^^^^^^^^^^^^^

warning: struct `TailShapeState` is never constructed
   --> src/sumcheck/inner/packed/composite.rs:367:8
    |
367 | struct TailShapeState {
    |        ^^^^^^^^^^^^^^

warning: associated function `new` is never used
   --> src/sumcheck/inner/packed/composite.rs:373:8
    |
372 | impl TailShapeState {
    | ------------------- associated function in this implementation
373 |     fn new<const K: usize>() -> Self {
    |        ^^^

warning: function `shape_index` is never used
   --> src/sumcheck/inner/packed/composite.rs:385:4
    |
385 | fn shape_index<const K: usize>(lo: usize, hi: usize) -> usize {
    |    ^^^^^^^^^^^

warning: function `accumulate_tail_block` is never used
   --> src/sumcheck/inner/packed/composite.rs:391:4
    |
391 | fn accumulate_tail_block<const K: usize, H: Sha256InnerBitSource + ?Sized>(
    |    ^^^^^^^^^^^^^^^^^^^^^

warning: function `tail_run_beta_values` is never used
   --> src/sumcheck/inner/packed/composite.rs:441:4
    |
441 | fn tail_run_beta_values<const K: usize, H: Sha256InnerBitSource + ?Sized>(
    |    ^^^^^^^^^^^^^^^^^^^^

warning: function `finish_tail_shapes` is never used
   --> src/sumcheck/inner/packed/composite.rs:528:4
    |
528 | fn finish_tail_shapes<const K: usize>(state: TailShapeState, cfg: &FieldConfig, zero: &Field) -> Result<Vec<Field>, SumcheckError> {
    |    ^^^^^^^^^^^^^^^^^^

warning: struct `RepeatedState` is never constructed
   --> src/sumcheck/inner/packed/composite.rs:598:8
    |
598 | struct RepeatedState {
    |        ^^^^^^^^^^^^^

warning: function `repeated_beta_values` is never used
   --> src/sumcheck/inner/packed/composite.rs:611:4
    |
611 | fn repeated_beta_values<const K: usize, H: Sha256InnerBitSource + ?Sized>(
    |    ^^^^^^^^^^^^^^^^^^^^

warning: method `len` is never used
   --> src/sumcheck/outer/arithmetic.rs:100:19
    |
 91 | impl<'a> NativeProducts<'a> {
    | --------------------------- method in this implementation
...
100 |     pub(crate) fn len(&self) -> usize {
    |                   ^^^

warning: function `validate_products_for_skip` is never used
   --> src/sumcheck/outer/univariate.rs:681:4
    |
681 | fn validate_products_for_skip<F>(
    |    ^^^^^^^^^^^^^^^^^^^^^^^^^^

warning: function `validate_equality_factors` is never used
   --> src/sumcheck/outer/univariate.rs:705:4
    |
705 | fn validate_equality_factors<F>(
    |    ^^^^^^^^^^^^^^^^^^^^^^^^^

warning: function `has_dense_shape` is never used
   --> src/sumcheck/outer/univariate.rs:735:4
    |
735 | fn has_dense_shape<F>(mle: &DenseMultilinearExtension<F>) -> bool {
    |    ^^^^^^^^^^^^^^^

warning: variant `Independent` is never constructed
   --> src/sumcheck/bridge/native.rs:195:5
    |
187 | pub(crate) enum RowFunctional<'a> {
    |                 ------------- variant in this enum
...
195 |     Independent([&'a [field::Fp<2>]; 3]),
    |     ^^^^^^^^^^^
    |
    = note: `RowFunctional` has a derived impl for the trait `Clone`, but this is intentionally ignored during dead code analysis

warning: `bitz` (lib) generated 78 warnings (run `cargo fix --lib -p bitz` to apply 4 suggestions)
warning: unused import: `smallest_generator`
   --> src/bin/bitz.rs:113:38
    |
113 | use bitz::pcs::{IntegerMatrixLayout, smallest_generator};
    |                                      ^^^^^^^^^^^^^^^^^^
    |
    = note: `#[warn(unused_imports)]` (part of `#[warn(unused)]`) on by default

warning: unused import: `super::*`
   --> benches/common/falcon_affinity.rs:399:9
    |
399 |     use super::*;
    |         ^^^^^^^^
    |
    = note: `#[warn(unused_imports)]` (part of `#[warn(unused)]`) on by default

warning: field `verifier_tid` is never read
  --> examples/../benches/common/falcon_affinity.rs:21:5
   |
11 | pub struct AffinityReport {
   |            -------------- field in this struct
...
21 |     verifier_tid: Option<i32>,
   |     ^^^^^^^^^^^^
   |
   = note: `AffinityReport` has a derived impl for the trait `Debug`, but this is intentionally ignored during dead code analysis
   = note: `#[warn(dead_code)]` (part of `#[warn(unused)]`) on by default

warning: struct `VerifierThreadAffinity` is never constructed
  --> examples/../benches/common/falcon_affinity.rs:25:12
   |
25 | pub struct VerifierThreadAffinity {
   |            ^^^^^^^^^^^^^^^^^^^^^^

warning: function `verify_after_trial` is never used
   --> examples/../benches/common/falcon_affinity.rs:136:8
    |
136 | pub fn verify_after_trial(
    |        ^^^^^^^^^^^^^^^^^^

warning: function `unique_verifier_tid` is never used
   --> examples/../benches/common/falcon_affinity.rs:266:8
    |
266 |     fn unique_verifier_tid(tids: &[i32]) -> io::Result<i32> {
    |        ^^^^^^^^^^^^^^^^^^^

warning: function `find_verifier_tid` is never used
   --> examples/../benches/common/falcon_affinity.rs:276:8
    |
276 |     fn find_verifier_tid() -> io::Result<i32> {
    |        ^^^^^^^^^^^^^^^^^

warning: function `verify_thread` is never used
   --> examples/../benches/common/falcon_affinity.rs:297:19
    |
297 |     pub(super) fn verify_thread(report: &mut AffinityReport) -> io::Result<VerifierThreadAffinity> {
    |                   ^^^^^^^^^^^^^

warning: `bitz` (example "falcon_algebraic") generated 6 warnings
warning: `bitz` (bin "bitz") generated 1 warning (run `cargo fix --bin "bitz" -p bitz` to apply 1 suggestion)
warning: `bitz` (bench "falcon_hybrid") generated 1 warning (run `cargo fix --bench "falcon_hybrid" -p bitz` to apply 1 suggestion)
    Finished `release` profile [optimized] target(s) in 2m 33s
