arch=aarch64 shared_kernel=neon sha3=true seed=7961
RUNTIME {"aes":true,"arch":"aarch64","arithmetic_campaign":true,"avx512f":false,"baseline_all_core_threads":1,"caller_threads":1,"candidate_all_core_threads":0,"candidate_mul_kernel":"arm-pmull-scalar-lanes","candidate_snapshot":false,"flock_kernel":"arm-pmull","pclmulqdq":false,"seed":7961,"sha3":true,"shared_kernel":"neon","vpclmulqdq":false}
correctness: all basis products, 4096 random products, square/encoding/inversion, dot tails passed
completed opt_integer_mac/l1_signed16_n16: 6 variants, 32 paired samples
completed opt_integer_mac/l1_signed16_n1024: 6 variants, 32 paired samples
completed opt_integer_mac/l1_signed16_n65536: 6 variants, 32 paired samples
completed opt_integer_mac/l1_full_n16: 6 variants, 32 paired samples
completed opt_integer_mac/l1_full_n1024: 6 variants, 32 paired samples
completed opt_integer_mac/l1_full_n65536: 6 variants, 32 paired samples
completed opt_integer_mac/l2_signed16_n16: 5 variants, 32 paired samples
completed opt_integer_mac/l2_signed16_n1024: 5 variants, 32 paired samples
completed opt_integer_mac/l2_signed16_n65536: 5 variants, 32 paired samples
completed opt_integer_mac/l2_full_n16: 5 variants, 32 paired samples
completed opt_integer_mac/l2_full_n1024: 5 variants, 32 paired samples
completed opt_integer_mac/l2_full_n65536: 5 variants, 32 paired samples
completed opt_integer_mac/l4_signed16_n16: 7 variants, 32 paired samples
completed opt_integer_mac/l4_signed16_n1024: 7 variants, 32 paired samples
completed opt_integer_mac/l4_signed16_n65536: 7 variants, 32 paired samples
completed opt_integer_mac/l4_full_n16: 7 variants, 32 paired samples
completed opt_integer_mac/l4_full_n1024: 7 variants, 32 paired samples
completed opt_integer_mac/l4_full_n65536: 7 variants, 32 paired samples
completed opt_integer_mac/l9_signed16_n16: 5 variants, 32 paired samples
completed opt_integer_mac/l9_signed16_n1024: 5 variants, 32 paired samples
completed opt_integer_mac/l9_signed16_n65536: 5 variants, 32 paired samples
completed opt_integer_mac/l9_full_n16: 5 variants, 32 paired samples
completed opt_integer_mac/l9_full_n1024: 5 variants, 32 paired samples
completed opt_integer_mac/l9_full_n65536: 5 variants, 32 paired samples
completed opt_projection/q100_l2_n16: 4 variants, 32 paired samples
completed opt_projection/q100_l2_n1024: 4 variants, 32 paired samples
completed opt_projection_setup/q100_l2: 1 variants, 32 paired samples
completed opt_projection/q128_l2_n16: 4 variants, 32 paired samples
completed opt_projection/q128_l2_n1024: 4 variants, 32 paired samples
completed opt_projection_setup/q128_l2: 1 variants, 32 paired samples
completed opt_projection/q100_l4_n16: 4 variants, 32 paired samples
completed opt_projection/q100_l4_n1024: 4 variants, 32 paired samples
completed opt_projection_setup/q100_l4: 1 variants, 32 paired samples
completed opt_projection/q128_l4_n16: 4 variants, 32 paired samples
completed opt_projection/q128_l4_n1024: 4 variants, 32 paired samples
completed opt_projection_setup/q128_l4: 1 variants, 32 paired samples
completed opt_projection/q100_l9_n16: 4 variants, 32 paired samples
completed opt_projection/q100_l9_n1024: 4 variants, 32 paired samples
completed opt_projection_setup/q100_l9: 1 variants, 32 paired samples
completed opt_projection/q128_l9_n16: 4 variants, 32 paired samples
completed opt_projection/q128_l9_n1024: 4 variants, 32 paired samples
completed opt_projection_setup/q128_l9: 1 variants, 32 paired samples
completed opt_divrem64/l2_n16: 4 variants, 32 paired samples
completed opt_divrem64/l2_n1024: 4 variants, 32 paired samples
completed opt_divrem64/l4_n16: 4 variants, 32 paired samples
completed opt_divrem64/l4_n1024: 4 variants, 32 paired samples
completed opt_divrem64/l9_n16: 4 variants, 32 paired samples
completed opt_divrem64/l9_n1024: 4 variants, 32 paired samples
completed opt_divrem64/l32_n16: 4 variants, 32 paired samples
completed opt_divrem64/l32_n1024: 4 variants, 32 paired samples
completed opt_divrem64/l64_n16: 4 variants, 32 paired samples
completed opt_divrem64/l64_n1024: 4 variants, 32 paired samples
completed opt_uint_add/l1_n16: 3 variants, 32 paired samples
completed opt_uint_checked_add/l1_n16: 4 variants, 32 paired samples
completed opt_int_checked_add/l1_n16: 3 variants, 32 paired samples
completed opt_uint_sub/l1_n16: 3 variants, 32 paired samples
completed opt_uint_checked_sub/l1_n16: 4 variants, 32 paired samples
completed opt_int_checked_sub/l1_n16: 3 variants, 32 paired samples
completed opt_uint_add/l1_n1024: 3 variants, 32 paired samples
completed opt_uint_checked_add/l1_n1024: 4 variants, 32 paired samples
completed opt_int_checked_add/l1_n1024: 3 variants, 32 paired samples
completed opt_uint_sub/l1_n1024: 3 variants, 32 paired samples
completed opt_uint_checked_sub/l1_n1024: 4 variants, 32 paired samples
completed opt_int_checked_sub/l1_n1024: 3 variants, 32 paired samples
completed opt_uint_add/l2_n16: 3 variants, 32 paired samples
completed opt_uint_checked_add/l2_n16: 4 variants, 32 paired samples
completed opt_int_checked_add/l2_n16: 3 variants, 32 paired samples
completed opt_uint_sub/l2_n16: 3 variants, 32 paired samples
completed opt_uint_checked_sub/l2_n16: 4 variants, 32 paired samples
completed opt_int_checked_sub/l2_n16: 3 variants, 32 paired samples
completed opt_uint_add/l2_n1024: 3 variants, 32 paired samples
completed opt_uint_checked_add/l2_n1024: 4 variants, 32 paired samples
completed opt_int_checked_add/l2_n1024: 3 variants, 32 paired samples
completed opt_uint_sub/l2_n1024: 3 variants, 32 paired samples
completed opt_uint_checked_sub/l2_n1024: 4 variants, 32 paired samples
completed opt_int_checked_sub/l2_n1024: 3 variants, 32 paired samples
completed opt_uint_add/l4_n16: 3 variants, 32 paired samples
completed opt_uint_checked_add/l4_n16: 4 variants, 32 paired samples
completed opt_int_checked_add/l4_n16: 3 variants, 32 paired samples
completed opt_uint_sub/l4_n16: 3 variants, 32 paired samples
completed opt_uint_checked_sub/l4_n16: 4 variants, 32 paired samples
completed opt_int_checked_sub/l4_n16: 3 variants, 32 paired samples
completed opt_uint_add/l4_n1024: 3 variants, 32 paired samples
completed opt_uint_checked_add/l4_n1024: 4 variants, 32 paired samples
completed opt_int_checked_add/l4_n1024: 3 variants, 32 paired samples
completed opt_uint_sub/l4_n1024: 3 variants, 32 paired samples
completed opt_uint_checked_sub/l4_n1024: 4 variants, 32 paired samples
completed opt_int_checked_sub/l4_n1024: 3 variants, 32 paired samples
completed opt_uint_add/l9_n16: 3 variants, 32 paired samples
completed opt_uint_checked_add/l9_n16: 4 variants, 32 paired samples
completed opt_int_checked_add/l9_n16: 3 variants, 32 paired samples
completed opt_uint_sub/l9_n16: 3 variants, 32 paired samples
completed opt_uint_checked_sub/l9_n16: 4 variants, 32 paired samples
completed opt_int_checked_sub/l9_n16: 3 variants, 32 paired samples
completed opt_uint_add/l9_n1024: 3 variants, 32 paired samples
completed opt_uint_checked_add/l9_n1024: 4 variants, 32 paired samples
completed opt_int_checked_add/l9_n1024: 3 variants, 32 paired samples
completed opt_uint_sub/l9_n1024: 3 variants, 32 paired samples
completed opt_uint_checked_sub/l9_n1024: 4 variants, 32 paired samples
completed opt_int_checked_sub/l9_n1024: 3 variants, 32 paired samples
completed opt_exact_product/a1_b1_n16: 2 variants, 32 paired samples
completed opt_exact_product/a1_b1_n1024: 2 variants, 32 paired samples
completed opt_exact_product/a2_b2_n16: 2 variants, 32 paired samples
completed opt_exact_product/a2_b2_n1024: 2 variants, 32 paired samples
completed opt_exact_product/a4_b4_n16: 2 variants, 32 paired samples
completed opt_exact_product/a4_b4_n1024: 2 variants, 32 paired samples
completed opt_exact_product/a9_b9_n16: 2 variants, 32 paired samples
completed opt_exact_product/a9_b9_n1024: 2 variants, 32 paired samples
completed opt_exact_product/a2_b9_n16: 2 variants, 32 paired samples
completed opt_exact_product/a2_b9_n1024: 2 variants, 32 paired samples
completed opt_exact_product/a32_b32_n16: 2 variants, 32 paired samples
completed opt_exact_product/a32_b32_n1024: 2 variants, 32 paired samples
completed opt_exact_product/a64_b64_n16: 2 variants, 32 paired samples
completed opt_exact_product/a64_b64_n1024: 2 variants, 32 paired samples
completed opt_exact_unsigned_mac/l2_n16: 3 variants, 32 paired samples
completed opt_exact_signed_mac/l2_n16: 2 variants, 32 paired samples
completed opt_exact_unsigned_mac/l2_n1024: 3 variants, 32 paired samples
completed opt_exact_signed_mac/l2_n1024: 2 variants, 32 paired samples
completed opt_exact_unsigned_mac/l4_n16: 3 variants, 32 paired samples
completed opt_exact_signed_mac/l4_n16: 2 variants, 32 paired samples
completed opt_exact_unsigned_mac/l4_n1024: 3 variants, 32 paired samples
completed opt_exact_signed_mac/l4_n1024: 2 variants, 32 paired samples
completed opt_exact_unsigned_mac/l9_n16: 3 variants, 32 paired samples
completed opt_exact_signed_mac/l9_n16: 2 variants, 32 paired samples
completed opt_exact_unsigned_mac/l9_n1024: 3 variants, 32 paired samples
completed opt_exact_signed_mac/l9_n1024: 2 variants, 32 paired samples
completed opt_prime_dot/q100_n16: 3 variants, 32 paired samples
completed opt_prime_linear/q100_n16: 2 variants, 32 paired samples
completed opt_prime_dot/q100_n1024: 3 variants, 32 paired samples
completed opt_prime_linear/q100_n1024: 2 variants, 32 paired samples
completed opt_prime_dot/q100_n65536: 3 variants, 32 paired samples
completed opt_prime_linear/q100_n65536: 2 variants, 32 paired samples
completed opt_prime_dot/q128_n16: 3 variants, 32 paired samples
completed opt_prime_linear/q128_n16: 2 variants, 32 paired samples
completed opt_prime_dot/q128_n1024: 3 variants, 32 paired samples
completed opt_prime_linear/q128_n1024: 2 variants, 32 paired samples
completed opt_prime_dot/q128_n65536: 3 variants, 32 paired samples
completed opt_prime_linear/q128_n65536: 2 variants, 32 paired samples
completed opt_batch_inverse/q100_nonzero_n16: 3 variants, 32 paired samples
completed opt_batch_inverse_reuse/q100_nonzero_n16: 2 variants, 32 paired samples
completed opt_batch_inverse/q100_nonzero_n1024: 3 variants, 32 paired samples
completed opt_batch_inverse_reuse/q100_nonzero_n1024: 2 variants, 32 paired samples
completed opt_batch_inverse/q100_mixed_n16: 3 variants, 32 paired samples
completed opt_batch_inverse_reuse/q100_mixed_n16: 2 variants, 32 paired samples
completed opt_batch_inverse/q100_mixed_n1024: 3 variants, 32 paired samples
completed opt_batch_inverse_reuse/q100_mixed_n1024: 2 variants, 32 paired samples
completed opt_batch_inverse/q100_zero_n16: 3 variants, 32 paired samples
completed opt_batch_inverse_reuse/q100_zero_n16: 2 variants, 32 paired samples
completed opt_batch_inverse/q100_zero_n1024: 3 variants, 32 paired samples
completed opt_batch_inverse_reuse/q100_zero_n1024: 2 variants, 32 paired samples
completed opt_batch_inverse/q128_nonzero_n16: 3 variants, 32 paired samples
completed opt_batch_inverse_reuse/q128_nonzero_n16: 2 variants, 32 paired samples
completed opt_batch_inverse/q128_nonzero_n1024: 3 variants, 32 paired samples
completed opt_batch_inverse_reuse/q128_nonzero_n1024: 2 variants, 32 paired samples
completed opt_batch_inverse/q128_mixed_n16: 3 variants, 32 paired samples
completed opt_batch_inverse_reuse/q128_mixed_n16: 2 variants, 32 paired samples
completed opt_batch_inverse/q128_mixed_n1024: 3 variants, 32 paired samples
completed opt_batch_inverse_reuse/q128_mixed_n1024: 2 variants, 32 paired samples
completed opt_batch_inverse/q128_zero_n16: 3 variants, 32 paired samples
completed opt_batch_inverse_reuse/q128_zero_n16: 2 variants, 32 paired samples
completed opt_batch_inverse/q128_zero_n1024: 3 variants, 32 paired samples
completed opt_batch_inverse_reuse/q128_zero_n1024: 2 variants, 32 paired samples
completed opt_prime_public_pow/e17_n16: 2 variants, 32 paired samples
completed opt_prime_public_pow/e17_n1024: 2 variants, 32 paired samples
completed opt_prime_public_pow/e127_n16: 2 variants, 32 paired samples
completed opt_prime_public_pow/e127_n1024: 2 variants, 32 paired samples
completed opt_gf_fixed/zero_n16: 3 variants, 32 paired samples
completed opt_gf_butterfly/zero_n16: 2 variants, 32 paired samples
completed opt_gf_fixed/zero_n1024: 3 variants, 32 paired samples
completed opt_gf_butterfly/zero_n1024: 2 variants, 32 paired samples
completed opt_gf_fixed/zero_n65536: 3 variants, 32 paired samples
completed opt_gf_butterfly/zero_n65536: 2 variants, 32 paired samples
completed opt_gf_fixed/half_n16: 3 variants, 32 paired samples
completed opt_gf_butterfly/half_n16: 2 variants, 32 paired samples
completed opt_gf_fixed/half_n1024: 3 variants, 32 paired samples
completed opt_gf_butterfly/half_n1024: 2 variants, 32 paired samples
completed opt_gf_fixed/half_n65536: 3 variants, 32 paired samples
completed opt_gf_butterfly/half_n65536: 2 variants, 32 paired samples
completed opt_gf_fixed/full_n16: 3 variants, 32 paired samples
completed opt_gf_butterfly/full_n16: 2 variants, 32 paired samples
completed opt_gf_fixed/full_n1024: 3 variants, 32 paired samples
completed opt_gf_butterfly/full_n1024: 2 variants, 32 paired samples
completed opt_gf_fixed/full_n65536: 3 variants, 32 paired samples
completed opt_gf_butterfly/full_n65536: 2 variants, 32 paired samples
completed opt_gf_round/16: 3 variants, 32 paired samples
completed opt_gf_round/1024: 3 variants, 32 paired samples
completed opt_gf_round/65536: 3 variants, 32 paired samples
completed opt_gf_two_pair/16: 2 variants, 32 paired samples
completed opt_gf_fold_round/16: 2 variants, 32 paired samples
completed opt_gf_grid/16: 2 variants, 32 paired samples
completed opt_gf_two_pair/1024: 2 variants, 32 paired samples
completed opt_gf_fold_round/1024: 2 variants, 32 paired samples
completed opt_gf_grid/1024: 2 variants, 32 paired samples
completed opt_gf8_mul/16: 2 variants, 32 paired samples
completed opt_gf8_inverse/16: 2 variants, 32 paired samples
completed opt_phi8/16: 2 variants, 32 paired samples
completed opt_b127_mul/16: 3 variants, 32 paired samples
completed opt_gf8_mul/1024: 2 variants, 32 paired samples
completed opt_gf8_inverse/1024: 2 variants, 32 paired samples
completed opt_phi8/1024: 2 variants, 32 paired samples
completed opt_b127_mul/1024: 3 variants, 32 paired samples
completed opt_gf8_mul/65536: 2 variants, 32 paired samples
completed opt_gf8_inverse/65536: 2 variants, 32 paired samples
completed opt_phi8/65536: 2 variants, 32 paired samples
completed opt_b127_mul/65536: 3 variants, 32 paired samples
completed opt_f2_poly_dot/a1_b1_dense_n16: 4 variants, 32 paired samples
completed opt_f2_poly_dot/a1_b1_dense_n1024: 4 variants, 32 paired samples
completed opt_f2_poly_dot/a1_b1_sparse_n16: 4 variants, 32 paired samples
completed opt_f2_poly_dot/a1_b1_sparse_n1024: 4 variants, 32 paired samples
completed opt_f2_poly_dot/a3_b7_dense_n16: 4 variants, 32 paired samples
completed opt_f2_poly_dot/a3_b7_dense_n1024: 4 variants, 32 paired samples
completed opt_f2_poly_dot/a3_b7_sparse_n16: 4 variants, 32 paired samples
completed opt_f2_poly_dot/a3_b7_sparse_n1024: 4 variants, 32 paired samples
completed opt_f2_poly_dot/a9_b9_dense_n16: 4 variants, 32 paired samples
completed opt_f2_poly_dot/a9_b9_dense_n1024: 4 variants, 32 paired samples
completed opt_f2_poly_dot/a9_b9_sparse_n16: 4 variants, 32 paired samples
completed opt_f2_poly_dot/a9_b9_sparse_n1024: 4 variants, 32 paired samples
completed opt_ood/log10: 6 variants, 32 paired samples
completed opt_ood_reuse/log10: 3 variants, 32 paired samples
completed opt_ood/log16: 6 variants, 32 paired samples
completed opt_ood_reuse/log16: 3 variants, 32 paired samples
completed opt_ood/log18: 6 variants, 32 paired samples
completed opt_ood_reuse/log18: 3 variants, 32 paired samples
completed opt_ntt/log8_lanes1: 4 variants, 32 paired samples
completed opt_ntt/log8_lanes32: 4 variants, 32 paired samples
completed opt_ntt/log12_lanes8: 4 variants, 32 paired samples
completed opt_ntt/log15_lanes8: 4 variants, 32 paired samples
completed opt_ntt/log15_lanes32: 4 variants, 32 paired samples
completed opt_ntt/log16_lanes32: 4 variants, 32 paired samples
