     Locking 84 packages to latest Rust 1.98.1 compatible versions
      Adding generic-array v0.14.7 (available: v0.14.9)
      Adding num-bigint v0.4.8 (available: v0.5.1)
   Compiling proc-macro2 v1.0.107
   Compiling unicode-ident v1.0.24
   Compiling quote v1.0.47
   Compiling autocfg v1.5.1
   Compiling serde_core v1.0.229
   Compiling syn v3.0.5
   Compiling serde v1.0.229
   Compiling version_check v0.9.5
   Compiling generic-array v0.14.7
   Compiling serde_derive v1.0.229
   Compiling syn v2.0.119
   Compiling num-traits v0.2.19
   Compiling zerocopy v0.8.57
   Compiling typenum v1.20.1
   Compiling find-msvc-tools v0.1.12
   Compiling shlex v2.0.1
   Compiling cc v1.4.5
   Compiling ppv-lite86 v0.2.21
   Compiling crypto-common v0.1.7
   Compiling block-buffer v0.10.4
   Compiling crossbeam-utils v0.8.23
   Compiling rand_core v0.6.4
   Compiling rand_chacha v0.3.1
   Compiling digest v0.10.7
   Compiling crossbeam-epoch v0.9.21
   Compiling either v1.18.0
   Compiling arrayvec v0.7.8
   Compiling num-integer v0.1.47
   Compiling rand v0.8.8
   Compiling zeroize_derive v1.5.0
   Compiling enum-ordinalize-derive v4.4.2
   Compiling paste v1.0.15
   Compiling crossbeam-deque v0.8.8
   Compiling enum-ordinalize v4.4.2
   Compiling zeroize v1.9.0
   Compiling num-bigint v0.4.8
   Compiling ark-std v0.5.0
   Compiling rand_core v0.10.1
   Compiling rayon-core v1.13.0
   Compiling libc v0.2.189
   Compiling thiserror v2.0.20
   Compiling cmov v0.5.4
   Compiling base16ct v1.0.0
   Compiling ctutils v0.4.2
   Compiling serdect v0.4.3
   Compiling ark-ff-macros v0.5.0
   Compiling ark-serialize v0.5.0
   Compiling educe v0.6.0
   Compiling itertools v0.13.0
   Compiling sha2-asm v0.6.4
   Compiling ark-ff-asm v0.5.0
   Compiling thiserror-impl v2.0.20
   Compiling cpubits v0.1.1
   Compiling equivalent v1.0.2
   Compiling hashbrown v0.17.1
   Compiling indexmap v2.14.2
   Compiling crypto-bigint v0.7.5
   Compiling ark-ff v0.5.0
   Compiling rand v0.10.2
   Compiling blake3 v1.8.7
   Compiling crypto-primitives-proc-macros v0.1.0 (https://github.com/NethermindEth/crypto-primitives.git?rev=3c4232b#3c4232bf)
   Compiling zerocopy-derive v0.8.57
   Compiling serde_spanned v0.6.9
   Compiling toml_datetime v0.6.11
   Compiling toml_write v0.1.2
   Compiling winnow v0.7.15
   Compiling cfg-if v1.0.4
   Compiling pastey v0.2.3
   Compiling crypto-primitives v0.1.0 (https://github.com/NethermindEth/crypto-primitives.git?rev=3c4232b#3c4232bf)
   Compiling toml_edit v0.22.27
   Compiling cpufeatures v0.2.17
   Compiling rayon v1.12.0
   Compiling constant_time_eq v0.4.2
   Compiling sha2 v0.10.9
   Compiling toml v0.8.23
   Compiling field v0.1.0 (/var/folders/q0/v7l8dzd13k7f_q6j80sy03lm0000gn/T/f2z-field-regressions-emqdbh47/crates/field)
   Compiling bincode v1.3.3
   Compiling rand_core v0.9.5
   Compiling flock-core v0.1.0 (/var/folders/q0/v7l8dzd13k7f_q6j80sy03lm0000gn/T/f2z-field-regressions-emqdbh47/vendor/flock-mod/crates/flock-core)
   Compiling circuit v0.1.0 (/var/folders/q0/v7l8dzd13k7f_q6j80sy03lm0000gn/T/f2z-field-regressions-emqdbh47/crates/circuit)
   Compiling field-regressions v0.1.0 (/var/folders/q0/v7l8dzd13k7f_q6j80sy03lm0000gn/T/f2z-field-regressions-emqdbh47/experiments/field-regressions)
error: format argument must be a string literal
   --> src/main.rs:112:33
    |
112 |             assert_eq!(out,want,kernel.name());
    |                                 ^^^^^^^^^^^^^
    |
help: you might be missing a string literal to format with
    |
112 |             assert_eq!(out,want,"{}", kernel.name());
    |                                 +++++

error[E0308]: mismatched types
  --> src/main.rs:76:37
   |
76 |         assert_eq!(shared(a).inv(), shared(a.inv()));
   |                                     ^^^^^^^^^^^^^^^ expected `Option<F128>`, found `F128`
   |
   = note: expected enum `Option<field::F128>`
            found struct `field::F128`
help: try wrapping the expression in `Some`
   |
76 |         assert_eq!(shared(a).inv(), Some(shared(a.inv())));
   |                                     +++++               +

error[E0597]: `copy` does not live long enough
   --> src/main.rs:153:61
    |
152 |         let mut copy=input.clone();
    |             -------- binding `copy` declared here
153 |         cases.push(Case::new("reset_only",input.len()*32,||{copy.copy_from_slice(black_box(&input));black_box(&copy);}));
    |                                                          -- ^^^^ borrowed value does not live long enough
    |                                                          |
    |                                                          value captured here
154 |         measure("ntt",&format!("log{log}_lanes{lanes}"),&mut cases,samples,rng);
155 |     }
    |     -
    |     |
    |     `copy` dropped here while still borrowed
    |     borrow might be used here, when `cases` is dropped and runs the `Drop` code for type `Vec`
    |
    = note: values in a scope are dropped in the opposite order they are defined

Some errors have detailed explanations: E0308, E0597.
For more information about an error, try `rustc --explain E0308`.
error: could not compile `field-regressions` (bin "field-regressions") due to 3 previous errors
