Starting batch-32-security-100-threads-1-baseline
Finished batch-32-security-100-threads-1-baseline in 0.7s
Starting batch-32-security-100-threads-1-candidate
Finished batch-32-security-100-threads-1-candidate in 0.7s
{"batch": 32, "security_bits": 100, "threads": 1, "samples_per_variant": 5, "baseline_witness_commit_ms": 8.174267, "baseline_prove_ms": 76.534199, "baseline_total_prover_ms": 84.707385, "baseline_verify_ms": 9.123093, "baseline_total_prover_ms_min": 84.359707, "baseline_total_prover_ms_max": 85.21986600000001, "baseline_total_prover_ms_stdev": 0.31722379263668526, "baseline_peak_rss_mib": 25.91015625, "candidate_witness_commit_ms": 5.316901, "candidate_prove_ms": 77.32190999999999, "candidate_total_prover_ms": 82.63887100000001, "candidate_verify_ms": 9.123984, "candidate_total_prover_ms_min": 81.732976, "candidate_total_prover_ms_max": 83.16559799999999, "candidate_total_prover_ms_stdev": 0.5699213645475117, "candidate_peak_rss_mib": 25.9453125, "witness_commit_ms_reduction_percent": 34.955623543982604, "total_prover_ms_reduction_percent": 2.4419523752267747, "proof_payload_bytes": 134586}
Starting batch-32-security-100-threads-16-candidate
Finished batch-32-security-100-threads-16-candidate in 0.3s
Starting batch-32-security-100-threads-16-baseline
Finished batch-32-security-100-threads-16-baseline in 0.3s
{"batch": 32, "security_bits": 100, "threads": 16, "samples_per_variant": 5, "baseline_witness_commit_ms": 2.4906129999999997, "baseline_prove_ms": 15.274473, "baseline_total_prover_ms": 17.781387, "baseline_verify_ms": 5.183989, "baseline_total_prover_ms_min": 17.607226999999998, "baseline_total_prover_ms_max": 18.270081, "baseline_total_prover_ms_stdev": 0.2795903752998313, "baseline_peak_rss_mib": 39.83984375, "candidate_witness_commit_ms": 2.258955, "candidate_prove_ms": 15.258553, "candidate_total_prover_ms": 17.517918, "candidate_verify_ms": 5.13165, "candidate_total_prover_ms_min": 17.360611000000002, "candidate_total_prover_ms_max": 17.918235000000003, "candidate_total_prover_ms_stdev": 0.20882655362764588, "candidate_peak_rss_mib": 37.60546875, "witness_commit_ms_reduction_percent": 9.30124431214323, "total_prover_ms_reduction_percent": 1.481712309619021, "proof_payload_bytes": 134586}
Starting batch-32-security-100-threads-2-baseline
Finished batch-32-security-100-threads-2-baseline in 0.4s
Starting batch-32-security-100-threads-2-candidate
Finished batch-32-security-100-threads-2-candidate in 0.4s
{"batch": 32, "security_bits": 100, "threads": 2, "samples_per_variant": 5, "baseline_witness_commit_ms": 4.92542, "baseline_prove_ms": 41.700567, "baseline_total_prover_ms": 46.629082000000004, "baseline_verify_ms": 6.866754, "baseline_total_prover_ms_min": 46.485321000000006, "baseline_total_prover_ms_max": 47.683248, "baseline_total_prover_ms_stdev": 0.4874326951854975, "baseline_peak_rss_mib": 26.16015625, "candidate_witness_commit_ms": 3.540099, "candidate_prove_ms": 41.674307, "candidate_total_prover_ms": 45.411398, "candidate_verify_ms": 6.817169, "candidate_total_prover_ms_min": 45.164601999999995, "candidate_total_prover_ms_max": 45.734891, "candidate_total_prover_ms_stdev": 0.20908972317476543, "candidate_peak_rss_mib": 26.15625, "witness_commit_ms_reduction_percent": 28.12594661978064, "total_prover_ms_reduction_percent": 2.611426062387434, "proof_payload_bytes": 134586}
Starting batch-32-security-100-threads-8-candidate
Finished batch-32-security-100-threads-8-candidate in 0.3s
Starting batch-32-security-100-threads-8-baseline
Finished batch-32-security-100-threads-8-baseline in 0.3s
{"batch": 32, "security_bits": 100, "threads": 8, "samples_per_variant": 5, "baseline_witness_commit_ms": 2.7319500000000003, "baseline_prove_ms": 16.215162000000003, "baseline_total_prover_ms": 18.978101000000002, "baseline_verify_ms": 5.244373, "baseline_total_prover_ms_min": 18.748075, "baseline_total_prover_ms_max": 19.349553, "baseline_total_prover_ms_stdev": 0.24690077507128244, "baseline_peak_rss_mib": 31.45703125, "candidate_witness_commit_ms": 2.3473420000000003, "candidate_prove_ms": 15.996628999999999, "candidate_total_prover_ms": 18.461393, "candidate_verify_ms": 5.187937, "candidate_total_prover_ms_min": 18.316409, "candidate_total_prover_ms_max": 18.549901000000002, "candidate_total_prover_ms_stdev": 0.08942765300118372, "candidate_peak_rss_mib": 31.578125, "witness_commit_ms_reduction_percent": 14.07814930727136, "total_prover_ms_reduction_percent": 2.7226538629971486, "proof_payload_bytes": 134586}
Starting batch-32-security-100-threads-4-baseline
Finished batch-32-security-100-threads-4-baseline in 0.3s
Starting batch-32-security-100-threads-4-candidate
Finished batch-32-security-100-threads-4-candidate in 0.3s
{"batch": 32, "security_bits": 100, "threads": 4, "samples_per_variant": 5, "baseline_witness_commit_ms": 3.737532, "baseline_prove_ms": 24.516, "baseline_total_prover_ms": 28.341458, "baseline_verify_ms": 5.70754, "baseline_total_prover_ms_min": 27.938947, "baseline_total_prover_ms_max": 28.451537, "baseline_total_prover_ms_stdev": 0.1979766540542094, "baseline_peak_rss_mib": 27.97265625, "candidate_witness_commit_ms": 2.9370469999999997, "candidate_prove_ms": 24.672677, "candidate_total_prover_ms": 27.452946999999998, "candidate_verify_ms": 5.712029, "candidate_total_prover_ms_min": 27.424894, "candidate_total_prover_ms_max": 27.958724, "candidate_total_prover_ms_stdev": 0.2490251903918563, "candidate_peak_rss_mib": 28.0546875, "witness_commit_ms_reduction_percent": 21.41747548917308, "total_prover_ms_reduction_percent": 3.1350221996341965, "proof_payload_bytes": 134586}
Starting batch-32-security-128-threads-1-candidate
Finished batch-32-security-128-threads-1-candidate in 0.8s
Starting batch-32-security-128-threads-1-baseline
Finished batch-32-security-128-threads-1-baseline in 0.8s
{"batch": 32, "security_bits": 128, "threads": 1, "samples_per_variant": 5, "baseline_witness_commit_ms": 8.163668, "baseline_prove_ms": 94.646672, "baseline_total_prover_ms": 102.820229, "baseline_verify_ms": 9.713601, "baseline_total_prover_ms_min": 102.72049, "baseline_total_prover_ms_max": 103.474697, "baseline_total_prover_ms_stdev": 0.311135829554395, "baseline_peak_rss_mib": 25.921875, "candidate_witness_commit_ms": 5.310208, "candidate_prove_ms": 94.947182, "candidate_total_prover_ms": 100.25136699999999, "candidate_verify_ms": 9.74991, "candidate_total_prover_ms_min": 99.974514, "candidate_total_prover_ms_max": 100.894605, "candidate_total_prover_ms_stdev": 0.34988372222025454, "candidate_peak_rss_mib": 25.7421875, "witness_commit_ms_reduction_percent": 34.95316076057967, "total_prover_ms_reduction_percent": 2.4984013603004285, "proof_payload_bytes": 156410}
Starting batch-32-security-128-threads-16-baseline
Finished batch-32-security-128-threads-16-baseline in 0.3s
Starting batch-32-security-128-threads-16-candidate
Finished batch-32-security-128-threads-16-candidate in 0.3s
{"batch": 32, "security_bits": 128, "threads": 16, "samples_per_variant": 5, "baseline_witness_commit_ms": 2.605832, "baseline_prove_ms": 18.301880999999998, "baseline_total_prover_ms": 20.923152, "baseline_verify_ms": 5.793521999999999, "baseline_total_prover_ms_min": 20.717382, "baseline_total_prover_ms_max": 21.348146, "baseline_total_prover_ms_stdev": 0.2975919432877846, "baseline_peak_rss_mib": 40.65234375, "candidate_witness_commit_ms": 2.3305000000000002, "candidate_prove_ms": 18.169691, "candidate_total_prover_ms": 20.524186, "candidate_verify_ms": 5.820835, "candidate_total_prover_ms_min": 20.33071, "candidate_total_prover_ms_max": 20.934573, "candidate_total_prover_ms_stdev": 0.22144258893604907, "candidate_peak_rss_mib": 37.4609375, "witness_commit_ms_reduction_percent": 10.565991974923927, "total_prover_ms_reduction_percent": 1.906815952013352, "proof_payload_bytes": 156410}
Starting batch-32-security-128-threads-2-candidate
Finished batch-32-security-128-threads-2-candidate in 0.5s
Starting batch-32-security-128-threads-2-baseline
Finished batch-32-security-128-threads-2-baseline in 0.5s
{"batch": 32, "security_bits": 128, "threads": 2, "samples_per_variant": 5, "baseline_witness_commit_ms": 4.919478, "baseline_prove_ms": 51.497755999999995, "baseline_total_prover_ms": 56.454234, "baseline_verify_ms": 7.444426, "baseline_total_prover_ms_min": 56.311324000000006, "baseline_total_prover_ms_max": 57.050182, "baseline_total_prover_ms_stdev": 0.2906083809944221, "baseline_peak_rss_mib": 26.1640625, "candidate_witness_commit_ms": 3.479934, "candidate_prove_ms": 51.590741, "candidate_total_prover_ms": 55.063222, "candidate_verify_ms": 7.436561, "candidate_total_prover_ms_min": 55.016463, "candidate_total_prover_ms_max": 55.620125, "candidate_total_prover_ms_stdev": 0.2546419946454235, "candidate_peak_rss_mib": 26.140625, "witness_commit_ms_reduction_percent": 29.262129030763017, "total_prover_ms_reduction_percent": 2.4639639960396864, "proof_payload_bytes": 156410}
Starting batch-32-security-128-threads-8-baseline
Finished batch-32-security-128-threads-8-baseline in 0.3s
Starting batch-32-security-128-threads-8-candidate
Finished batch-32-security-128-threads-8-candidate in 0.3s
{"batch": 32, "security_bits": 128, "threads": 8, "samples_per_variant": 5, "baseline_witness_commit_ms": 2.7957409999999996, "baseline_prove_ms": 19.536656999999998, "baseline_total_prover_ms": 22.55029, "baseline_verify_ms": 5.821416, "baseline_total_prover_ms_min": 22.252966999999998, "baseline_total_prover_ms_max": 22.844797, "baseline_total_prover_ms_stdev": 0.25582105623912216, "baseline_peak_rss_mib": 31.421875, "candidate_witness_commit_ms": 2.4671179999999997, "candidate_prove_ms": 19.648529, "candidate_total_prover_ms": 22.063760000000002, "candidate_verify_ms": 5.787551000000001, "candidate_total_prover_ms_min": 21.898987, "candidate_total_prover_ms_max": 22.490477, "candidate_total_prover_ms_stdev": 0.23293154576677563, "candidate_peak_rss_mib": 32.640625, "witness_commit_ms_reduction_percent": 11.754415019130882, "total_prover_ms_reduction_percent": 2.1575332290626803, "proof_payload_bytes": 156410}
Starting batch-32-security-128-threads-4-candidate
Finished batch-32-security-128-threads-4-candidate in 0.4s
Starting batch-32-security-128-threads-4-baseline
Finished batch-32-security-128-threads-4-baseline in 0.4s
{"batch": 32, "security_bits": 128, "threads": 4, "samples_per_variant": 5, "baseline_witness_commit_ms": 3.459096, "baseline_prove_ms": 30.300856, "baseline_total_prover_ms": 33.928731, "baseline_verify_ms": 6.359433999999999, "baseline_total_prover_ms_min": 33.702333, "baseline_total_prover_ms_max": 34.126314, "baseline_total_prover_ms_stdev": 0.15182530109866352, "baseline_peak_rss_mib": 27.8984375, "candidate_witness_commit_ms": 2.987823, "candidate_prove_ms": 30.54596, "candidate_total_prover_ms": 33.534164, "candidate_verify_ms": 6.338644, "candidate_total_prover_ms_min": 33.25176, "candidate_total_prover_ms_max": 33.85966, "candidate_total_prover_ms_stdev": 0.22873317704522048, "candidate_peak_rss_mib": 27.96484375, "witness_commit_ms_reduction_percent": 13.624166545247663, "total_prover_ms_reduction_percent": 1.1629288463514964, "proof_payload_bytes": 156410}
Starting batch-1024-security-100-threads-1-baseline
Finished batch-1024-security-100-threads-1-baseline in 18.1s
Starting batch-1024-security-100-threads-1-candidate
Finished batch-1024-security-100-threads-1-candidate in 17.7s
{"batch": 1024, "security_bits": 100, "threads": 1, "samples_per_variant": 5, "baseline_witness_commit_ms": 256.409714, "baseline_prove_ms": 2163.604649, "baseline_total_prover_ms": 2420.9314090000003, "baseline_verify_ms": 212.37977899999998, "baseline_total_prover_ms_min": 2418.1672280000003, "baseline_total_prover_ms_max": 2426.552815, "baseline_total_prover_ms_stdev": 3.956807293911222, "baseline_peak_rss_mib": 379.0390625, "candidate_witness_commit_ms": 163.978564, "candidate_prove_ms": 2193.3114910000004, "candidate_total_prover_ms": 2357.096869, "candidate_verify_ms": 212.146217, "candidate_total_prover_ms_min": 2354.625853, "candidate_total_prover_ms_max": 2372.775336, "candidate_total_prover_ms_stdev": 7.420858838048462, "candidate_peak_rss_mib": 388.59765625, "witness_commit_ms_reduction_percent": 36.04822475641465, "total_prover_ms_reduction_percent": 2.63677606737186, "proof_payload_bytes": 418970}
Starting batch-1024-security-100-threads-16-candidate
Finished batch-1024-security-100-threads-16-candidate in 5.0s
Starting batch-1024-security-100-threads-16-baseline
Finished batch-1024-security-100-threads-16-baseline in 5.1s
{"batch": 1024, "security_bits": 100, "threads": 16, "samples_per_variant": 5, "baseline_witness_commit_ms": 73.713733, "baseline_prove_ms": 325.102947, "baseline_total_prover_ms": 398.69212300000004, "baseline_verify_ms": 71.72447899999999, "baseline_total_prover_ms_min": 397.054715, "baseline_total_prover_ms_max": 399.916451, "baseline_total_prover_ms_stdev": 1.0300681207531863, "baseline_peak_rss_mib": 512.0703125, "candidate_witness_commit_ms": 67.905131, "candidate_prove_ms": 325.681381, "candidate_total_prover_ms": 393.000173, "candidate_verify_ms": 72.538018, "candidate_total_prover_ms_min": 392.314396, "candidate_total_prover_ms_max": 394.456739, "candidate_total_prover_ms_stdev": 0.9015616612715471, "candidate_peak_rss_mib": 516.9140625, "witness_commit_ms_reduction_percent": 7.879945518428711, "total_prover_ms_reduction_percent": 1.4276554944628317, "proof_payload_bytes": 418970}
Starting batch-1024-security-100-threads-2-baseline
Finished batch-1024-security-100-threads-2-baseline in 11.1s
Starting batch-1024-security-100-threads-2-candidate
Finished batch-1024-security-100-threads-2-candidate in 10.8s
{"batch": 1024, "security_bits": 100, "threads": 2, "samples_per_variant": 5, "baseline_witness_commit_ms": 158.427009, "baseline_prove_ms": 1181.04046, "baseline_total_prover_ms": 1339.6842490000001, "baseline_verify_ms": 135.94156099999998, "baseline_total_prover_ms_min": 1338.226702, "baseline_total_prover_ms_max": 1340.9676180000001, "baseline_total_prover_ms_stdev": 1.146425507204227, "baseline_peak_rss_mib": 379.41015625, "candidate_witness_commit_ms": 112.877389, "candidate_prove_ms": 1173.411995, "candidate_total_prover_ms": 1285.966403, "candidate_verify_ms": 135.995633, "candidate_total_prover_ms_min": 1284.4398740000001, "candidate_total_prover_ms_max": 1287.149341, "candidate_total_prover_ms_stdev": 1.088908861248523, "candidate_peak_rss_mib": 382.69921875, "witness_commit_ms_reduction_percent": 28.7511708309787, "total_prover_ms_reduction_percent": 4.009739312834171, "proof_payload_bytes": 418970}
Starting batch-1024-security-100-threads-8-candidate
Finished batch-1024-security-100-threads-8-candidate in 5.8s
Starting batch-1024-security-100-threads-8-baseline
Finished batch-1024-security-100-threads-8-baseline in 5.9s
{"batch": 1024, "security_bits": 100, "threads": 8, "samples_per_variant": 5, "baseline_witness_commit_ms": 85.723929, "baseline_prove_ms": 431.34979899999996, "baseline_total_prover_ms": 517.073908, "baseline_verify_ms": 80.31943299999999, "baseline_total_prover_ms_min": 514.8433180000001, "baseline_total_prover_ms_max": 518.2300260000001, "baseline_total_prover_ms_stdev": 1.4327301661824332, "baseline_peak_rss_mib": 439.78125, "candidate_witness_commit_ms": 74.222526, "candidate_prove_ms": 430.97497, "candidate_total_prover_ms": 505.50654, "candidate_verify_ms": 81.208003, "candidate_total_prover_ms_min": 503.69560300000006, "candidate_total_prover_ms_max": 506.32551, "candidate_total_prover_ms_stdev": 1.0271198890030606, "candidate_peak_rss_mib": 425.1015625, "witness_commit_ms_reduction_percent": 13.416794043586123, "total_prover_ms_reduction_percent": 2.2370821310132682, "proof_payload_bytes": 418970}
Starting batch-1024-security-100-threads-4-baseline
Finished batch-1024-security-100-threads-4-baseline in 7.6s
Starting batch-1024-security-100-threads-4-candidate
Finished batch-1024-security-100-threads-4-candidate in 7.4s
{"batch": 1024, "security_bits": 100, "threads": 4, "samples_per_variant": 5, "baseline_witness_commit_ms": 110.384592, "baseline_prove_ms": 683.1610009999999, "baseline_total_prover_ms": 793.435966, "baseline_verify_ms": 99.332949, "baseline_total_prover_ms_min": 790.0204130000001, "baseline_total_prover_ms_max": 797.072397, "baseline_total_prover_ms_stdev": 2.5189278682940097, "baseline_peak_rss_mib": 404.22265625, "candidate_witness_commit_ms": 87.026523, "candidate_prove_ms": 677.308468, "candidate_total_prover_ms": 764.267373, "candidate_verify_ms": 98.896785, "candidate_total_prover_ms_min": 762.816958, "candidate_total_prover_ms_max": 766.2168419999999, "candidate_total_prover_ms_stdev": 1.237733907893065, "candidate_peak_rss_mib": 407.734375, "witness_commit_ms_reduction_percent": 21.160624482808256, "total_prover_ms_reduction_percent": 3.6762378124916006, "proof_payload_bytes": 418970}
Starting batch-1024-security-128-threads-1-candidate
Finished batch-1024-security-128-threads-1-candidate in 18.0s
Starting batch-1024-security-128-threads-1-baseline
Finished batch-1024-security-128-threads-1-baseline in 18.6s
{"batch": 1024, "security_bits": 128, "threads": 1, "samples_per_variant": 5, "baseline_witness_commit_ms": 256.07288600000004, "baseline_prove_ms": 2246.405667, "baseline_total_prover_ms": 2502.010979, "baseline_verify_ms": 213.908964, "baseline_total_prover_ms_min": 2497.977406, "baseline_total_prover_ms_max": 2507.131237, "baseline_total_prover_ms_stdev": 3.753351988738452, "baseline_peak_rss_mib": 378.78515625, "candidate_witness_commit_ms": 164.739453, "candidate_prove_ms": 2242.032291, "candidate_total_prover_ms": 2406.812502, "candidate_verify_ms": 210.567581, "candidate_total_prover_ms_min": 2403.412388, "candidate_total_prover_ms_max": 2423.2330439999996, "candidate_total_prover_ms_stdev": 8.107829421711644, "candidate_peak_rss_mib": 388.87890625, "witness_commit_ms_reduction_percent": 35.666967489873194, "total_prover_ms_reduction_percent": 3.8048784677215397, "proof_payload_bytes": 472890}
Starting batch-1024-security-128-threads-16-baseline
Finished batch-1024-security-128-threads-16-baseline in 5.2s
Starting batch-1024-security-128-threads-16-candidate
Finished batch-1024-security-128-threads-16-candidate in 5.1s
{"batch": 1024, "security_bits": 128, "threads": 16, "samples_per_variant": 5, "baseline_witness_commit_ms": 73.27883, "baseline_prove_ms": 336.945456, "baseline_total_prover_ms": 410.117944, "baseline_verify_ms": 73.566033, "baseline_total_prover_ms_min": 409.80508199999997, "baseline_total_prover_ms_max": 415.15254, "baseline_total_prover_ms_stdev": 2.3851471775522013, "baseline_peak_rss_mib": 522.53125, "candidate_witness_commit_ms": 67.35942899999999, "candidate_prove_ms": 333.066436, "candidate_total_prover_ms": 400.671289, "candidate_verify_ms": 72.69463499999999, "candidate_total_prover_ms_min": 400.030517, "candidate_total_prover_ms_max": 403.238436, "candidate_total_prover_ms_stdev": 1.2675654728678452, "candidate_peak_rss_mib": 504.015625, "witness_commit_ms_reduction_percent": 8.077914180671286, "total_prover_ms_reduction_percent": 2.303399580097387, "proof_payload_bytes": 472890}
Starting batch-1024-security-128-threads-2-candidate
Finished batch-1024-security-128-threads-2-candidate in 11.0s
Starting batch-1024-security-128-threads-2-baseline
Finished batch-1024-security-128-threads-2-baseline in 11.4s
{"batch": 1024, "security_bits": 128, "threads": 2, "samples_per_variant": 5, "baseline_witness_commit_ms": 157.15915999999999, "baseline_prove_ms": 1225.52254, "baseline_total_prover_ms": 1382.7984410000001, "baseline_verify_ms": 138.832842, "baseline_total_prover_ms_min": 1381.34459, "baseline_total_prover_ms_max": 1385.385245, "baseline_total_prover_ms_stdev": 1.7778668404349973, "baseline_peak_rss_mib": 379.37890625, "candidate_witness_commit_ms": 112.113654, "candidate_prove_ms": 1212.4660039999999, "candidate_total_prover_ms": 1324.410297, "candidate_verify_ms": 136.408175, "candidate_total_prover_ms_min": 1319.393164, "candidate_total_prover_ms_max": 1325.4328420000002, "candidate_total_prover_ms_stdev": 2.4316869587476178, "candidate_peak_rss_mib": 389.0078125, "witness_commit_ms_reduction_percent": 28.662348411635683, "total_prover_ms_reduction_percent": 4.2224623827154195, "proof_payload_bytes": 472890}
Starting batch-1024-security-128-threads-8-baseline
Finished batch-1024-security-128-threads-8-baseline in 5.9s
Starting batch-1024-security-128-threads-8-candidate
Finished batch-1024-security-128-threads-8-candidate in 5.8s
{"batch": 1024, "security_bits": 128, "threads": 8, "samples_per_variant": 5, "baseline_witness_commit_ms": 84.872648, "baseline_prove_ms": 443.44522600000005, "baseline_total_prover_ms": 528.752918, "baseline_verify_ms": 83.46865100000001, "baseline_total_prover_ms_min": 527.4448120000001, "baseline_total_prover_ms_max": 529.353193, "baseline_total_prover_ms_stdev": 0.8025098560109275, "baseline_peak_rss_mib": 464.9375, "candidate_witness_commit_ms": 73.837627, "candidate_prove_ms": 442.577384, "candidate_total_prover_ms": 516.1819909999999, "candidate_verify_ms": 81.742455, "candidate_total_prover_ms_min": 515.123979, "candidate_total_prover_ms_max": 517.3184709999999, "candidate_total_prover_ms_stdev": 0.9010846457259879, "candidate_peak_rss_mib": 463.3828125, "witness_commit_ms_reduction_percent": 13.001857795222794, "total_prover_ms_reduction_percent": 2.3774671632166955, "proof_payload_bytes": 472890}
Starting batch-1024-security-128-threads-4-candidate
Finished batch-1024-security-128-threads-4-candidate in 7.6s
Starting batch-1024-security-128-threads-4-baseline
Finished batch-1024-security-128-threads-4-baseline in 7.7s
{"batch": 1024, "security_bits": 128, "threads": 4, "samples_per_variant": 5, "baseline_witness_commit_ms": 109.572305, "baseline_prove_ms": 700.9683180000001, "baseline_total_prover_ms": 811.426068, "baseline_verify_ms": 100.683986, "baseline_total_prover_ms_min": 808.262542, "baseline_total_prover_ms_max": 812.565353, "baseline_total_prover_ms_stdev": 1.7566668777615693, "baseline_peak_rss_mib": 420.0, "candidate_witness_commit_ms": 86.222782, "candidate_prove_ms": 697.913186, "candidate_total_prover_ms": 784.177838, "candidate_verify_ms": 100.87225199999999, "candidate_total_prover_ms_min": 783.5709899999999, "candidate_total_prover_ms_max": 785.5136550000001, "candidate_total_prover_ms_stdev": 0.872667725284726, "candidate_peak_rss_mib": 429.484375, "witness_commit_ms_reduction_percent": 21.30969408738823, "total_prover_ms_reduction_percent": 3.3580668744302655, "proof_payload_bytes": 472890}
