warning: unused import: `composite::prove_composite_inner_sumcheck`
   --> src/piop/spartan/sha256/inner_sumcheck.rs:219:16
    |
219 | pub(crate) use composite::prove_composite_inner_sumcheck;
    |                ^^^^^^^^^^^^^^^^^^^^^^^^^^^^^^^^^^^^^^^^^
    |
    = note: `#[warn(unused_imports)]` (part of `#[warn(unused)]`) on by default

warning: unused import: `EqualityWeights`
 --> src/poly/mle.rs:5:36
  |
5 |     CompositeMultilinearExtension, EqualityWeights, FactoredMultilinearExtension,
  |                                    ^^^^^^^^^^^^^^^

warning[E0133]: call to function `std::arch::aarch64::vreinterpretq_u32_u16` with `#[target_feature]` is unsafe and requires unsafe block
   --> src/utils/blake3x4.rs:119:9
    |
119 |         vreinterpretq_u32_u16(vrev32q_u16(vreinterpretq_u16_u32(x)))
    |         ^^^^^^^^^^^^^^^^^^^^^^^^^^^^^^^^^^^^^^^^^^^^^^^^^^^^^^^^^^^^ call to function with `#[target_feature]`
    |
    = help: in order for the call to be safe, the context requires the following additional target feature: neon
    = note: the neon target feature being enabled in the build configuration does not remove the requirement to list it in `#[target_feature]`
note: an unsafe function restricts its caller, but its body is safe by default
   --> src/utils/blake3x4.rs:118:5
    |
118 |     unsafe fn rotr16(x: uint32x4_t) -> uint32x4_t {
    |     ^^^^^^^^^^^^^^^^^^^^^^^^^^^^^^^^^^^^^^^^^^^^^
    = note: for more information, see <https://doc.rust-lang.org/edition-guide/rust-2024/unsafe-op-in-unsafe-fn.html>
    = note: `#[warn(unsafe_op_in_unsafe_fn)]` (part of `#[warn(rust_2024_compatibility)]`) on by default

warning[E0133]: call to function `std::arch::aarch64::vrev32q_u16` with `#[target_feature]` is unsafe and requires unsafe block
   --> src/utils/blake3x4.rs:119:31
    |
119 |         vreinterpretq_u32_u16(vrev32q_u16(vreinterpretq_u16_u32(x)))
    |                               ^^^^^^^^^^^^^^^^^^^^^^^^^^^^^^^^^^^^^ call to function with `#[target_feature]`
    |
    = help: in order for the call to be safe, the context requires the following additional target feature: neon
    = note: the neon target feature being enabled in the build configuration does not remove the requirement to list it in `#[target_feature]`
    = note: for more information, see <https://doc.rust-lang.org/edition-guide/rust-2024/unsafe-op-in-unsafe-fn.html>

warning[E0133]: call to function `std::arch::aarch64::vreinterpretq_u16_u32` with `#[target_feature]` is unsafe and requires unsafe block
   --> src/utils/blake3x4.rs:119:43
    |
119 |         vreinterpretq_u32_u16(vrev32q_u16(vreinterpretq_u16_u32(x)))
    |                                           ^^^^^^^^^^^^^^^^^^^^^^^^ call to function with `#[target_feature]`
    |
    = help: in order for the call to be safe, the context requires the following additional target feature: neon
    = note: the neon target feature being enabled in the build configuration does not remove the requirement to list it in `#[target_feature]`
    = note: for more information, see <https://doc.rust-lang.org/edition-guide/rust-2024/unsafe-op-in-unsafe-fn.html>

warning[E0133]: call to function `std::arch::aarch64::vsriq_n_u32` with `#[target_feature]` is unsafe and requires unsafe block
   --> src/utils/blake3x4.rs:123:9
    |
123 |         vsriq_n_u32::<12>(vshlq_n_u32::<20>(x), x)
    |         ^^^^^^^^^^^^^^^^^^^^^^^^^^^^^^^^^^^^^^^^^^ call to function with `#[target_feature]`
    |
    = help: in order for the call to be safe, the context requires the following additional target feature: neon
    = note: the neon target feature being enabled in the build configuration does not remove the requirement to list it in `#[target_feature]`
note: an unsafe function restricts its caller, but its body is safe by default
   --> src/utils/blake3x4.rs:122:5
    |
122 |     unsafe fn rotr12(x: uint32x4_t) -> uint32x4_t {
    |     ^^^^^^^^^^^^^^^^^^^^^^^^^^^^^^^^^^^^^^^^^^^^^
    = note: for more information, see <https://doc.rust-lang.org/edition-guide/rust-2024/unsafe-op-in-unsafe-fn.html>

warning[E0133]: call to function `std::arch::aarch64::vshlq_n_u32` with `#[target_feature]` is unsafe and requires unsafe block
   --> src/utils/blake3x4.rs:123:27
    |
123 |         vsriq_n_u32::<12>(vshlq_n_u32::<20>(x), x)
    |                           ^^^^^^^^^^^^^^^^^^^^ call to function with `#[target_feature]`
    |
    = help: in order for the call to be safe, the context requires the following additional target feature: neon
    = note: the neon target feature being enabled in the build configuration does not remove the requirement to list it in `#[target_feature]`
    = note: for more information, see <https://doc.rust-lang.org/edition-guide/rust-2024/unsafe-op-in-unsafe-fn.html>

warning[E0133]: call to function `std::arch::aarch64::vreinterpretq_u32_u8` with `#[target_feature]` is unsafe and requires unsafe block
   --> src/utils/blake3x4.rs:127:9
    |
127 |         vreinterpretq_u32_u8(vqtbl1q_u8(vreinterpretq_u8_u32(x), idx))
    |         ^^^^^^^^^^^^^^^^^^^^^^^^^^^^^^^^^^^^^^^^^^^^^^^^^^^^^^^^^^^^^^ call to function with `#[target_feature]`
    |
    = help: in order for the call to be safe, the context requires the following additional target feature: neon
    = note: the neon target feature being enabled in the build configuration does not remove the requirement to list it in `#[target_feature]`
note: an unsafe function restricts its caller, but its body is safe by default
   --> src/utils/blake3x4.rs:126:5
    |
126 |     unsafe fn rotr8(x: uint32x4_t, idx: uint8x16_t) -> uint32x4_t {
    |     ^^^^^^^^^^^^^^^^^^^^^^^^^^^^^^^^^^^^^^^^^^^^^^^^^^^^^^^^^^^^^
    = note: for more information, see <https://doc.rust-lang.org/edition-guide/rust-2024/unsafe-op-in-unsafe-fn.html>

warning[E0133]: call to function `std::arch::aarch64::vqtbl1q_u8` with `#[target_feature]` is unsafe and requires unsafe block
   --> src/utils/blake3x4.rs:127:30
    |
127 |         vreinterpretq_u32_u8(vqtbl1q_u8(vreinterpretq_u8_u32(x), idx))
    |                              ^^^^^^^^^^^^^^^^^^^^^^^^^^^^^^^^^^^^^^^^ call to function with `#[target_feature]`
    |
    = help: in order for the call to be safe, the context requires the following additional target feature: neon
    = note: the neon target feature being enabled in the build configuration does not remove the requirement to list it in `#[target_feature]`
    = note: for more information, see <https://doc.rust-lang.org/edition-guide/rust-2024/unsafe-op-in-unsafe-fn.html>

warning[E0133]: call to function `std::arch::aarch64::vreinterpretq_u8_u32` with `#[target_feature]` is unsafe and requires unsafe block
   --> src/utils/blake3x4.rs:127:41
    |
127 |         vreinterpretq_u32_u8(vqtbl1q_u8(vreinterpretq_u8_u32(x), idx))
    |                                         ^^^^^^^^^^^^^^^^^^^^^^^ call to function with `#[target_feature]`
    |
    = help: in order for the call to be safe, the context requires the following additional target feature: neon
    = note: the neon target feature being enabled in the build configuration does not remove the requirement to list it in `#[target_feature]`
    = note: for more information, see <https://doc.rust-lang.org/edition-guide/rust-2024/unsafe-op-in-unsafe-fn.html>

warning[E0133]: call to function `std::arch::aarch64::vsriq_n_u32` with `#[target_feature]` is unsafe and requires unsafe block
   --> src/utils/blake3x4.rs:131:9
    |
131 |         vsriq_n_u32::<7>(vshlq_n_u32::<25>(x), x)
    |         ^^^^^^^^^^^^^^^^^^^^^^^^^^^^^^^^^^^^^^^^^ call to function with `#[target_feature]`
    |
    = help: in order for the call to be safe, the context requires the following additional target feature: neon
    = note: the neon target feature being enabled in the build configuration does not remove the requirement to list it in `#[target_feature]`
note: an unsafe function restricts its caller, but its body is safe by default
   --> src/utils/blake3x4.rs:130:5
    |
130 |     unsafe fn rotr7(x: uint32x4_t) -> uint32x4_t {
    |     ^^^^^^^^^^^^^^^^^^^^^^^^^^^^^^^^^^^^^^^^^^^^
    = note: for more information, see <https://doc.rust-lang.org/edition-guide/rust-2024/unsafe-op-in-unsafe-fn.html>

warning[E0133]: call to function `std::arch::aarch64::vshlq_n_u32` with `#[target_feature]` is unsafe and requires unsafe block
   --> src/utils/blake3x4.rs:131:26
    |
131 |         vsriq_n_u32::<7>(vshlq_n_u32::<25>(x), x)
    |                          ^^^^^^^^^^^^^^^^^^^^ call to function with `#[target_feature]`
    |
    = help: in order for the call to be safe, the context requires the following additional target feature: neon
    = note: the neon target feature being enabled in the build configuration does not remove the requirement to list it in `#[target_feature]`
    = note: for more information, see <https://doc.rust-lang.org/edition-guide/rust-2024/unsafe-op-in-unsafe-fn.html>

warning[E0133]: call to function `std::arch::aarch64::vaddq_u32` with `#[target_feature]` is unsafe and requires unsafe block
   --> src/utils/blake3x4.rs:152:20
    |
152 |             v[a] = vaddq_u32(vaddq_u32(v[a], v[b]), x);
    |                    ^^^^^^^^^^^^^^^^^^^^^^^^^^^^^^^^^^^ call to function with `#[target_feature]`
    |
    = help: in order for the call to be safe, the context requires the following additional target feature: neon
    = note: the neon target feature being enabled in the build configuration does not remove the requirement to list it in `#[target_feature]`
note: an unsafe function restricts its caller, but its body is safe by default
   --> src/utils/blake3x4.rs:141:5
    |
141 | /     unsafe fn g(
142 | |         v: &mut [[uint32x4_t; 16]; GROUPS],
143 | |         a: usize,
144 | |         b: usize,
...   |
149 | |         idx: uint8x16_t,
150 | |     ) {
    | |_____^
    = note: for more information, see <https://doc.rust-lang.org/edition-guide/rust-2024/unsafe-op-in-unsafe-fn.html>

warning[E0133]: call to function `std::arch::aarch64::vaddq_u32` with `#[target_feature]` is unsafe and requires unsafe block
   --> src/utils/blake3x4.rs:152:30
    |
152 |             v[a] = vaddq_u32(vaddq_u32(v[a], v[b]), x);
    |                              ^^^^^^^^^^^^^^^^^^^^^ call to function with `#[target_feature]`
    |
    = help: in order for the call to be safe, the context requires the following additional target feature: neon
    = note: the neon target feature being enabled in the build configuration does not remove the requirement to list it in `#[target_feature]`
    = note: for more information, see <https://doc.rust-lang.org/edition-guide/rust-2024/unsafe-op-in-unsafe-fn.html>

warning[E0133]: call to unsafe function `utils::blake3x4::neon::rotr16` is unsafe and requires unsafe block
   --> src/utils/blake3x4.rs:153:20
    |
153 |             v[d] = rotr16(veorq_u32(v[d], v[a]));
    |                    ^^^^^^^^^^^^^^^^^^^^^^^^^^^^^ call to unsafe function
    |
    = note: consult the function's documentation for information on how to avoid undefined behavior
    = note: for more information, see <https://doc.rust-lang.org/edition-guide/rust-2024/unsafe-op-in-unsafe-fn.html>

warning[E0133]: call to function `std::arch::aarch64::veorq_u32` with `#[target_feature]` is unsafe and requires unsafe block
   --> src/utils/blake3x4.rs:153:27
    |
153 |             v[d] = rotr16(veorq_u32(v[d], v[a]));
    |                           ^^^^^^^^^^^^^^^^^^^^^ call to function with `#[target_feature]`
    |
    = help: in order for the call to be safe, the context requires the following additional target feature: neon
    = note: the neon target feature being enabled in the build configuration does not remove the requirement to list it in `#[target_feature]`
    = note: for more information, see <https://doc.rust-lang.org/edition-guide/rust-2024/unsafe-op-in-unsafe-fn.html>

warning[E0133]: call to function `std::arch::aarch64::vaddq_u32` with `#[target_feature]` is unsafe and requires unsafe block
   --> src/utils/blake3x4.rs:154:20
    |
154 |             v[c] = vaddq_u32(v[c], v[d]);
    |                    ^^^^^^^^^^^^^^^^^^^^^ call to function with `#[target_feature]`
    |
    = help: in order for the call to be safe, the context requires the following additional target feature: neon
    = note: the neon target feature being enabled in the build configuration does not remove the requirement to list it in `#[target_feature]`
    = note: for more information, see <https://doc.rust-lang.org/edition-guide/rust-2024/unsafe-op-in-unsafe-fn.html>

warning[E0133]: call to unsafe function `utils::blake3x4::neon::rotr12` is unsafe and requires unsafe block
   --> src/utils/blake3x4.rs:155:20
    |
155 |             v[b] = rotr12(veorq_u32(v[b], v[c]));
    |                    ^^^^^^^^^^^^^^^^^^^^^^^^^^^^^ call to unsafe function
    |
    = note: consult the function's documentation for information on how to avoid undefined behavior
    = note: for more information, see <https://doc.rust-lang.org/edition-guide/rust-2024/unsafe-op-in-unsafe-fn.html>

warning[E0133]: call to function `std::arch::aarch64::veorq_u32` with `#[target_feature]` is unsafe and requires unsafe block
   --> src/utils/blake3x4.rs:155:27
    |
155 |             v[b] = rotr12(veorq_u32(v[b], v[c]));
    |                           ^^^^^^^^^^^^^^^^^^^^^ call to function with `#[target_feature]`
    |
    = help: in order for the call to be safe, the context requires the following additional target feature: neon
    = note: the neon target feature being enabled in the build configuration does not remove the requirement to list it in `#[target_feature]`
    = note: for more information, see <https://doc.rust-lang.org/edition-guide/rust-2024/unsafe-op-in-unsafe-fn.html>

warning[E0133]: call to function `std::arch::aarch64::vaddq_u32` with `#[target_feature]` is unsafe and requires unsafe block
   --> src/utils/blake3x4.rs:156:20
    |
156 |             v[a] = vaddq_u32(vaddq_u32(v[a], v[b]), y);
    |                    ^^^^^^^^^^^^^^^^^^^^^^^^^^^^^^^^^^^ call to function with `#[target_feature]`
    |
    = help: in order for the call to be safe, the context requires the following additional target feature: neon
    = note: the neon target feature being enabled in the build configuration does not remove the requirement to list it in `#[target_feature]`
    = note: for more information, see <https://doc.rust-lang.org/edition-guide/rust-2024/unsafe-op-in-unsafe-fn.html>

warning[E0133]: call to function `std::arch::aarch64::vaddq_u32` with `#[target_feature]` is unsafe and requires unsafe block
   --> src/utils/blake3x4.rs:156:30
    |
156 |             v[a] = vaddq_u32(vaddq_u32(v[a], v[b]), y);
    |                              ^^^^^^^^^^^^^^^^^^^^^ call to function with `#[target_feature]`
    |
    = help: in order for the call to be safe, the context requires the following additional target feature: neon
    = note: the neon target feature being enabled in the build configuration does not remove the requirement to list it in `#[target_feature]`
    = note: for more information, see <https://doc.rust-lang.org/edition-guide/rust-2024/unsafe-op-in-unsafe-fn.html>

warning[E0133]: call to unsafe function `utils::blake3x4::neon::rotr8` is unsafe and requires unsafe block
   --> src/utils/blake3x4.rs:157:20
    |
157 |             v[d] = rotr8(veorq_u32(v[d], v[a]), idx);
    |                    ^^^^^^^^^^^^^^^^^^^^^^^^^^^^^^^^^ call to unsafe function
    |
    = note: consult the function's documentation for information on how to avoid undefined behavior
    = note: for more information, see <https://doc.rust-lang.org/edition-guide/rust-2024/unsafe-op-in-unsafe-fn.html>

warning[E0133]: call to function `std::arch::aarch64::veorq_u32` with `#[target_feature]` is unsafe and requires unsafe block
   --> src/utils/blake3x4.rs:157:26
    |
157 |             v[d] = rotr8(veorq_u32(v[d], v[a]), idx);
    |                          ^^^^^^^^^^^^^^^^^^^^^ call to function with `#[target_feature]`
    |
    = help: in order for the call to be safe, the context requires the following additional target feature: neon
    = note: the neon target feature being enabled in the build configuration does not remove the requirement to list it in `#[target_feature]`
    = note: for more information, see <https://doc.rust-lang.org/edition-guide/rust-2024/unsafe-op-in-unsafe-fn.html>

warning[E0133]: call to function `std::arch::aarch64::vaddq_u32` with `#[target_feature]` is unsafe and requires unsafe block
   --> src/utils/blake3x4.rs:158:20
    |
158 |             v[c] = vaddq_u32(v[c], v[d]);
    |                    ^^^^^^^^^^^^^^^^^^^^^ call to function with `#[target_feature]`
    |
    = help: in order for the call to be safe, the context requires the following additional target feature: neon
    = note: the neon target feature being enabled in the build configuration does not remove the requirement to list it in `#[target_feature]`
    = note: for more information, see <https://doc.rust-lang.org/edition-guide/rust-2024/unsafe-op-in-unsafe-fn.html>

warning[E0133]: call to unsafe function `utils::blake3x4::neon::rotr7` is unsafe and requires unsafe block
   --> src/utils/blake3x4.rs:159:20
    |
159 |             v[b] = rotr7(veorq_u32(v[b], v[c]));
    |                    ^^^^^^^^^^^^^^^^^^^^^^^^^^^^ call to unsafe function
    |
    = note: consult the function's documentation for information on how to avoid undefined behavior
    = note: for more information, see <https://doc.rust-lang.org/edition-guide/rust-2024/unsafe-op-in-unsafe-fn.html>

warning[E0133]: call to function `std::arch::aarch64::veorq_u32` with `#[target_feature]` is unsafe and requires unsafe block
   --> src/utils/blake3x4.rs:159:26
    |
159 |             v[b] = rotr7(veorq_u32(v[b], v[c]));
    |                          ^^^^^^^^^^^^^^^^^^^^^ call to function with `#[target_feature]`
    |
    = help: in order for the call to be safe, the context requires the following additional target feature: neon
    = note: the neon target feature being enabled in the build configuration does not remove the requirement to list it in `#[target_feature]`
    = note: for more information, see <https://doc.rust-lang.org/edition-guide/rust-2024/unsafe-op-in-unsafe-fn.html>

warning[E0133]: call to unsafe function `utils::blake3x4::neon::g` is unsafe and requires unsafe block
   --> src/utils/blake3x4.rs:172:9
    |
172 |         g(v, 0, 4, 8, 12, w(0), w(1), idx);
    |         ^^^^^^^^^^^^^^^^^^^^^^^^^^^^^^^^^^ call to unsafe function
    |
    = note: consult the function's documentation for information on how to avoid undefined behavior
note: an unsafe function restricts its caller, but its body is safe by default
   --> src/utils/blake3x4.rs:164:5
    |
164 | /     unsafe fn round(
165 | |         v: &mut [[uint32x4_t; 16]; GROUPS],
166 | |         m: &[[uint32x4_t; 16]; GROUPS],
167 | |         r: usize,
168 | |         idx: uint8x16_t,
169 | |     ) {
    | |_____^
    = note: for more information, see <https://doc.rust-lang.org/edition-guide/rust-2024/unsafe-op-in-unsafe-fn.html>

warning[E0133]: call to unsafe function `utils::blake3x4::neon::g` is unsafe and requires unsafe block
   --> src/utils/blake3x4.rs:173:9
    |
173 |         g(v, 1, 5, 9, 13, w(2), w(3), idx);
    |         ^^^^^^^^^^^^^^^^^^^^^^^^^^^^^^^^^^ call to unsafe function
    |
    = note: consult the function's documentation for information on how to avoid undefined behavior
    = note: for more information, see <https://doc.rust-lang.org/edition-guide/rust-2024/unsafe-op-in-unsafe-fn.html>

warning[E0133]: call to unsafe function `utils::blake3x4::neon::g` is unsafe and requires unsafe block
   --> src/utils/blake3x4.rs:174:9
    |
174 |         g(v, 2, 6, 10, 14, w(4), w(5), idx);
    |         ^^^^^^^^^^^^^^^^^^^^^^^^^^^^^^^^^^^ call to unsafe function
    |
    = note: consult the function's documentation for information on how to avoid undefined behavior
    = note: for more information, see <https://doc.rust-lang.org/edition-guide/rust-2024/unsafe-op-in-unsafe-fn.html>

warning[E0133]: call to unsafe function `utils::blake3x4::neon::g` is unsafe and requires unsafe block
   --> src/utils/blake3x4.rs:175:9
    |
175 |         g(v, 3, 7, 11, 15, w(6), w(7), idx);
    |         ^^^^^^^^^^^^^^^^^^^^^^^^^^^^^^^^^^^ call to unsafe function
    |
    = note: consult the function's documentation for information on how to avoid undefined behavior
    = note: for more information, see <https://doc.rust-lang.org/edition-guide/rust-2024/unsafe-op-in-unsafe-fn.html>

warning[E0133]: call to unsafe function `utils::blake3x4::neon::g` is unsafe and requires unsafe block
   --> src/utils/blake3x4.rs:176:9
    |
176 |         g(v, 0, 5, 10, 15, w(8), w(9), idx);
    |         ^^^^^^^^^^^^^^^^^^^^^^^^^^^^^^^^^^^ call to unsafe function
    |
    = note: consult the function's documentation for information on how to avoid undefined behavior
    = note: for more information, see <https://doc.rust-lang.org/edition-guide/rust-2024/unsafe-op-in-unsafe-fn.html>

warning[E0133]: call to unsafe function `utils::blake3x4::neon::g` is unsafe and requires unsafe block
   --> src/utils/blake3x4.rs:177:9
    |
177 |         g(v, 1, 6, 11, 12, w(10), w(11), idx);
    |         ^^^^^^^^^^^^^^^^^^^^^^^^^^^^^^^^^^^^^ call to unsafe function
    |
    = note: consult the function's documentation for information on how to avoid undefined behavior
    = note: for more information, see <https://doc.rust-lang.org/edition-guide/rust-2024/unsafe-op-in-unsafe-fn.html>

warning[E0133]: call to unsafe function `utils::blake3x4::neon::g` is unsafe and requires unsafe block
   --> src/utils/blake3x4.rs:178:9
    |
178 |         g(v, 2, 7, 8, 13, w(12), w(13), idx);
    |         ^^^^^^^^^^^^^^^^^^^^^^^^^^^^^^^^^^^^ call to unsafe function
    |
    = note: consult the function's documentation for information on how to avoid undefined behavior
    = note: for more information, see <https://doc.rust-lang.org/edition-guide/rust-2024/unsafe-op-in-unsafe-fn.html>

warning[E0133]: call to unsafe function `utils::blake3x4::neon::g` is unsafe and requires unsafe block
   --> src/utils/blake3x4.rs:179:9
    |
179 |         g(v, 3, 4, 9, 14, w(14), w(15), idx);
    |         ^^^^^^^^^^^^^^^^^^^^^^^^^^^^^^^^^^^^ call to unsafe function
    |
    = note: consult the function's documentation for information on how to avoid undefined behavior
    = note: for more information, see <https://doc.rust-lang.org/edition-guide/rust-2024/unsafe-op-in-unsafe-fn.html>

warning[E0133]: call to unsafe function `std::arch::aarch64::vld1q_u8` is unsafe and requires unsafe block
   --> src/utils/blake3x4.rs:188:19
    |
188 |         let idx = vld1q_u8(ROTR8_BYTES.as_ptr());
    |                   ^^^^^^^^^^^^^^^^^^^^^^^^^^^^^^ call to unsafe function
    |
    = note: consult the function's documentation for information on how to avoid undefined behavior
note: an unsafe function restricts its caller, but its body is safe by default
   --> src/utils/blake3x4.rs:187:5
    |
187 |     unsafe fn first_words(prefix: &[u32], base: u64) -> [u32; NONCES_PER_CALL as usize] {
    |     ^^^^^^^^^^^^^^^^^^^^^^^^^^^^^^^^^^^^^^^^^^^^^^^^^^^^^^^^^^^^^^^^^^^^^^^^^^^^^^^^^^^
    = note: for more information, see <https://doc.rust-lang.org/edition-guide/rust-2024/unsafe-op-in-unsafe-fn.html>

warning[E0133]: call to function `std::arch::aarch64::vdupq_n_u32` with `#[target_feature]` is unsafe and requires unsafe block
   --> src/utils/blake3x4.rs:189:20
    |
189 |         let zero = vdupq_n_u32(0);
    |                    ^^^^^^^^^^^^^^ call to function with `#[target_feature]`
    |
    = help: in order for the call to be safe, the context requires the following additional target feature: neon
    = note: the neon target feature being enabled in the build configuration does not remove the requirement to list it in `#[target_feature]`
    = note: for more information, see <https://doc.rust-lang.org/edition-guide/rust-2024/unsafe-op-in-unsafe-fn.html>

warning[E0133]: call to function `std::arch::aarch64::vdupq_n_u32` with `#[target_feature]` is unsafe and requires unsafe block
   --> src/utils/blake3x4.rs:200:25
    |
200 |                 *slot = vdupq_n_u32(w);
    |                         ^^^^^^^^^^^^^^ call to function with `#[target_feature]`
    |
    = help: in order for the call to be safe, the context requires the following additional target feature: neon
    = note: the neon target feature being enabled in the build configuration does not remove the requirement to list it in `#[target_feature]`
    = note: for more information, see <https://doc.rust-lang.org/edition-guide/rust-2024/unsafe-op-in-unsafe-fn.html>

warning[E0133]: call to unsafe function `std::arch::aarch64::vld1q_u32` is unsafe and requires unsafe block
   --> src/utils/blake3x4.rs:202:24
    |
202 |             m[words] = vld1q_u32(lo.as_ptr());
    |                        ^^^^^^^^^^^^^^^^^^^^^^ call to unsafe function
    |
    = note: consult the function's documentation for information on how to avoid undefined behavior
    = note: for more information, see <https://doc.rust-lang.org/edition-guide/rust-2024/unsafe-op-in-unsafe-fn.html>

warning[E0133]: call to unsafe function `std::arch::aarch64::vld1q_u32` is unsafe and requires unsafe block
   --> src/utils/blake3x4.rs:203:28
    |
203 |             m[words + 1] = vld1q_u32(hi.as_ptr());
    |                            ^^^^^^^^^^^^^^^^^^^^^^ call to unsafe function
    |
    = note: consult the function's documentation for information on how to avoid undefined behavior
    = note: for more information, see <https://doc.rust-lang.org/edition-guide/rust-2024/unsafe-op-in-unsafe-fn.html>

warning[E0133]: call to function `std::arch::aarch64::vdupq_n_u32` with `#[target_feature]` is unsafe and requires unsafe block
   --> src/utils/blake3x4.rs:205:25
    |
205 |                 *slot = vdupq_n_u32(w);
    |                         ^^^^^^^^^^^^^^ call to function with `#[target_feature]`
    |
    = help: in order for the call to be safe, the context requires the following additional target feature: neon
    = note: the neon target feature being enabled in the build configuration does not remove the requirement to list it in `#[target_feature]`
    = note: for more information, see <https://doc.rust-lang.org/edition-guide/rust-2024/unsafe-op-in-unsafe-fn.html>

warning[E0133]: call to function `std::arch::aarch64::vdupq_n_u32` with `#[target_feature]` is unsafe and requires unsafe block
   --> src/utils/blake3x4.rs:207:21
    |
207 |             v[14] = vdupq_n_u32(block_len);
    |                     ^^^^^^^^^^^^^^^^^^^^^^ call to function with `#[target_feature]`
    |
    = help: in order for the call to be safe, the context requires the following additional target feature: neon
    = note: the neon target feature being enabled in the build configuration does not remove the requirement to list it in `#[target_feature]`
    = note: for more information, see <https://doc.rust-lang.org/edition-guide/rust-2024/unsafe-op-in-unsafe-fn.html>

warning[E0133]: call to function `std::arch::aarch64::vdupq_n_u32` with `#[target_feature]` is unsafe and requires unsafe block
   --> src/utils/blake3x4.rs:208:21
    |
208 |             v[15] = vdupq_n_u32(FLAGS);
    |                     ^^^^^^^^^^^^^^^^^^ call to function with `#[target_feature]`
    |
    = help: in order for the call to be safe, the context requires the following additional target feature: neon
    = note: the neon target feature being enabled in the build configuration does not remove the requirement to list it in `#[target_feature]`
    = note: for more information, see <https://doc.rust-lang.org/edition-guide/rust-2024/unsafe-op-in-unsafe-fn.html>

warning[E0133]: call to unsafe function `utils::blake3x4::neon::round` is unsafe and requires unsafe block
   --> src/utils/blake3x4.rs:211:13
    |
211 |             round(&mut v, &m, r, idx);
    |             ^^^^^^^^^^^^^^^^^^^^^^^^^ call to unsafe function
    |
    = note: consult the function's documentation for information on how to avoid undefined behavior
    = note: for more information, see <https://doc.rust-lang.org/edition-guide/rust-2024/unsafe-op-in-unsafe-fn.html>

warning[E0133]: call to unsafe function `std::arch::aarch64::vst1q_u32` is unsafe and requires unsafe block
   --> src/utils/blake3x4.rs:215:13
    |
215 |             vst1q_u32(out.as_mut_ptr().add(4 * k), veorq_u32(v[0], v[8]));
    |             ^^^^^^^^^^^^^^^^^^^^^^^^^^^^^^^^^^^^^^^^^^^^^^^^^^^^^^^^^^^^^ call to unsafe function
    |
    = note: consult the function's documentation for information on how to avoid undefined behavior
    = note: for more information, see <https://doc.rust-lang.org/edition-guide/rust-2024/unsafe-op-in-unsafe-fn.html>

warning[E0133]: call to unsafe function `std::ptr::mut_ptr::<impl *mut T>::add` is unsafe and requires unsafe block
   --> src/utils/blake3x4.rs:215:23
    |
215 |             vst1q_u32(out.as_mut_ptr().add(4 * k), veorq_u32(v[0], v[8]));
    |                       ^^^^^^^^^^^^^^^^^^^^^^^^^^^ call to unsafe function
    |
    = note: consult the function's documentation for information on how to avoid undefined behavior
    = note: for more information, see <https://doc.rust-lang.org/edition-guide/rust-2024/unsafe-op-in-unsafe-fn.html>

warning[E0133]: call to function `std::arch::aarch64::veorq_u32` with `#[target_feature]` is unsafe and requires unsafe block
   --> src/utils/blake3x4.rs:215:52
    |
215 |             vst1q_u32(out.as_mut_ptr().add(4 * k), veorq_u32(v[0], v[8]));
    |                                                    ^^^^^^^^^^^^^^^^^^^^^ call to function with `#[target_feature]`
    |
    = help: in order for the call to be safe, the context requires the following additional target feature: neon
    = note: the neon target feature being enabled in the build configuration does not remove the requirement to list it in `#[target_feature]`
    = note: for more information, see <https://doc.rust-lang.org/edition-guide/rust-2024/unsafe-op-in-unsafe-fn.html>

warning[E0133]: call to unsafe function `utils::blake3x4::neon::first_words` is unsafe and requires unsafe block
   --> src/utils/blake3x4.rs:233:22
    |
233 |             let w0 = first_words(&words, base);
    |                      ^^^^^^^^^^^^^^^^^^^^^^^^^ call to unsafe function
    |
    = note: consult the function's documentation for information on how to avoid undefined behavior
note: an unsafe function restricts its caller, but its body is safe by default
   --> src/utils/blake3x4.rs:220:5
    |
220 | /     pub(super) unsafe fn first_pow_nonce(
221 | |         prefix: &[u8],
222 | |         start: u64,
223 | |         end: u64,
224 | |         bits: u32,
225 | |     ) -> Option<u64> {
    | |____________________^
    = note: for more information, see <https://doc.rust-lang.org/edition-guide/rust-2024/unsafe-op-in-unsafe-fn.html>

warning: trait `ligerito::PackedBits` is more private than the item `ring_switch_prove`
   --> src/ligerito.rs:548:1
    |
548 | / pub fn ring_switch_prove<T: PackedBits>(
549 | |     transcript: &mut impl Transcript,
550 | |     p_msg: &[T],
551 | |     r_hi: &[Gf],
552 | | ) -> (RingSwitchProof, Vec<Gf>, Gf) {
    | |___________________________________^ function `ring_switch_prove` is reachable at visibility `pub`
    |
note: but trait `ligerito::PackedBits` is only usable at visibility `pub(crate)`
   --> src/ligerito.rs:380:1
    |
380 | pub(crate) trait PackedBits: Sync {
    | ^^^^^^^^^^^^^^^^^^^^^^^^^^^^^^^^^
    = note: `#[warn(private_bounds)]` on by default

warning: trait `ligerito::PackedBits` is more private than the item `ring_switch_prove_with`
   --> src/ligerito.rs:560:1
    |
560 | / pub fn ring_switch_prove_with<T: PackedBits, O: Send>(
561 | |     transcript: &mut impl Transcript,
562 | |     p_msg: &[T],
563 | |     r_hi: &[Gf],
564 | |     convert: impl Fn(Gf) -> O + Sync + Send,
565 | | ) -> (RingSwitchProof, Vec<O>, Gf) {
    | |__________________________________^ function `ring_switch_prove_with` is reachable at visibility `pub`
    |
note: but trait `ligerito::PackedBits` is only usable at visibility `pub(crate)`
   --> src/ligerito.rs:380:1
    |
380 | pub(crate) trait PackedBits: Sync {
    | ^^^^^^^^^^^^^^^^^^^^^^^^^^^^^^^^^

warning: field `raw_error` is never read
  --> src/ligerito_flock/atomic.rs:11:9
   |
 8 | pub(crate) struct AtomicBlock {
   |                   ----------- field in this struct
...
11 |     pub raw_error: f64,
   |         ^^^^^^^^^
   |
   = note: `AtomicBlock` has derived impls for the traits `Debug` and `Clone`, but these are intentionally ignored during dead code analysis
   = note: `#[warn(dead_code)]` (part of `#[warn(unused)]`) on by default

warning: associated function `resolve` is never used
  --> src/ligerito_flock/atomic.rs:22:12
   |
21 | impl AtomicPlan {
   | --------------- associated function in this implementation
22 |     pub fn resolve(config: &ligerito::LigeritoSecurityConfig, target: u32) -> Result<Self, String> {
   |            ^^^^^^^

warning: variants `Prove` and `Verify` are never constructed
   --> src/ligerito_flock/atomic.rs:130:5
    |
129 | pub(crate) enum AtomicNonces<'a> {
    |                 ------------ variants in this enum
130 |     Prove(&'a mut Vec<u64>),
    |     ^^^^^
131 |     Verify { values: &'a [u64], cursor: usize },
    |     ^^^^^^

warning: function `prove_spartan_piop_u32_native_with_univariate_skip_borrowed` is never used
   --> src/piop/spartan/piop.rs:344:15
    |
344 | pub(crate) fn prove_spartan_piop_u32_native_with_univariate_skip_borrowed(
    |               ^^^^^^^^^^^^^^^^^^^^^^^^^^^^^^^^^^^^^^^^^^^^^^^^^^^^^^^^^^^

warning: function `prove_composite_inner_sumcheck` is never used
   --> src/piop/spartan/sha256/inner_sumcheck/composite.rs:158:15
    |
158 | pub(crate) fn prove_composite_inner_sumcheck<T: Transcript, H: Sha256InnerBitSource + ?Sized>(
    |               ^^^^^^^^^^^^^^^^^^^^^^^^^^^^^^

warning: methods `initial_grinding_bits`, `inner_round_grinding_bits`, and `terminal_grinding_bits` are never used
   --> src/piop/spartan/sha256/prime.rs:140:18
    |
 82 | impl Sha256PrimeProfile {
    | ----------------------- methods in this implementation
...
140 |     pub const fn initial_grinding_bits(self) -> usize {
    |                  ^^^^^^^^^^^^^^^^^^^^^
...
145 |     pub const fn inner_round_grinding_bits(self) -> usize {
    |                  ^^^^^^^^^^^^^^^^^^^^^^^^^
...
150 |     pub const fn terminal_grinding_bits(self) -> usize {
    |                  ^^^^^^^^^^^^^^^^^^^^^^

warning: method `q_bits` is never used
   --> src/piop/spartan/sha256/prime.rs:282:18
    |
253 | impl Sha256ModQContext {
    | ---------------------- method in this implementation
...
282 |     pub const fn q_bits(&self) -> usize {
    |                  ^^^^^^

warning: struct `CompositeMultilinearExtension` is never constructed
  --> src/poly/mle/structured.rs:26:19
   |
26 | pub(crate) struct CompositeMultilinearExtension<'a, F> {
   |                   ^^^^^^^^^^^^^^^^^^^^^^^^^^^^^

warning: associated items `from_factors` and `evaluate` are never used
  --> src/poly/mle/structured.rs:38:19
   |
37 | impl<'a, F: PrimeField> FactoredMultilinearExtension<'a, F> {
   | ----------------------------------------------------------- associated items in this implementation
38 |     pub(crate) fn from_factors(
   |                   ^^^^^^^^^^^^
...
97 |     pub(crate) fn evaluate(&self, point: &[F], cfg: &F::Config) -> Result<F, EvaluationError> {
   |                   ^^^^^^^^

warning: multiple associated items are never used
   --> src/poly/mle/structured.rs:149:19
    |
148 | impl<'a, F: PrimeField> CompositeMultilinearExtension<'a, F> {
    | ------------------------------------------------------------ associated items in this implementation
149 |     pub(crate) fn from_parts(
    |                   ^^^^^^^^^^
...
176 |     pub(crate) fn num_vars(&self) -> usize {
    |                   ^^^^^^^^
...
179 |     pub(crate) fn live_len(&self) -> usize {
    |                   ^^^^^^^^
...
182 |     pub(crate) fn repeated(&self) -> &FactoredMultilinearExtension<'a, F> {
    |                   ^^^^^^^^
...
185 |     pub(crate) fn tail_evaluations(&self) -> &[F] {
    |                   ^^^^^^^^^^^^^^^^
...
188 |     pub(crate) fn origin_adjustment(&self) -> &F {
    |                   ^^^^^^^^^^^^^^^^^
...
192 |     pub(crate) fn evaluation_at(&self, index: usize) -> Result<F, EvaluationError> {
    |                   ^^^^^^^^^^^^^
...
209 |     pub(crate) fn evaluate(&self, point: &[F], cfg: &F::Config) -> Result<F, EvaluationError> {
    |                   ^^^^^^^^

warning: function `check_point` is never used
   --> src/poly/mle/structured.rs:225:4
    |
225 | fn check_point<F>(num_vars: usize, point: &[F]) -> Result<(), EvaluationError> {
    |    ^^^^^^^^^^^

warning: struct `EqualityWeights` is never constructed
   --> src/poly/mle/structured.rs:236:19
    |
236 | pub(crate) struct EqualityWeights<F> {
    |                   ^^^^^^^^^^^^^^^

warning: associated items `new`, `from_tables`, `low`, `high`, and `at` are never used
   --> src/poly/mle/structured.rs:242:8
    |
241 | impl<F: PrimeField> EqualityWeights<F> {
    | -------------------------------------- associated items in this implementation
242 |     fn new(point: &[F], cfg: &F::Config) -> Self {
    |        ^^^
...
249 |     pub(crate) fn from_tables(low: Vec<F>, high: Vec<F>) -> Self {
    |                   ^^^^^^^^^^^
...
253 |     pub(crate) fn low(&self) -> &[F] {
    |                   ^^^
...
256 |     pub(crate) fn high(&self) -> &[F] {
    |                   ^^^^
...
259 |     pub(crate) fn at(&self, index: usize) -> F {
    |                   ^^

warning: function `equality_table` is never used
   --> src/poly/mle/structured.rs:264:4
    |
264 | fn equality_table<F: PrimeField>(point: &[F], cfg: &F::Config) -> Vec<F> {
    |    ^^^^^^^^^^^^^^

warning: function `dot_with_equality` is never used
   --> src/poly/mle/structured.rs:272:4
    |
272 | fn dot_with_equality<F: PrimeField>(values: &[F], point: &[F], cfg: &F::Config) -> F {
    |    ^^^^^^^^^^^^^^^^^

For more information about this error, try `rustc --explain E0133`.
warning: `f2z` (lib) generated 64 warnings (run `cargo fix --lib -p f2z` to apply 10 suggestions)
warning: unused import: `super::*`
  --> benches/common/pcs_cli.rs:94:9
   |
94 |     use super::*;
   |         ^^^^^^^^
   |
   = note: `#[warn(unused_imports)]` (part of `#[warn(unused)]`) on by default

warning: unused import: `clap::CommandFactory`
  --> benches/common/pcs_cli.rs:95:9
   |
95 |     use clap::CommandFactory;
   |         ^^^^^^^^^^^^^^^^^^^^

warning: unused import: `f2z::observability::*`
 --> benches/common/perfetto.rs:2:9
  |
2 | pub use f2z::observability::*;
  |         ^^^^^^^^^^^^^^^^^^^^^

warning: unused import: `super::*`
   --> benches/common/whir_tuning.rs:629:9
    |
629 |     use super::*;
    |         ^^^^^^^^
    |
help: if this is a test module, consider adding a `#[cfg(test)]` to the containing module
   --> benches/common/whir_tuning.rs:628:1
    |
628 | mod reporting_tests {
    | ^^^^^^^^^^^^^^^^^^^

warning: unused import: `f2z::U32MulLigerito`
 --> benches/mul_e2e_compare/f2z.rs:7:9
  |
7 |         f2z::U32MulLigerito, prove_u32_mul, prove_u64_mul, prove_u128_mul, verify_u32_mul,
  |         ^^^^^^^^^^^^^^^^^^^

warning: unused import: `super::*`
   --> benches/mul_e2e_compare/memory.rs:181:9
    |
181 |     use super::*;
    |         ^^^^^^^^
    |
help: if this is a test module, consider adding a `#[cfg(test)]` to the containing module
   --> benches/mul_e2e_compare/memory.rs:180:1
    |
180 | mod cli_tests {
    | ^^^^^^^^^^^^^

warning: unused imports: `CommandFactory` and `Parser`
   --> benches/mul_e2e_compare/memory.rs:182:16
    |
182 |     use clap::{CommandFactory, Parser};
    |                ^^^^^^^^^^^^^^  ^^^^^^
    |
help: if this is a test module, consider adding a `#[cfg(test)]` to the containing module
   --> benches/mul_e2e_compare/memory.rs:180:1
    |
180 | mod cli_tests {
    | ^^^^^^^^^^^^^

warning: unused import: `super::*`
   --> benches/mul_e2e_compare/memory.rs:203:9
    |
203 |     use super::*;
    |         ^^^^^^^^
    |
help: if this is a test module, consider adding a `#[cfg(test)]` to the containing module
   --> benches/mul_e2e_compare/memory.rs:202:1
    |
202 | mod cli_transport_tests {
    | ^^^^^^^^^^^^^^^^^^^^^^^

warning: unused import: `clap::Parser`
   --> benches/mul_e2e_compare/memory.rs:204:9
    |
204 |     use clap::Parser;
    |         ^^^^^^^^^^^^
    |
help: if this is a test module, consider adding a `#[cfg(test)]` to the containing module
   --> benches/mul_e2e_compare/memory.rs:202:1
    |
202 | mod cli_transport_tests {
    | ^^^^^^^^^^^^^^^^^^^^^^^

warning: unused import: `super::*`
   --> benches/mul_e2e_compare/report.rs:213:9
    |
213 |     use super::*;
    |         ^^^^^^^^
    |
help: if this is a test module, consider adding a `#[cfg(test)]` to the containing module
   --> benches/mul_e2e_compare/report.rs:212:1
    |
212 | mod reporting_tests {
    | ^^^^^^^^^^^^^^^^^^^

warning: unused import: `serde_json::json`
   --> benches/mul_e2e_compare/report.rs:248:9
    |
248 |     use serde_json::json;
    |         ^^^^^^^^^^^^^^^^
    |
help: if this is a test module, consider adding a `#[cfg(test)]` to the containing module
   --> benches/mul_e2e_compare/report.rs:212:1
    |
212 | mod reporting_tests {
    | ^^^^^^^^^^^^^^^^^^^

warning: unused import: `super::*`
  --> benches/mul_e2e_compare/mod32.rs:48:9
   |
48 |     use super::*;
   |         ^^^^^^^^

warning: unused imports: `VALUE_COLUMNS` and `set_value`
 --> benches/mul_e2e_compare/plonky3.rs:3:35
  |
3 | use super::mod32_air::{LIMB_BASE, VALUE_COLUMNS, set_value};
  |                                   ^^^^^^^^^^^^^  ^^^^^^^^^

warning: unused imports: `PrimeCharacteristicRing` and `PrimeField64`
  --> benches/mul_e2e_compare/plonky3.rs:14:16
   |
14 | use p3_field::{PrimeCharacteristicRing, PrimeField64};
   |                ^^^^^^^^^^^^^^^^^^^^^^^  ^^^^^^^^^^^^

warning: unused import: `super::*`
    --> benches/mul_e2e_compare.rs:1196:9
     |
1196 |     use super::*;
     |         ^^^^^^^^
     |
help: if this is a test module, consider adding a `#[cfg(test)]` to the containing module
    --> benches/mul_e2e_compare.rs:1195:1
     |
1195 | mod ligerito_isolation_tests {
     | ^^^^^^^^^^^^^^^^^^^^^^^^^^^^

warning: unused import: `super::*`
    --> benches/mul_e2e_compare.rs:1261:9
     |
1261 |     use super::*;
     |         ^^^^^^^^
     |
help: if this is a test module, consider adding a `#[cfg(test)]` to the containing module
    --> benches/mul_e2e_compare.rs:1260:1
     |
1260 | mod cli_tests {
     | ^^^^^^^^^^^^^

warning: unused imports: `CommandFactory` and `Parser`
    --> benches/mul_e2e_compare.rs:1262:16
     |
1262 |     use clap::{CommandFactory, Parser};
     |                ^^^^^^^^^^^^^^  ^^^^^^
     |
help: if this is a test module, consider adding a `#[cfg(test)]` to the containing module
    --> benches/mul_e2e_compare.rs:1260:1
     |
1260 | mod cli_tests {
     | ^^^^^^^^^^^^^

warning: associated function `new` is never used
   --> benches/mul_e2e_compare.rs:260:8
    |
221 | impl Timing {
    | ----------- associated function in this implementation
...
260 |     fn new(
    |        ^^^
    |
    = note: `#[warn(dead_code)]` (part of `#[warn(unused)]`) on by default

warning: function `boundary_corpus` is never used
   --> benches/mul_e2e_compare/plonky3.rs:206:8
    |
206 |     fn boundary_corpus() -> Corpus {
    |        ^^^^^^^^^^^^^^^

warning: function `assert_invalid` is never used
   --> benches/mul_e2e_compare/plonky3.rs:215:8
    |
215 |     fn assert_invalid(trace: RowMajorMatrix<Val>) {
    |        ^^^^^^^^^^^^^^

warning: method `rejection_self_test` is never used
   --> benches/mul_e2e_compare/plonky3_whir.rs:261:8
    |
259 | impl Context {
    | ------------ method in this implementation
260 |     #[cfg(test)]
261 |     fn rejection_self_test(&self) {
    |        ^^^^^^^^^^^^^^^^^^^

warning: method `rejection_self_test` is never used
   --> benches/mul_e2e_compare/plonky3_whir.rs:101:31
    |
 72 |             impl Context {
    |             ------------ method in this implementation
...
101 |                 pub(super) fn rejection_self_test(&self) {
    |                               ^^^^^^^^^^^^^^^^^^^
...
252 | backend!(goldilocks2, goldilocks, 2);
    | ------------------------------------ in this macro invocation
    |
    = note: this warning originates in the macro `backend` (in Nightly builds, run with -Z macro-backtrace for more info)

warning: method `rejection_self_test` is never used
   --> benches/mul_e2e_compare/plonky3_whir.rs:101:31
    |
 72 |             impl Context {
    |             ------------ method in this implementation
...
101 |                 pub(super) fn rejection_self_test(&self) {
    |                               ^^^^^^^^^^^^^^^^^^^
...
253 | backend!(goldilocks5, goldilocks, 5);
    | ------------------------------------ in this macro invocation
    |
    = note: this warning originates in the macro `backend` (in Nightly builds, run with -Z macro-backtrace for more info)

warning: function `fixture` is never used
   --> benches/common/trace_capture.rs:116:8
    |
116 |     fn fixture() -> Vec<CapturedSpan> {
    |        ^^^^^^^

warning: function `trial_fixture` is never used
   --> benches/common/trace_capture.rs:141:19
    |
141 |     pub(crate) fn trial_fixture() -> Vec<CapturedSpan> {
    |                   ^^^^^^^^^^^^^

warning: function `child` is never used
    --> benches/mul_e2e_compare.rs:1292:8
     |
1292 |     fn child(mode: &str, settings: &[(&str, &str)]) -> std::process::Output {
     |        ^^^^^

warning: function `config` is never used
    --> benches/mul_e2e_compare.rs:1300:8
     |
1300 |     fn config(mode: &str, settings: &[(&str, &str)]) -> Value {
     |        ^^^^^^

warning: `f2z` (bench "mul_e2e_compare") generated 27 warnings (run `cargo fix --bench "mul_e2e_compare" -p f2z` to apply 17 suggestions)
    Finished `release` profile [optimized] target(s) in 0.16s
     Running benches/mul_e2e_compare.rs (target/release/deps/mul_e2e_compare-303963c67127149f)
u32-mod32 limber 2^15: isolated peak-memory pass
u32-mod32 limber 2^15: peak RSS 343.33 MiB
u32-mod32 limber 2^15: setup
[319.288]    perfetto_c.cc:266631 Configured tracing session 1, #sources:1, duration:0 ms, #buffers:1, total buffer size:65536 KB, total sessions:1, uid:0 session name: ""
[319.290]    perfetto_c.cc:268393 Tracing session 1 ended, total sessions:0
[319.391]    perfetto_c.cc:266631 Configured tracing session 2, #sources:1, duration:0 ms, #buffers:1, total buffer size:65536 KB, total sessions:1, uid:0 session name: ""
[319.401]    perfetto_c.cc:268393 Tracing session 2 ended, total sessions:0
[319.447]    perfetto_c.cc:266631 Configured tracing session 3, #sources:1, duration:0 ms, #buffers:1, total buffer size:65536 KB, total sessions:1, uid:0 session name: ""
[320.097]    perfetto_c.cc:268393 Tracing session 3 ended, total sessions:0
u32-mod32 limber 2^15 warmup: witness 0.995 ms, commit 262.988 ms, PIOP 21.126 ms, PCS 550.313 ms, witness→proof 580.949 ms, proof 3417232 B
[320.143]    perfetto_c.cc:266631 Configured tracing session 4, #sources:1, duration:0 ms, #buffers:1, total buffer size:65536 KB, total sessions:1, uid:0 session name: ""
[320.444]    perfetto_c.cc:268393 Tracing session 4 ended, total sessions:0
u32-mod32 limber 2^15 sample 1/5: witness 0.543 ms, commit 25.537 ms, PIOP 18.965 ms, PCS 211.117 ms, witness→proof 236.147 ms, proof 3417232 B
[320.492]    perfetto_c.cc:266631 Configured tracing session 5, #sources:1, duration:0 ms, #buffers:1, total buffer size:65536 KB, total sessions:1, uid:0 session name: ""
[320.773]    perfetto_c.cc:268393 Tracing session 5 ended, total sessions:0
u32-mod32 limber 2^15 sample 2/5: witness 0.598 ms, commit 26.634 ms, PIOP 19.015 ms, PCS 186.256 ms, witness→proof 210.662 ms, proof 3417232 B
[320.820]    perfetto_c.cc:266631 Configured tracing session 6, #sources:1, duration:0 ms, #buffers:1, total buffer size:65536 KB, total sessions:1, uid:0 session name: ""
[321.141]    perfetto_c.cc:268393 Tracing session 6 ended, total sessions:0
u32-mod32 limber 2^15 sample 3/5: witness 0.553 ms, commit 45.736 ms, PIOP 18.545 ms, PCS 230.090 ms, witness→proof 256.081 ms, proof 3417232 B
[321.189]    perfetto_c.cc:266631 Configured tracing session 7, #sources:1, duration:0 ms, #buffers:1, total buffer size:65536 KB, total sessions:1, uid:0 session name: ""
[321.499]    perfetto_c.cc:268393 Tracing session 7 ended, total sessions:0
u32-mod32 limber 2^15 sample 4/5: witness 0.584 ms, commit 40.512 ms, PIOP 18.433 ms, PCS 201.569 ms, witness→proof 235.551 ms, proof 3417232 B
[321.546]    perfetto_c.cc:266631 Configured tracing session 8, #sources:1, duration:0 ms, #buffers:1, total buffer size:65536 KB, total sessions:1, uid:0 session name: ""
[321.828]    perfetto_c.cc:268393 Tracing session 8 ended, total sessions:0
u32-mod32 limber 2^15 sample 5/5: witness 0.545 ms, commit 26.380 ms, PIOP 18.189 ms, PCS 192.080 ms, witness→proof 216.736 ms, proof 3417232 B
RESULT schema=native-mul/2 workload=u32-mod32 backend=limber log_multiplications=15 samples=5 witness_ms=0.553042 online_prover_ms=234.964875 verify_ms=53.7395 proof_bytes=3417232.0 peak_rss_bytes=360005632
u32-mod32 limber 2^16: isolated peak-memory pass
u32-mod32 limber 2^16: peak RSS 657.36 MiB
u32-mod32 limber 2^16: setup
[322.991]    perfetto_c.cc:266631 Configured tracing session 9, #sources:1, duration:0 ms, #buffers:1, total buffer size:65536 KB, total sessions:1, uid:0 session name: ""
[322.992]    perfetto_c.cc:268393 Tracing session 9 ended, total sessions:0
[323.042]    perfetto_c.cc:266631 Configured tracing session 10, #sources:1, duration:0 ms, #buffers:1, total buffer size:65536 KB, total sessions:1, uid:0 session name: ""
[323.060]    perfetto_c.cc:268393 Tracing session 10 ended, total sessions:0
[323.108]    perfetto_c.cc:266631 Configured tracing session 11, #sources:1, duration:0 ms, #buffers:1, total buffer size:65536 KB, total sessions:1, uid:0 session name: ""
[323.983]    perfetto_c.cc:268393 Tracing session 11 ended, total sessions:0
u32-mod32 limber 2^16 warmup: witness 1.084 ms, commit 303.816 ms, PIOP 43.706 ms, PCS 734.922 ms, witness→proof 794.141 ms, proof 4680779 B
[324.030]    perfetto_c.cc:266631 Configured tracing session 12, #sources:1, duration:0 ms, #buffers:1, total buffer size:65536 KB, total sessions:1, uid:0 session name: ""
[324.499]    perfetto_c.cc:268393 Tracing session 12 ended, total sessions:0
u32-mod32 limber 2^16 sample 1/5: witness 1.071 ms, commit 61.312 ms, PIOP 35.197 ms, PCS 343.162 ms, witness→proof 389.682 ms, proof 4680779 B
[324.547]    perfetto_c.cc:266631 Configured tracing session 13, #sources:1, duration:0 ms, #buffers:1, total buffer size:65536 KB, total sessions:1, uid:0 session name: ""
[325.027]    perfetto_c.cc:268393 Tracing session 13 ended, total sessions:0
u32-mod32 limber 2^16 sample 2/5: witness 1.032 ms, commit 58.707 ms, PIOP 33.157 ms, PCS 351.987 ms, witness→proof 401.002 ms, proof 4680779 B
[325.075]    perfetto_c.cc:266631 Configured tracing session 14, #sources:1, duration:0 ms, #buffers:1, total buffer size:65536 KB, total sessions:1, uid:0 session name: ""
[325.578]    perfetto_c.cc:268393 Tracing session 14 ended, total sessions:0
u32-mod32 limber 2^16 sample 3/5: witness 1.087 ms, commit 67.703 ms, PIOP 33.924 ms, PCS 376.713 ms, witness→proof 423.120 ms, proof 4680779 B
[325.627]    perfetto_c.cc:266631 Configured tracing session 15, #sources:1, duration:0 ms, #buffers:1, total buffer size:65536 KB, total sessions:1, uid:0 session name: ""
[326.155]    perfetto_c.cc:268393 Tracing session 15 ended, total sessions:0
u32-mod32 limber 2^16 sample 4/5: witness 1.063 ms, commit 77.187 ms, PIOP 33.901 ms, PCS 401.332 ms, witness→proof 447.978 ms, proof 4680779 B
[326.204]    perfetto_c.cc:266631 Configured tracing session 16, #sources:1, duration:0 ms, #buffers:1, total buffer size:65536 KB, total sessions:1, uid:0 session name: ""
[326.749]    perfetto_c.cc:268393 Tracing session 16 ended, total sessions:0
u32-mod32 limber 2^16 sample 5/5: witness 1.060 ms, commit 94.250 ms, PIOP 34.762 ms, PCS 420.508 ms, witness→proof 465.818 ms, proof 4680779 B
RESULT schema=native-mul/2 workload=u32-mod32 backend=limber log_multiplications=16 samples=5 witness_ms=1.062833 online_prover_ms=422.030334 verify_ms=68.283875 proof_bytes=4680779.0 peak_rss_bytes=689291264
u32-mod32 limber 2^17: isolated peak-memory pass
u32-mod32 limber 2^17: peak RSS 1053.92 MiB
u32-mod32 limber 2^17: setup
[328.514]    perfetto_c.cc:266631 Configured tracing session 17, #sources:1, duration:0 ms, #buffers:1, total buffer size:65536 KB, total sessions:1, uid:0 session name: ""
[328.515]    perfetto_c.cc:268393 Tracing session 17 ended, total sessions:0
[328.568]    perfetto_c.cc:266631 Configured tracing session 18, #sources:1, duration:0 ms, #buffers:1, total buffer size:65536 KB, total sessions:1, uid:0 session name: ""
[328.604]    perfetto_c.cc:268393 Tracing session 18 ended, total sessions:0
[328.651]    perfetto_c.cc:266631 Configured tracing session 19, #sources:1, duration:0 ms, #buffers:1, total buffer size:65536 KB, total sessions:1, uid:0 session name: ""
[329.670]    perfetto_c.cc:268393 Tracing session 19 ended, total sessions:0
u32-mod32 limber 2^17 warmup: witness 2.113 ms, commit 238.196 ms, PIOP 86.501 ms, PCS 784.845 ms, witness→proof 902.874 ms, proof 5847913 B
[329.720]    perfetto_c.cc:266631 Configured tracing session 20, #sources:1, duration:0 ms, #buffers:1, total buffer size:65536 KB, total sessions:1, uid:0 session name: ""
[330.676]    perfetto_c.cc:268393 Tracing session 20 ended, total sessions:0
u32-mod32 limber 2^17 sample 1/5: witness 2.071 ms, commit 135.382 ms, PIOP 69.492 ms, PCS 741.437 ms, witness→proof 835.420 ms, proof 5847913 B
[330.725]    perfetto_c.cc:266631 Configured tracing session 21, #sources:1, duration:0 ms, #buffers:1, total buffer size:65536 KB, total sessions:1, uid:0 session name: ""
[331.637]    perfetto_c.cc:268393 Tracing session 21 ended, total sessions:0
u32-mod32 limber 2^17 sample 2/5: witness 2.302 ms, commit 111.905 ms, PIOP 93.915 ms, PCS 680.496 ms, witness→proof 798.170 ms, proof 5847913 B
[331.685]    perfetto_c.cc:266631 Configured tracing session 22, #sources:1, duration:0 ms, #buffers:1, total buffer size:65536 KB, total sessions:1, uid:0 session name: ""
[332.528]    perfetto_c.cc:268393 Tracing session 22 ended, total sessions:0
u32-mod32 limber 2^17 sample 3/5: witness 2.104 ms, commit 118.122 ms, PIOP 68.134 ms, PCS 639.520 ms, witness→proof 730.597 ms, proof 5847913 B
[332.576]    perfetto_c.cc:266631 Configured tracing session 23, #sources:1, duration:0 ms, #buffers:1, total buffer size:65536 KB, total sessions:1, uid:0 session name: ""
[333.422]    perfetto_c.cc:268393 Tracing session 23 ended, total sessions:0
u32-mod32 limber 2^17 sample 4/5: witness 2.118 ms, commit 105.556 ms, PIOP 64.878 ms, PCS 622.356 ms, witness→proof 716.946 ms, proof 5847913 B
[333.471]    perfetto_c.cc:266631 Configured tracing session 24, #sources:1, duration:0 ms, #buffers:1, total buffer size:65536 KB, total sessions:1, uid:0 session name: ""
[334.360]    perfetto_c.cc:268393 Tracing session 24 ended, total sessions:0
u32-mod32 limber 2^17 sample 5/5: witness 2.138 ms, commit 127.037 ms, PIOP 98.738 ms, PCS 643.054 ms, witness→proof 776.665 ms, proof 5847913 B
RESULT schema=native-mul/2 workload=u32-mod32 backend=limber log_multiplications=17 samples=5 witness_ms=2.118041 online_prover_ms=774.524625 verify_ms=97.07375 proof_bytes=5847913.0 peak_rss_bytes=1105117184
u32-mod32 limber 2^18: isolated peak-memory pass
u32-mod32 limber 2^18: peak RSS 1967.19 MiB
u32-mod32 limber 2^18: setup
[336.864]    perfetto_c.cc:266631 Configured tracing session 25, #sources:1, duration:0 ms, #buffers:1, total buffer size:65536 KB, total sessions:1, uid:0 session name: ""
[336.866]    perfetto_c.cc:268393 Tracing session 25 ended, total sessions:0
[336.925]    perfetto_c.cc:266631 Configured tracing session 26, #sources:1, duration:0 ms, #buffers:1, total buffer size:65536 KB, total sessions:1, uid:0 session name: ""
[337.001]    perfetto_c.cc:268393 Tracing session 26 ended, total sessions:0
[337.049]    perfetto_c.cc:266631 Configured tracing session 27, #sources:1, duration:0 ms, #buffers:1, total buffer size:65536 KB, total sessions:1, uid:0 session name: ""
[338.929]    perfetto_c.cc:268393 Tracing session 27 ended, total sessions:0
u32-mod32 limber 2^18 warmup: witness 4.287 ms, commit 318.136 ms, PIOP 177.107 ms, PCS 1334.448 ms, witness→proof 1578.071 ms, proof 8526989 B
[338.977]    perfetto_c.cc:266631 Configured tracing session 28, #sources:1, duration:0 ms, #buffers:1, total buffer size:65536 KB, total sessions:1, uid:0 session name: ""
[340.550]    perfetto_c.cc:268393 Tracing session 28 ended, total sessions:0
u32-mod32 limber 2^18 sample 1/5: witness 4.255 ms, commit 229.859 ms, PIOP 150.671 ms, PCS 1200.160 ms, witness→proof 1402.485 ms, proof 8526989 B
[340.600]    perfetto_c.cc:266631 Configured tracing session 29, #sources:1, duration:0 ms, #buffers:1, total buffer size:65536 KB, total sessions:1, uid:0 session name: ""
[342.083]    perfetto_c.cc:268393 Tracing session 29 ended, total sessions:0
u32-mod32 limber 2^18 sample 2/5: witness 4.427 ms, commit 180.743 ms, PIOP 138.828 ms, PCS 1106.455 ms, witness→proof 1295.749 ms, proof 8526989 B
[342.131]    perfetto_c.cc:266631 Configured tracing session 30, #sources:1, duration:0 ms, #buffers:1, total buffer size:65536 KB, total sessions:1, uid:0 session name: ""
[343.825]    perfetto_c.cc:268393 Tracing session 30 ended, total sessions:0
u32-mod32 limber 2^18 sample 3/5: witness 4.575 ms, commit 231.274 ms, PIOP 137.593 ms, PCS 1309.276 ms, witness→proof 1502.342 ms, proof 8526989 B
[343.874]    perfetto_c.cc:266631 Configured tracing session 31, #sources:1, duration:0 ms, #buffers:1, total buffer size:65536 KB, total sessions:1, uid:0 session name: ""
[345.383]    perfetto_c.cc:268393 Tracing session 31 ended, total sessions:0
u32-mod32 limber 2^18 sample 4/5: witness 4.242 ms, commit 205.352 ms, PIOP 146.795 ms, PCS 1145.657 ms, witness→proof 1342.931 ms, proof 8526989 B
[345.431]    perfetto_c.cc:266631 Configured tracing session 32, #sources:1, duration:0 ms, #buffers:1, total buffer size:65536 KB, total sessions:1, uid:0 session name: ""
[346.872]    perfetto_c.cc:268393 Tracing session 32 ended, total sessions:0
u32-mod32 limber 2^18 sample 5/5: witness 4.342 ms, commit 176.336 ms, PIOP 125.397 ms, PCS 1102.143 ms, witness→proof 1272.099 ms, proof 8526989 B
RESULT schema=native-mul/2 workload=u32-mod32 backend=limber log_multiplications=18 samples=5 witness_ms=4.342 online_prover_ms=1338.686583 verify_ms=145.876916 proof_bytes=8526989.0 peak_rss_bytes=2062745600
u32-mod32 limber 2^19: isolated peak-memory pass
u32-mod32 limber 2^19: peak RSS 3758.61 MiB
u32-mod32 limber 2^19: setup
[351.096]    perfetto_c.cc:266631 Configured tracing session 33, #sources:1, duration:0 ms, #buffers:1, total buffer size:65536 KB, total sessions:1, uid:0 session name: ""
[351.100]    perfetto_c.cc:268393 Tracing session 33 ended, total sessions:0
[351.171]    perfetto_c.cc:266631 Configured tracing session 34, #sources:1, duration:0 ms, #buffers:1, total buffer size:65536 KB, total sessions:1, uid:0 session name: ""
[351.315]    perfetto_c.cc:268393 Tracing session 34 ended, total sessions:0
[351.363]    perfetto_c.cc:266631 Configured tracing session 35, #sources:1, duration:0 ms, #buffers:1, total buffer size:65536 KB, total sessions:1, uid:0 session name: ""
[354.422]    perfetto_c.cc:268393 Tracing session 35 ended, total sessions:0
u32-mod32 limber 2^19 warmup: witness 8.539 ms, commit 462.213 ms, PIOP 337.664 ms, PCS 2286.955 ms, witness→proof 2742.166 ms, proof 13413654 B
[354.470]    perfetto_c.cc:266631 Configured tracing session 36, #sources:1, duration:0 ms, #buffers:1, total buffer size:65536 KB, total sessions:1, uid:0 session name: ""
[357.263]    perfetto_c.cc:268393 Tracing session 36 ended, total sessions:0
u32-mod32 limber 2^19 sample 1/5: witness 8.489 ms, commit 391.071 ms, PIOP 273.474 ms, PCS 2144.203 ms, witness→proof 2509.352 ms, proof 13413654 B
[357.312]    perfetto_c.cc:266631 Configured tracing session 37, #sources:1, duration:0 ms, #buffers:1, total buffer size:65536 KB, total sessions:1, uid:0 session name: ""
[360.077]    perfetto_c.cc:268393 Tracing session 37 ended, total sessions:0
u32-mod32 limber 2^19 sample 2/5: witness 8.466 ms, commit 413.832 ms, PIOP 245.824 ms, PCS 2144.350 ms, witness→proof 2482.812 ms, proof 13413654 B
[360.126]    perfetto_c.cc:266631 Configured tracing session 38, #sources:1, duration:0 ms, #buffers:1, total buffer size:65536 KB, total sessions:1, uid:0 session name: ""
[362.948]    perfetto_c.cc:268393 Tracing session 38 ended, total sessions:0
u32-mod32 limber 2^19 sample 3/5: witness 8.423 ms, commit 375.563 ms, PIOP 250.096 ms, PCS 2193.399 ms, witness→proof 2542.585 ms, proof 13413654 B
[362.998]    perfetto_c.cc:266631 Configured tracing session 39, #sources:1, duration:0 ms, #buffers:1, total buffer size:65536 KB, total sessions:1, uid:0 session name: ""
[365.683]    perfetto_c.cc:268393 Tracing session 39 ended, total sessions:0
u32-mod32 limber 2^19 sample 4/5: witness 8.352 ms, commit 387.558 ms, PIOP 246.807 ms, PCS 2076.445 ms, witness→proof 2409.188 ms, proof 13413654 B
[365.732]    perfetto_c.cc:266631 Configured tracing session 40, #sources:1, duration:0 ms, #buffers:1, total buffer size:65536 KB, total sessions:1, uid:0 session name: ""
[368.512]    perfetto_c.cc:268393 Tracing session 40 ended, total sessions:0
u32-mod32 limber 2^19 sample 5/5: witness 8.964 ms, commit 379.062 ms, PIOP 253.733 ms, PCS 2155.797 ms, witness→proof 2497.755 ms, proof 13413654 B
RESULT schema=native-mul/2 workload=u32-mod32 backend=limber log_multiplications=19 samples=5 witness_ms=8.465541 online_prover_ms=2488.789041 verify_ms=244.828 proof_bytes=13413654.0 peak_rss_bytes=3941187584
u32-mod32 limber 2^20: isolated peak-memory pass
u32-mod32 limber 2^20: peak RSS 7166.39 MiB
u32-mod32 limber 2^20: setup
[375.819]    perfetto_c.cc:266631 Configured tracing session 41, #sources:1, duration:0 ms, #buffers:1, total buffer size:65536 KB, total sessions:1, uid:0 session name: ""
[375.827]    perfetto_c.cc:268393 Tracing session 41 ended, total sessions:0
[375.921]    perfetto_c.cc:266631 Configured tracing session 42, #sources:1, duration:0 ms, #buffers:1, total buffer size:65536 KB, total sessions:1, uid:0 session name: ""
[376.215]    perfetto_c.cc:268393 Tracing session 42 ended, total sessions:0
[376.263]    perfetto_c.cc:266631 Configured tracing session 43, #sources:1, duration:0 ms, #buffers:1, total buffer size:65536 KB, total sessions:1, uid:0 session name: ""
[382.064]    perfetto_c.cc:268393 Tracing session 43 ended, total sessions:0
u32-mod32 limber 2^20 warmup: witness 22.852 ms, commit 876.031 ms, PIOP 677.394 ms, PCS 4349.216 ms, witness→proof 5235.323 ms, proof 23136844 B
[382.114]    perfetto_c.cc:266631 Configured tracing session 44, #sources:1, duration:0 ms, #buffers:1, total buffer size:65536 KB, total sessions:1, uid:0 session name: ""
[387.449]    perfetto_c.cc:268393 Tracing session 44 ended, total sessions:0
u32-mod32 limber 2^20 sample 1/5: witness 17.358 ms, commit 707.491 ms, PIOP 565.097 ms, PCS 4107.016 ms, witness→proof 4827.271 ms, proof 23136844 B
[387.498]    perfetto_c.cc:266631 Configured tracing session 45, #sources:1, duration:0 ms, #buffers:1, total buffer size:65536 KB, total sessions:1, uid:0 session name: ""
[392.720]    perfetto_c.cc:268393 Tracing session 45 ended, total sessions:0
u32-mod32 limber 2^20 sample 2/5: witness 17.327 ms, commit 710.393 ms, PIOP 501.248 ms, PCS 4059.356 ms, witness→proof 4745.278 ms, proof 23136844 B
[392.766]    perfetto_c.cc:266631 Configured tracing session 46, #sources:1, duration:0 ms, #buffers:1, total buffer size:65536 KB, total sessions:1, uid:0 session name: ""
[397.547]    perfetto_c.cc:268393 Tracing session 46 ended, total sessions:0
u32-mod32 limber 2^20 sample 3/5: witness 16.763 ms, commit 653.019 ms, PIOP 500.245 ms, PCS 3641.984 ms, witness→proof 4288.829 ms, proof 23136844 B
[397.592]    perfetto_c.cc:266631 Configured tracing session 47, #sources:1, duration:0 ms, #buffers:1, total buffer size:65536 KB, total sessions:1, uid:0 session name: ""
[402.352]    perfetto_c.cc:268393 Tracing session 47 ended, total sessions:0
u32-mod32 limber 2^20 sample 4/5: witness 16.557 ms, commit 615.073 ms, PIOP 482.818 ms, PCS 3628.267 ms, witness→proof 4268.722 ms, proof 23136844 B
[402.406]    perfetto_c.cc:266631 Configured tracing session 48, #sources:1, duration:0 ms, #buffers:1, total buffer size:65536 KB, total sessions:1, uid:0 session name: ""
[407.465]    perfetto_c.cc:268393 Tracing session 48 ended, total sessions:0
u32-mod32 limber 2^20 sample 5/5: witness 16.456 ms, commit 613.119 ms, PIOP 504.589 ms, PCS 3900.449 ms, witness→proof 4567.181 ms, proof 23136844 B
RESULT schema=native-mul/2 workload=u32-mod32 backend=limber log_multiplications=20 samples=5 witness_ms=16.762667 online_prover_ms=4550.723042 verify_ms=426.576167 proof_bytes=23136844.0 peak_rss_bytes=7514505216
u32-mod32 limber 2^21: isolated peak-memory pass
u32-mod32 limber 2^21: peak RSS 14005.95 MiB
u32-mod32 limber 2^21: setup
[422.743]    perfetto_c.cc:266631 Configured tracing session 49, #sources:1, duration:0 ms, #buffers:1, total buffer size:65536 KB, total sessions:1, uid:0 session name: ""
[422.781]    perfetto_c.cc:268393 Tracing session 49 ended, total sessions:0
[422.991]    perfetto_c.cc:266631 Configured tracing session 50, #sources:1, duration:0 ms, #buffers:1, total buffer size:65536 KB, total sessions:1, uid:0 session name: ""
[423.742]    perfetto_c.cc:268393 Tracing session 50 ended, total sessions:0
[423.792]    perfetto_c.cc:266631 Configured tracing session 51, #sources:1, duration:0 ms, #buffers:1, total buffer size:65536 KB, total sessions:1, uid:0 session name: ""
[434.668]    perfetto_c.cc:268393 Tracing session 51 ended, total sessions:0
u32-mod32 limber 2^21 warmup: witness 67.097 ms, commit 1480.907 ms, PIOP 1340.423 ms, PCS 8010.437 ms, witness→proof 9874.307 ms, proof 40812916 B
[434.715]    perfetto_c.cc:266631 Configured tracing session 52, #sources:1, duration:0 ms, #buffers:1, total buffer size:65536 KB, total sessions:1, uid:0 session name: ""
[444.650]    perfetto_c.cc:268393 Tracing session 52 ended, total sessions:0
u32-mod32 limber 2^21 sample 1/5: witness 38.158 ms, commit 1312.882 ms, PIOP 1027.404 ms, PCS 7597.959 ms, witness→proof 8990.249 ms, proof 40812916 B
[444.698]    perfetto_c.cc:266631 Configured tracing session 53, #sources:1, duration:0 ms, #buffers:1, total buffer size:65536 KB, total sessions:1, uid:0 session name: ""
[454.897]    perfetto_c.cc:268393 Tracing session 53 ended, total sessions:0
u32-mod32 limber 2^21 sample 2/5: witness 39.022 ms, commit 1403.512 ms, PIOP 1049.722 ms, PCS 7823.691 ms, witness→proof 9246.013 ms, proof 40812916 B
[454.951]    perfetto_c.cc:266631 Configured tracing session 54, #sources:1, duration:0 ms, #buffers:1, total buffer size:65536 KB, total sessions:1, uid:0 session name: ""
[465.152]    perfetto_c.cc:268393 Tracing session 54 ended, total sessions:0
u32-mod32 limber 2^21 sample 3/5: witness 33.073 ms, commit 1487.368 ms, PIOP 977.302 ms, PCS 7763.372 ms, witness→proof 9111.023 ms, proof 40812916 B
[465.197]    perfetto_c.cc:266631 Configured tracing session 55, #sources:1, duration:0 ms, #buffers:1, total buffer size:65536 KB, total sessions:1, uid:0 session name: ""
[474.925]    perfetto_c.cc:268393 Tracing session 55 ended, total sessions:0
u32-mod32 limber 2^21 sample 4/5: witness 33.043 ms, commit 1200.398 ms, PIOP 943.853 ms, PCS 7586.264 ms, witness→proof 8804.052 ms, proof 40812916 B
[474.973]    perfetto_c.cc:266631 Configured tracing session 56, #sources:1, duration:0 ms, #buffers:1, total buffer size:65536 KB, total sessions:1, uid:0 session name: ""
[485.082]    perfetto_c.cc:268393 Tracing session 56 ended, total sessions:0
u32-mod32 limber 2^21 sample 5/5: witness 32.983 ms, commit 1402.650 ms, PIOP 987.960 ms, PCS 7697.559 ms, witness→proof 9059.830 ms, proof 40812916 B
RESULT schema=native-mul/2 workload=u32-mod32 backend=limber log_multiplications=21 samples=5 witness_ms=33.072583 online_prover_ms=9026.844334 verify_ms=836.144375 proof_bytes=40812916.0 peak_rss_bytes=14686306304
u32-mod32 limber 2^22: isolated peak-memory pass
u32-mod32 limber 2^22: peak RSS 23856.80 MiB
u32-mod32 limber 2^22: setup
[515.480]    perfetto_c.cc:266631 Configured tracing session 57, #sources:1, duration:0 ms, #buffers:1, total buffer size:65536 KB, total sessions:1, uid:0 session name: ""
[515.543]    perfetto_c.cc:268393 Tracing session 57 ended, total sessions:0
[515.821]    perfetto_c.cc:266631 Configured tracing session 58, #sources:1, duration:0 ms, #buffers:1, total buffer size:65536 KB, total sessions:1, uid:0 session name: ""
[517.054]    perfetto_c.cc:268393 Tracing session 58 ended, total sessions:0
[517.103]    perfetto_c.cc:266631 Configured tracing session 59, #sources:1, duration:0 ms, #buffers:1, total buffer size:65536 KB, total sessions:1, uid:0 session name: ""
[542.799]    perfetto_c.cc:268393 Tracing session 59 ended, total sessions:0
u32-mod32 limber 2^22 warmup: witness 133.877 ms, commit 3025.826 ms, PIOP 2422.589 ms, PCS 19320.139 ms, witness→proof 22838.937 ms, proof 75625542 B
[542.897]    perfetto_c.cc:266631 Configured tracing session 60, #sources:1, duration:0 ms, #buffers:1, total buffer size:65536 KB, total sessions:1, uid:0 session name: ""
[565.114]    perfetto_c.cc:268393 Tracing session 60 ended, total sessions:0
u32-mod32 limber 2^22 sample 1/5: witness 124.715 ms, commit 2751.528 ms, PIOP 2748.968 ms, PCS 16484.056 ms, witness→proof 20076.274 ms, proof 75625542 B
[565.200]    perfetto_c.cc:266631 Configured tracing session 61, #sources:1, duration:0 ms, #buffers:1, total buffer size:65536 KB, total sessions:1, uid:0 session name: ""
[588.139]    perfetto_c.cc:268393 Tracing session 61 ended, total sessions:0
u32-mod32 limber 2^22 sample 2/5: witness 72.915 ms, commit 3099.685 ms, PIOP 2094.095 ms, PCS 17406.122 ms, witness→proof 20291.755 ms, proof 75625542 B
[588.239]    perfetto_c.cc:266631 Configured tracing session 62, #sources:1, duration:0 ms, #buffers:1, total buffer size:65536 KB, total sessions:1, uid:0 session name: ""
[609.960]    perfetto_c.cc:268393 Tracing session 62 ended, total sessions:0
u32-mod32 limber 2^22 sample 3/5: witness 97.328 ms, commit 2578.629 ms, PIOP 2655.543 ms, PCS 15934.378 ms, witness→proof 19446.661 ms, proof 75625542 B
[610.045]    perfetto_c.cc:266631 Configured tracing session 63, #sources:1, duration:0 ms, #buffers:1, total buffer size:65536 KB, total sessions:1, uid:0 session name: ""
[631.339]    perfetto_c.cc:268393 Tracing session 63 ended, total sessions:0
u32-mod32 limber 2^22 sample 4/5: witness 84.153 ms, commit 2778.702 ms, PIOP 2081.859 ms, PCS 16098.337 ms, witness→proof 18950.195 ms, proof 75625542 B
[631.435]    perfetto_c.cc:266631 Configured tracing session 64, #sources:1, duration:0 ms, #buffers:1, total buffer size:65536 KB, total sessions:1, uid:0 session name: ""
[654.554]    perfetto_c.cc:268393 Tracing session 64 ended, total sessions:0
u32-mod32 limber 2^22 sample 5/5: witness 119.856 ms, commit 2853.465 ms, PIOP 2664.951 ms, PCS 16304.784 ms, witness→proof 19825.411 ms, proof 75625542 B
RESULT schema=native-mul/2 workload=u32-mod32 backend=limber log_multiplications=22 samples=5 witness_ms=97.32825 online_prover_ms=19705.553042 verify_ms=2031.59275 proof_bytes=75625542.0 peak_rss_bytes=25015664640
Native multiplication results: /Users/johnwu/code/zk/f2z-pcs/PerfRuns/albert-requested-_f62mead/all-provers/u32-mod32-limber
