[bench_gate] ecdsa-verifier-merge-20260916: idle 100% (streak 1/5)
[bench_gate] ecdsa-verifier-merge-20260916: idle 100% (streak 2/5)
[bench_gate] ecdsa-verifier-merge-20260916: idle 100% (streak 3/5)
[bench_gate] ecdsa-verifier-merge-20260916: idle 100% (streak 4/5)
[bench_gate] ecdsa-verifier-merge-20260916: idle 100% (streak 5/5)
[bench_gate] ecdsa-verifier-merge-20260916: starting (swap baseline 8.00 GB, guard +12 GB)
f2z-split-i3-l100-t1-r1 pass=0 base
  median verify 22.517 ms; prove 138.310 ms
f2z-split-i3-l100-t1-r1 pass=0 merged
  median verify 5.575 ms; prove 139.818 ms
f2z-split-i3-l100-t10-r1 pass=0 base
  median verify 7.322 ms; prove 34.048 ms
f2z-split-i3-l100-t10-r1 pass=0 merged
  median verify 4.543 ms; prove 32.563 ms
f2z-split-i7-l100-t1-r1 pass=0 base
  median verify 27.301 ms; prove 137.066 ms
f2z-split-i7-l100-t1-r1 pass=0 merged
  median verify 6.963 ms; prove 137.163 ms
f2z-split-i7-l100-t10-r1 pass=0 base
  median verify 8.246 ms; prove 41.487 ms
f2z-split-i7-l100-t10-r1 pass=0 merged
  median verify 5.109 ms; prove 38.332 ms
f2z-all-i3-l100-t1-r1 pass=0 base
  median verify 21.932 ms; prove 138.228 ms
f2z-all-i3-l100-t1-r1 pass=0 merged
  median verify 5.734 ms; prove 140.528 ms
f2z-all-i3-l100-t10-r1 pass=0 base
  median verify 7.493 ms; prove 33.290 ms
f2z-all-i3-l100-t10-r1 pass=0 merged
  median verify 4.697 ms; prove 38.204 ms
f2z-all-i7-l100-t1-r1 pass=0 base
  median verify 26.917 ms; prove 137.535 ms
f2z-all-i7-l100-t1-r1 pass=0 merged
  median verify 6.802 ms; prove 139.666 ms
f2z-all-i7-l100-t10-r1 pass=0 base
  median verify 8.151 ms; prove 42.144 ms
f2z-all-i7-l100-t10-r1 pass=0 merged
  median verify 5.020 ms; prove 39.309 ms
f2z-split-i7-l100-t1-r3 pass=0 base
  median verify 27.706 ms; prove 135.006 ms
f2z-split-i7-l100-t1-r3 pass=0 merged
  median verify 6.527 ms; prove 138.040 ms
f2z-split-i7-l100-t10-r3 pass=0 base
  median verify 7.736 ms; prove 38.845 ms
f2z-split-i7-l100-t10-r3 pass=0 merged
  median verify 4.729 ms; prove 37.825 ms
f2z-split-i7-l128-t1-r1 pass=0 base
  median verify 29.528 ms; prove 918.239 ms
f2z-split-i7-l128-t1-r1 pass=0 merged
  median verify 7.717 ms; prove 917.987 ms
f2z-split-i7-l128-t10-r1 pass=0 base
  median verify 8.905 ms; prove 123.698 ms
f2z-split-i7-l128-t10-r1 pass=0 merged
  median verify 5.755 ms; prove 121.172 ms
f2z-split-i7-l128-t10-r1 pass=1 merged
  median verify 5.813 ms; prove 133.559 ms
f2z-split-i7-l128-t10-r1 pass=1 base
  median verify 9.138 ms; prove 125.468 ms
f2z-split-i7-l128-t1-r1 pass=1 merged
  median verify 7.782 ms; prove 915.112 ms
f2z-split-i7-l128-t1-r1 pass=1 base
  median verify 28.164 ms; prove 916.483 ms
f2z-split-i7-l100-t10-r3 pass=1 merged
  median verify 4.529 ms; prove 37.674 ms
f2z-split-i7-l100-t10-r3 pass=1 base
  median verify 7.603 ms; prove 40.759 ms
f2z-split-i7-l100-t1-r3 pass=1 merged
  median verify 6.382 ms; prove 134.087 ms
f2z-split-i7-l100-t1-r3 pass=1 base
  median verify 26.888 ms; prove 137.344 ms
f2z-all-i7-l100-t10-r1 pass=1 merged
  median verify 5.066 ms; prove 39.856 ms
f2z-all-i7-l100-t10-r1 pass=1 base
  median verify 7.691 ms; prove 43.006 ms
f2z-all-i7-l100-t1-r1 pass=1 merged
  median verify 6.844 ms; prove 138.270 ms
f2z-all-i7-l100-t1-r1 pass=1 base
  median verify 27.060 ms; prove 138.414 ms
f2z-all-i3-l100-t10-r1 pass=1 merged
  median verify 4.794 ms; prove 32.494 ms
f2z-all-i3-l100-t10-r1 pass=1 base
  median verify 6.641 ms; prove 33.288 ms
f2z-all-i3-l100-t1-r1 pass=1 merged
  median verify 5.621 ms; prove 142.378 ms
f2z-all-i3-l100-t1-r1 pass=1 base
  median verify 21.667 ms; prove 140.815 ms
f2z-split-i7-l100-t10-r1 pass=1 merged
  median verify 5.114 ms; prove 39.365 ms
f2z-split-i7-l100-t10-r1 pass=1 base
  median verify 7.923 ms; prove 41.165 ms
f2z-split-i7-l100-t1-r1 pass=1 merged
  median verify 7.057 ms; prove 137.368 ms
f2z-split-i7-l100-t1-r1 pass=1 base
  median verify 28.402 ms; prove 138.057 ms
f2z-split-i3-l100-t10-r1 pass=1 merged
  median verify 4.774 ms; prove 32.795 ms
f2z-split-i3-l100-t10-r1 pass=1 base
  median verify 7.344 ms; prove 34.365 ms
f2z-split-i3-l100-t1-r1 pass=1 merged
  median verify 5.578 ms; prove 140.354 ms
f2z-split-i3-l100-t1-r1 pass=1 base
  median verify 22.032 ms; prove 135.721 ms
[
  {
    "config": "f2z-split-i3-l100-t1-r1",
    "verify_speedup": 3.9945765997008897,
    "prover_speedup": 0.972741195515756
  },
  {
    "config": "f2z-split-i3-l100-t10-r1",
    "verify_speedup": 1.5579653804875566,
    "prover_speedup": 1.046737361387715
  },
  {
    "config": "f2z-split-i7-l100-t1-r1",
    "verify_speedup": 3.9840778732078337,
    "prover_speedup": 1.0017440109194302
  },
  {
    "config": "f2z-split-i7-l100-t10-r1",
    "verify_speedup": 1.600990993158933,
    "prover_speedup": 1.0536292743898807
  },
  {
    "config": "f2z-all-i3-l100-t1-r1",
    "verify_speedup": 3.8686079482764284,
    "prover_speedup": 0.9813678673122868
  },
  {
    "config": "f2z-all-i3-l100-t10-r1",
    "verify_speedup": 1.5594229555198098,
    "prover_speedup": 0.922120629584025
  },
  {
    "config": "f2z-all-i7-l100-t1-r1",
    "verify_speedup": 3.9472629738114193,
    "prover_speedup": 0.9891835877957545
  },
  {
    "config": "f2z-all-i7-l100-t10-r1",
    "verify_speedup": 1.6075329214192606,
    "prover_speedup": 1.0682349861354046
  },
  {
    "config": "f2z-split-i7-l100-t1-r3",
    "verify_speedup": 4.259934903541744,
    "prover_speedup": 0.9983545239731123
  },
  {
    "config": "f2z-split-i7-l100-t10-r3",
    "verify_speedup": 1.6566904715077946,
    "prover_speedup": 1.042913004816153
  },
  {
    "config": "f2z-split-i7-l128-t1-r1",
    "verify_speedup": 3.679451579469503,
    "prover_speedup": 1.0016268192977178
  },
  {
    "config": "f2z-split-i7-l128-t10-r1",
    "verify_speedup": 1.5582246665527024,
    "prover_speedup": 0.9821416441160811
  }
]
