error: /var/folders/q0/v7l8dzd13k7f_q6j80sy03lm0000gn/T/f2z-field-gated-oznhk713/Cargo.toml: can't find `binius_config_audit` example at `examples/binius_config_audit.rs` or `examples/binius_config_audit/main.rs`. Please specify example.path if you want to use a non-default path.
error: /var/folders/q0/v7l8dzd13k7f_q6j80sy03lm0000gn/T/f2z-field-gated-oznhk713/Cargo.toml: can't find `binius_probe` example at `examples/binius_probe.rs` or `examples/binius_probe/main.rs`. Please specify example.path if you want to use a non-default path.
error: /var/folders/q0/v7l8dzd13k7f_q6j80sy03lm0000gn/T/f2z-field-gated-oznhk713/Cargo.toml: can't find `cm_probe` example at `examples/cm_probe.rs` or `examples/cm_probe/main.rs`. Please specify example.path if you want to use a non-default path.
error: /var/folders/q0/v7l8dzd13k7f_q6j80sy03lm0000gn/T/f2z-field-gated-oznhk713/Cargo.toml: can't find `grind_probe` example at `examples/grind_probe.rs` or `examples/grind_probe/main.rs`. Please specify example.path if you want to use a non-default path.
error: /var/folders/q0/v7l8dzd13k7f_q6j80sy03lm0000gn/T/f2z-field-gated-oznhk713/Cargo.toml: can't find `hybrid_probe` example at `examples/hybrid_probe.rs` or `examples/hybrid_probe/main.rs`. Please specify example.path if you want to use a non-default path.
error: /var/folders/q0/v7l8dzd13k7f_q6j80sy03lm0000gn/T/f2z-field-gated-oznhk713/Cargo.toml: can't find `prof_probe` example at `examples/prof_probe.rs` or `examples/prof_probe/main.rs`. Please specify example.path if you want to use a non-default path.
error: /var/folders/q0/v7l8dzd13k7f_q6j80sy03lm0000gn/T/f2z-field-gated-oznhk713/Cargo.toml: can't find `quad_ab` example at `examples/quad_ab.rs` or `examples/quad_ab/main.rs`. Please specify example.path if you want to use a non-default path.
error: /var/folders/q0/v7l8dzd13k7f_q6j80sy03lm0000gn/T/f2z-field-gated-oznhk713/Cargo.toml: can't find `reference_measure` example at `examples/reference_measure.rs` or `examples/reference_measure/main.rs`. Please specify example.path if you want to use a non-default path.
error: /var/folders/q0/v7l8dzd13k7f_q6j80sy03lm0000gn/T/f2z-field-gated-oznhk713/Cargo.toml: can't find `rlc_ab` example at `examples/rlc_ab.rs` or `examples/rlc_ab/main.rs`. Please specify example.path if you want to use a non-default path.
error: /var/folders/q0/v7l8dzd13k7f_q6j80sy03lm0000gn/T/f2z-field-gated-oznhk713/Cargo.toml: can't find `sha_probe` example at `examples/sha_probe.rs` or `examples/sha_probe/main.rs`. Please specify example.path if you want to use a non-default path.
error: /var/folders/q0/v7l8dzd13k7f_q6j80sy03lm0000gn/T/f2z-field-gated-oznhk713/Cargo.toml: can't find `spartan_probe` example at `examples/spartan_probe.rs` or `examples/spartan_probe/main.rs`. Please specify example.path if you want to use a non-default path.
error: /var/folders/q0/v7l8dzd13k7f_q6j80sy03lm0000gn/T/f2z-field-gated-oznhk713/Cargo.toml: can't find `taps_ab` example at `examples/taps_ab.rs` or `examples/taps_ab/main.rs`. Please specify example.path if you want to use a non-default path.
error: /var/folders/q0/v7l8dzd13k7f_q6j80sy03lm0000gn/T/f2z-field-gated-oznhk713/Cargo.toml: can't find `u64_mul_probe` example at `examples/u64_mul_probe.rs` or `examples/u64_mul_probe/main.rs`. Please specify example.path if you want to use a non-default path.
error: /var/folders/q0/v7l8dzd13k7f_q6j80sy03lm0000gn/T/f2z-field-gated-oznhk713/Cargo.toml: can't find `benchmark_perfetto` test at `tests/benchmark_perfetto.rs` or `tests/benchmark_perfetto/main.rs`. Please specify test.path if you want to use a non-default path.
error: /var/folders/q0/v7l8dzd13k7f_q6j80sy03lm0000gn/T/f2z-field-gated-oznhk713/Cargo.toml: can't find `baby_bear_mul` bench at `benches/baby_bear_mul.rs` or `benches/baby_bear_mul/main.rs`. Please specify bench.path if you want to use a non-default path.
error: /var/folders/q0/v7l8dzd13k7f_q6j80sy03lm0000gn/T/f2z-field-gated-oznhk713/Cargo.toml: can't find `baby_bear_pcs_compare` bench at `benches/baby_bear_pcs_compare.rs` or `benches/baby_bear_pcs_compare/main.rs`. Please specify bench.path if you want to use a non-default path.
error: /var/folders/q0/v7l8dzd13k7f_q6j80sy03lm0000gn/T/f2z-field-gated-oznhk713/Cargo.toml: can't find `cm_and` bench at `benches/cm_and.rs` or `benches/cm_and/main.rs`. Please specify bench.path if you want to use a non-default path.
error: /var/folders/q0/v7l8dzd13k7f_q6j80sy03lm0000gn/T/f2z-field-gated-oznhk713/Cargo.toml: can't find `eq_tables` bench at `benches/eq_tables.rs` or `benches/eq_tables/main.rs`. Please specify bench.path if you want to use a non-default path.
error: /var/folders/q0/v7l8dzd13k7f_q6j80sy03lm0000gn/T/f2z-field-gated-oznhk713/Cargo.toml: can't find `field` bench at `benches/field.rs` or `benches/field/main.rs`. Please specify bench.path if you want to use a non-default path.
error: /var/folders/q0/v7l8dzd13k7f_q6j80sy03lm0000gn/T/f2z-field-gated-oznhk713/Cargo.toml: can't find `hybrid_u32_sha256` bench at `benches/hybrid_u32_sha256.rs` or `benches/hybrid_u32_sha256/main.rs`. Please specify bench.path if you want to use a non-default path.
error: /var/folders/q0/v7l8dzd13k7f_q6j80sy03lm0000gn/T/f2z-field-gated-oznhk713/Cargo.toml: can't find `lambda_sweep` bench at `benches/lambda_sweep.rs` or `benches/lambda_sweep/main.rs`. Please specify bench.path if you want to use a non-default path.
error: /var/folders/q0/v7l8dzd13k7f_q6j80sy03lm0000gn/T/f2z-field-gated-oznhk713/Cargo.toml: can't find `ligerito_bounds` bench at `benches/ligerito_bounds.rs` or `benches/ligerito_bounds/main.rs`. Please specify bench.path if you want to use a non-default path.
error: /var/folders/q0/v7l8dzd13k7f_q6j80sy03lm0000gn/T/f2z-field-gated-oznhk713/Cargo.toml: can't find `mul_e2e_compare` bench at `benches/mul_e2e_compare.rs` or `benches/mul_e2e_compare/main.rs`. Please specify bench.path if you want to use a non-default path.
error: /var/folders/q0/v7l8dzd13k7f_q6j80sy03lm0000gn/T/f2z-field-gated-oznhk713/Cargo.toml: can't find `mul_witness_compare` bench at `benches/mul_witness_compare.rs` or `benches/mul_witness_compare/main.rs`. Please specify bench.path if you want to use a non-default path.
error: /var/folders/q0/v7l8dzd13k7f_q6j80sy03lm0000gn/T/f2z-field-gated-oznhk713/Cargo.toml: can't find `multiswap` bench at `benches/multiswap.rs` or `benches/multiswap/main.rs`. Please specify bench.path if you want to use a non-default path.
error: /var/folders/q0/v7l8dzd13k7f_q6j80sy03lm0000gn/T/f2z-field-gated-oznhk713/Cargo.toml: can't find `pcs` bench at `benches/pcs.rs` or `benches/pcs/main.rs`. Please specify bench.path if you want to use a non-default path.
error: /var/folders/q0/v7l8dzd13k7f_q6j80sy03lm0000gn/T/f2z-field-gated-oznhk713/Cargo.toml: can't find `sha256_chain` bench at `benches/sha256_chain.rs` or `benches/sha256_chain/main.rs`. Please specify bench.path if you want to use a non-default path.
error: /var/folders/q0/v7l8dzd13k7f_q6j80sy03lm0000gn/T/f2z-field-gated-oznhk713/Cargo.toml: can't find `sha256_compressions` bench at `benches/sha256_compressions.rs` or `benches/sha256_compressions/main.rs`. Please specify bench.path if you want to use a non-default path.
error: /var/folders/q0/v7l8dzd13k7f_q6j80sy03lm0000gn/T/f2z-field-gated-oznhk713/Cargo.toml: can't find `sha256_e2e_compare` bench at `benches/sha256_e2e_compare.rs` or `benches/sha256_e2e_compare/main.rs`. Please specify bench.path if you want to use a non-default path.
error: /var/folders/q0/v7l8dzd13k7f_q6j80sy03lm0000gn/T/f2z-field-gated-oznhk713/Cargo.toml: can't find `sha256_ecdsa` bench at `benches/sha256_ecdsa.rs` or `benches/sha256_ecdsa/main.rs`. Please specify bench.path if you want to use a non-default path.
error: /var/folders/q0/v7l8dzd13k7f_q6j80sy03lm0000gn/T/f2z-field-gated-oznhk713/Cargo.toml: can't find `sha256_ecdsa_compare` bench at `benches/sha256_ecdsa_compare.rs` or `benches/sha256_ecdsa_compare/main.rs`. Please specify bench.path if you want to use a non-default path.
error: /var/folders/q0/v7l8dzd13k7f_q6j80sy03lm0000gn/T/f2z-field-gated-oznhk713/Cargo.toml: can't find `sha256_product_layout` bench at `benches/sha256_product_layout.rs` or `benches/sha256_product_layout/main.rs`. Please specify bench.path if you want to use a non-default path.
error: /var/folders/q0/v7l8dzd13k7f_q6j80sy03lm0000gn/T/f2z-field-gated-oznhk713/Cargo.toml: can't find `u32_mul` bench at `benches/u32_mul.rs` or `benches/u32_mul/main.rs`. Please specify bench.path if you want to use a non-default path.
error: /var/folders/q0/v7l8dzd13k7f_q6j80sy03lm0000gn/T/f2z-field-gated-oznhk713/Cargo.toml: can't find `u32_mul_inner_policy` bench at `benches/u32_mul_inner_policy.rs` or `benches/u32_mul_inner_policy/main.rs`. Please specify bench.path if you want to use a non-default path.
error: /var/folders/q0/v7l8dzd13k7f_q6j80sy03lm0000gn/T/f2z-field-gated-oznhk713/Cargo.toml: can't find `u32_mul_outer_skip` bench at `benches/u32_mul_outer_skip.rs` or `benches/u32_mul_outer_skip/main.rs`. Please specify bench.path if you want to use a non-default path.
error: /var/folders/q0/v7l8dzd13k7f_q6j80sy03lm0000gn/T/f2z-field-gated-oznhk713/Cargo.toml: can't find `u32_pcs_compare` bench at `benches/u32_pcs_compare.rs` or `benches/u32_pcs_compare/main.rs`. Please specify bench.path if you want to use a non-default path.
error: could not parse `f2z` (manifest) due to 36 previous errors
