	Command being timed: "/home/john-wu/code/BitZ-pcs-run/.tmp/falcon-baseline-449-20261005T180359Z/falcon_hybrid_4491309f --security 128 --batch 1024 --threads 16 --seed 42 --warmup 1 --iterations 3"
	User time (seconds): 55.10
	System time (seconds): 5.25
	Percent of CPU this job got: 440%
	Elapsed (wall clock) time (h:mm:ss or m:ss): 0:13.68
	Average shared text size (kbytes): 0
	Average unshared data size (kbytes): 0
	Average stack size (kbytes): 0
	Average total size (kbytes): 0
	Maximum resident set size (kbytes): 3477504
	Average resident set size (kbytes): 0
	Major (requiring I/O) page faults: 0
	Minor (reclaiming a frame) page faults: 2917803
	Voluntary context switches: 46324
	Involuntary context switches: 8053
	Swaps: 0
	File system inputs: 0
	File system outputs: 16
	Socket messages sent: 0
	Socket messages received: 0
	Signals delivered: 0
	Page size (bytes): 4096
	Exit status: 0
