[bench_gate] falcon-v2-will-discovery100: idle 100% (streak 1/5)
[bench_gate] falcon-v2-will-discovery100: idle 100% (streak 2/5)
[bench_gate] falcon-v2-will-discovery100: idle 99% (streak 3/5)
[bench_gate] falcon-v2-will-discovery100: idle 100% (streak 4/5)
[bench_gate] falcon-v2-will-discovery100: idle 100% (streak 5/5)
[bench_gate] falcon-v2-will-discovery100: starting (swap baseline 0.00 GB, guard +12 GB)
START s100-b1024-t16-seed42-native
DONE s100-b1024-t16-seed42-native: 802.051ms, 2294444bytes
START s100-b1024-t16-seed42-v1
DONE s100-b1024-t16-seed42-v1: 803.362ms, 1867852bytes
START s100-b1024-t16-seed42-v2
DONE s100-b1024-t16-seed42-v2: 714.222ms, 1599298bytes
START s100-b1024-t16-seed43-v2
DONE s100-b1024-t16-seed43-v2: 725.734ms, 1605442bytes
START s100-b1024-t16-seed43-v1
DONE s100-b1024-t16-seed43-v1: 835.017ms, 1871980bytes
START s100-b1024-t16-seed43-native
DONE s100-b1024-t16-seed43-native: 799.021ms, 2293932bytes
START s100-b1024-t16-seed44-native
DONE s100-b1024-t16-seed44-native: 799.474ms, 2294316bytes
START s100-b1024-t16-seed44-v1
DONE s100-b1024-t16-seed44-v1: 809.959ms, 1868012bytes
START s100-b1024-t16-seed44-v2
DONE s100-b1024-t16-seed44-v2: 720.892ms, 1607810bytes
START s100-b1024-t16-seed45-v2
DONE s100-b1024-t16-seed45-v2: 721.231ms, 1606914bytes
START s100-b1024-t16-seed45-v1
DONE s100-b1024-t16-seed45-v1: 816.633ms, 1868780bytes
START s100-b1024-t16-seed45-native
DONE s100-b1024-t16-seed45-native: 802.697ms, 2293228bytes
START s100-b1024-t16-seed46-native
DONE s100-b1024-t16-seed46-native: 830.240ms, 2297132bytes
START s100-b1024-t16-seed46-v1
DONE s100-b1024-t16-seed46-v1: 818.092ms, 1868428bytes
START s100-b1024-t16-seed46-v2
DONE s100-b1024-t16-seed46-v2: 732.983ms, 1604162bytes
{"status": "stopped_on_regression", "cells": [{"cell": [100, 1024, 16], "comparisons": [{"baseline": "native", "candidate": "v2", "seeds": [42, 43, 44, 45, 46], "complete": true, "metrics": {"total_prover_ms": {"ratio": 0.8963258929685751, "interval_95": [0.8881240468135381, 0.9036886289111775], "status": "inconclusive"}, "proof_verify_ms": {"ratio": 0.7959765599710266, "interval_95": [0.7760614201367543, 0.814079077004044], "status": "inconclusive"}}, "payload_pass": true, "memory_pass": false, "status": "regression"}, {"baseline": "v1", "candidate": "v2", "seeds": [42, 43, 44, 45, 46], "complete": true, "metrics": {"total_prover_ms": {"ratio": 0.8854213312418873, "interval_95": [0.8770371365418819, 0.892207499427612], "status": "inconclusive"}, "proof_verify_ms": {"ratio": 0.9488517624932872, "interval_95": [0.9311044172424179, 0.9692796013355492], "status": "inconclusive"}}, "payload_pass": true, "memory_pass": false, "status": "regression"}]}]}
