[commit-timing] ntt: 0.06 ms
[commit-timing] merkle: 0.14 ms
[commit-timing] ntt: 0.22 ms
[commit-timing] merkle: 0.07 ms
[commit-timing] ntt: 0.14 ms
[commit-timing] merkle: 0.06 ms
{"ancestor_ids":[1,2],"elapsed_ms":1.166086,"event":"stage","fields":{},"name":"falcon_hybrid:witness_commit","parent":"falcon_bench:commit","path":["falcon_bench:commit","falcon_hybrid:witness_commit"],"span_id":2}
{"ancestor_ids":[1],"elapsed_ms":1.190393,"event":"stage","fields":{"trial":0},"name":"falcon_bench:commit","parent":null,"path":["falcon_bench:commit"],"span_id":1}
{"ancestor_ids":[2251799813685249,2251799813685250,3],"elapsed_ms":0.27440899999999996,"event":"stage","fields":{},"name":"falcon_arithmetic:norm","parent":"falcon_hybrid:arithmetic_prefix","path":["falcon_bench:prove","falcon_hybrid:arithmetic_prefix","falcon_arithmetic:norm"],"span_id":3}
{"ancestor_ids":[2251799813685249,2251799813685250,2251799813685251],"elapsed_ms":0.23927299999999999,"event":"stage","fields":{},"name":"falcon_arithmetic:hash_to_point_products","parent":"falcon_hybrid:arithmetic_prefix","path":["falcon_bench:prove","falcon_hybrid:arithmetic_prefix","falcon_arithmetic:hash_to_point_products"],"span_id":2251799813685251}
{"ancestor_ids":[2251799813685249,2251799813685250,4503599627370499],"elapsed_ms":1.430256,"event":"stage","fields":{},"name":"falcon_arithmetic:compaction_forest","parent":"falcon_hybrid:arithmetic_prefix","path":["falcon_bench:prove","falcon_hybrid:arithmetic_prefix","falcon_arithmetic:compaction_forest"],"span_id":4503599627370499}
{"ancestor_ids":[2251799813685249,2251799813685250,6755399441055747],"elapsed_ms":0.457476,"event":"stage","fields":{},"name":"falcon_arithmetic:compaction_leaf","parent":"falcon_hybrid:arithmetic_prefix","path":["falcon_bench:prove","falcon_hybrid:arithmetic_prefix","falcon_arithmetic:compaction_leaf"],"span_id":6755399441055747}
{"ancestor_ids":[2251799813685249,2251799813685250,9007199254740995,4],"elapsed_ms":0.006653,"event":"stage","fields":{},"name":"falcon_native:certificate","parent":"falcon_native:prove","path":["falcon_bench:prove","falcon_hybrid:arithmetic_prefix","falcon_native:prove","falcon_native:certificate"],"span_id":4}
{"ancestor_ids":[2251799813685249,2251799813685250,9007199254740995,2251799813685252],"elapsed_ms":0.118194,"event":"stage","fields":{},"name":"falcon_native:projection_public","parent":"falcon_native:prove","path":["falcon_bench:prove","falcon_hybrid:arithmetic_prefix","falcon_native:prove","falcon_native:projection_public"],"span_id":2251799813685252}
{"ancestor_ids":[2251799813685249,2251799813685250,9007199254740995,4503599627370500],"elapsed_ms":0.078248,"event":"stage","fields":{},"name":"falcon_native:coordinates","parent":"falcon_native:prove","path":["falcon_bench:prove","falcon_hybrid:arithmetic_prefix","falcon_native:prove","falcon_native:coordinates"],"span_id":4503599627370500}
{"ancestor_ids":[2251799813685249,2251799813685250,9007199254740995,6755399441055748],"elapsed_ms":0.001663,"event":"stage","fields":{},"name":"falcon_native:carries","parent":"falcon_native:prove","path":["falcon_bench:prove","falcon_hybrid:arithmetic_prefix","falcon_native:prove","falcon_native:carries"],"span_id":6755399441055748}
{"ancestor_ids":[2251799813685249,2251799813685250,9007199254740995,9007199254740996],"elapsed_ms":0.071435,"event":"stage","fields":{},"name":"falcon_native:collapse","parent":"falcon_native:prove","path":["falcon_bench:prove","falcon_hybrid:arithmetic_prefix","falcon_native:prove","falcon_native:collapse"],"span_id":9007199254740996}
{"ancestor_ids":[2251799813685249,2251799813685250,9007199254740995],"elapsed_ms":0.49665,"event":"stage","fields":{},"name":"falcon_native:prove","parent":"falcon_hybrid:arithmetic_prefix","path":["falcon_bench:prove","falcon_hybrid:arithmetic_prefix","falcon_native:prove"],"span_id":9007199254740995}
{"ancestor_ids":[2251799813685249,2251799813685250,11258999068426243],"elapsed_ms":0.44386000000000003,"event":"stage","fields":{},"name":"falcon_arithmetic:binding_target","parent":"falcon_hybrid:arithmetic_prefix","path":["falcon_bench:prove","falcon_hybrid:arithmetic_prefix","falcon_arithmetic:binding_target"],"span_id":11258999068426243}
{"ancestor_ids":[2251799813685249,2251799813685250,13510798882111491,11258999068426244],"elapsed_ms":3.349228,"event":"stage","fields":{},"name":"falcon_arithmetic:binding_template","parent":"falcon_arithmetic:binding_inner","path":["falcon_bench:prove","falcon_hybrid:arithmetic_prefix","falcon_arithmetic:binding_inner","falcon_arithmetic:binding_template"],"span_id":11258999068426244}
{"ancestor_ids":[2251799813685249,2251799813685250,13510798882111491,13510798882111492],"elapsed_ms":0.796076,"event":"stage","fields":{},"name":"inner_packed:prefix_accumulators","parent":"falcon_arithmetic:binding_inner","path":["falcon_bench:prove","falcon_hybrid:arithmetic_prefix","falcon_arithmetic:binding_inner","inner_packed:prefix_accumulators"],"span_id":13510798882111492}
{"ancestor_ids":[2251799813685249,2251799813685250,13510798882111491,15762598695796740],"elapsed_ms":2.218388,"event":"stage","fields":{},"name":"inner_packed:prepare_tail","parent":"falcon_arithmetic:binding_inner","path":["falcon_bench:prove","falcon_hybrid:arithmetic_prefix","falcon_arithmetic:binding_inner","inner_packed:prepare_tail"],"span_id":15762598695796740}
{"ancestor_ids":[2251799813685249,2251799813685250,13510798882111491,18014398509481988],"elapsed_ms":0.104167,"event":"stage","fields":{"round":3},"name":"inner_packed:fold_tail","parent":"falcon_arithmetic:binding_inner","path":["falcon_bench:prove","falcon_hybrid:arithmetic_prefix","falcon_arithmetic:binding_inner","inner_packed:fold_tail"],"span_id":18014398509481988}
{"ancestor_ids":[2251799813685249,2251799813685250,13510798882111491,20266198323167236],"elapsed_ms":0.07094400000000001,"event":"stage","fields":{"round":4},"name":"inner_packed:fold_tail","parent":"falcon_arithmetic:binding_inner","path":["falcon_bench:prove","falcon_hybrid:arithmetic_prefix","falcon_arithmetic:binding_inner","inner_packed:fold_tail"],"span_id":20266198323167236}
{"ancestor_ids":[2251799813685249,2251799813685250,13510798882111491,22517998136852484],"elapsed_ms":0.062839,"event":"stage","fields":{"round":5},"name":"inner_packed:fold_tail","parent":"falcon_arithmetic:binding_inner","path":["falcon_bench:prove","falcon_hybrid:arithmetic_prefix","falcon_arithmetic:binding_inner","inner_packed:fold_tail"],"span_id":22517998136852484}
{"ancestor_ids":[2251799813685249,2251799813685250,13510798882111491,24769797950537732],"elapsed_ms":0.050536,"event":"stage","fields":{"round":6},"name":"inner_packed:fold_tail","parent":"falcon_arithmetic:binding_inner","path":["falcon_bench:prove","falcon_hybrid:arithmetic_prefix","falcon_arithmetic:binding_inner","inner_packed:fold_tail"],"span_id":24769797950537732}
{"ancestor_ids":[2251799813685249,2251799813685250,13510798882111491,27021597764222980],"elapsed_ms":0.018034,"event":"stage","fields":{"round":7},"name":"inner_packed:fold_tail","parent":"falcon_arithmetic:binding_inner","path":["falcon_bench:prove","falcon_hybrid:arithmetic_prefix","falcon_arithmetic:binding_inner","inner_packed:fold_tail"],"span_id":27021597764222980}
{"ancestor_ids":[2251799813685249,2251799813685250,13510798882111491,29273397577908228],"elapsed_ms":0.006622,"event":"stage","fields":{"round":8},"name":"inner_packed:fold_tail","parent":"falcon_arithmetic:binding_inner","path":["falcon_bench:prove","falcon_hybrid:arithmetic_prefix","falcon_arithmetic:binding_inner","inner_packed:fold_tail"],"span_id":29273397577908228}
{"ancestor_ids":[2251799813685249,2251799813685250,13510798882111491,31525197391593476],"elapsed_ms":0.003677,"event":"stage","fields":{"round":9},"name":"inner_packed:fold_tail","parent":"falcon_arithmetic:binding_inner","path":["falcon_bench:prove","falcon_hybrid:arithmetic_prefix","falcon_arithmetic:binding_inner","inner_packed:fold_tail"],"span_id":31525197391593476}
{"ancestor_ids":[2251799813685249,2251799813685250,13510798882111491,33776997205278724],"elapsed_ms":0.002244,"event":"stage","fields":{"round":10},"name":"inner_packed:fold_tail","parent":"falcon_arithmetic:binding_inner","path":["falcon_bench:prove","falcon_hybrid:arithmetic_prefix","falcon_arithmetic:binding_inner","inner_packed:fold_tail"],"span_id":33776997205278724}
{"ancestor_ids":[2251799813685249,2251799813685250,13510798882111491,36028797018963972],"elapsed_ms":0.001603,"event":"stage","fields":{"round":11},"name":"inner_packed:fold_tail","parent":"falcon_arithmetic:binding_inner","path":["falcon_bench:prove","falcon_hybrid:arithmetic_prefix","falcon_arithmetic:binding_inner","inner_packed:fold_tail"],"span_id":36028797018963972}
{"ancestor_ids":[2251799813685249,2251799813685250,13510798882111491,38280596832649220],"elapsed_ms":0.001052,"event":"stage","fields":{"round":12},"name":"inner_packed:fold_tail","parent":"falcon_arithmetic:binding_inner","path":["falcon_bench:prove","falcon_hybrid:arithmetic_prefix","falcon_arithmetic:binding_inner","inner_packed:fold_tail"],"span_id":38280596832649220}
{"ancestor_ids":[2251799813685249,2251799813685250,13510798882111491,40532396646334468],"elapsed_ms":0.004508,"event":"stage","fields":{"round":13},"name":"inner_packed:fold_tail","parent":"falcon_arithmetic:binding_inner","path":["falcon_bench:prove","falcon_hybrid:arithmetic_prefix","falcon_arithmetic:binding_inner","inner_packed:fold_tail"],"span_id":40532396646334468}
{"ancestor_ids":[2251799813685249,2251799813685250,13510798882111491,42784196460019716],"elapsed_ms":0.000772,"event":"stage","fields":{"round":14},"name":"inner_packed:fold_tail","parent":"falcon_arithmetic:binding_inner","path":["falcon_bench:prove","falcon_hybrid:arithmetic_prefix","falcon_arithmetic:binding_inner","inner_packed:fold_tail"],"span_id":42784196460019716}
{"ancestor_ids":[2251799813685249,2251799813685250,13510798882111491,45035996273704964],"elapsed_ms":0.000752,"event":"stage","fields":{"round":15},"name":"inner_packed:fold_tail","parent":"falcon_arithmetic:binding_inner","path":["falcon_bench:prove","falcon_hybrid:arithmetic_prefix","falcon_arithmetic:binding_inner","inner_packed:fold_tail"],"span_id":45035996273704964}
{"ancestor_ids":[2251799813685249,2251799813685250,13510798882111491,47287796087390212],"elapsed_ms":0.000982,"event":"stage","fields":{"round":16},"name":"inner_packed:fold_tail","parent":"falcon_arithmetic:binding_inner","path":["falcon_bench:prove","falcon_hybrid:arithmetic_prefix","falcon_arithmetic:binding_inner","inner_packed:fold_tail"],"span_id":47287796087390212}
{"ancestor_ids":[2251799813685249,2251799813685250,13510798882111491],"elapsed_ms":7.2659910000000005,"event":"stage","fields":{},"name":"falcon_arithmetic:binding_inner","parent":"falcon_hybrid:arithmetic_prefix","path":["falcon_bench:prove","falcon_hybrid:arithmetic_prefix","falcon_arithmetic:binding_inner"],"span_id":13510798882111491}
{"ancestor_ids":[2251799813685249,2251799813685250],"elapsed_ms":11.044692,"event":"stage","fields":{},"name":"falcon_hybrid:arithmetic_prefix","parent":"falcon_bench:prove","path":["falcon_bench:prove","falcon_hybrid:arithmetic_prefix"],"span_id":2251799813685250}
{"ancestor_ids":[2251799813685249,4503599627370498,15762598695796739],"elapsed_ms":0.162127,"event":"stage","fields":{},"name":"falcon_bridge:integer_folds","parent":"falcon_hybrid:binary_bridge","path":["falcon_bench:prove","falcon_hybrid:binary_bridge","falcon_bridge:integer_folds"],"span_id":15762598695796739}
{"ancestor_ids":[2251799813685249,4503599627370498,18014398509481987],"elapsed_ms":0.029977,"event":"stage","fields":{},"name":"falcon_bridge:column_packing","parent":"falcon_hybrid:binary_bridge","path":["falcon_bench:prove","falcon_hybrid:binary_bridge","falcon_bridge:column_packing"],"span_id":18014398509481987}
{"ancestor_ids":[2251799813685249,4503599627370498,20266198323167235],"elapsed_ms":0.7876209999999999,"event":"stage","fields":{},"name":"falcon_bridge:power_tables","parent":"falcon_hybrid:binary_bridge","path":["falcon_bench:prove","falcon_hybrid:binary_bridge","falcon_bridge:power_tables"],"span_id":20266198323167235}
{"ancestor_ids":[2251799813685249,4503599627370498,22517998136852483],"elapsed_ms":3.065782,"event":"stage","fields":{},"name":"falcon_bridge:wfbitz_forest","parent":"falcon_hybrid:binary_bridge","path":["falcon_bench:prove","falcon_hybrid:binary_bridge","falcon_bridge:wfbitz_forest"],"span_id":22517998136852483}
{"ancestor_ids":[2251799813685249,4503599627370498],"elapsed_ms":4.361173,"event":"stage","fields":{},"name":"falcon_hybrid:binary_bridge","parent":"falcon_bench:prove","path":["falcon_bench:prove","falcon_hybrid:binary_bridge"],"span_id":4503599627370498}
{"ancestor_ids":[2251799813685249,6755399441055746],"elapsed_ms":16.045115,"event":"stage","fields":{},"name":"falcon_hybrid:keccak_prefix","parent":"falcon_bench:prove","path":["falcon_bench:prove","falcon_hybrid:keccak_prefix"],"span_id":6755399441055746}
{"ancestor_ids":[2251799813685249,9007199254740994],"elapsed_ms":2.733623,"event":"stage","fields":{},"name":"falcon_hybrid:link_coefficients","parent":"falcon_bench:prove","path":["falcon_bench:prove","falcon_hybrid:link_coefficients"],"span_id":9007199254740994}
{"ancestor_ids":[2251799813685249,11258999068426242,24769797950537731],"elapsed_ms":0.36038200000000004,"event":"stage","fields":{},"name":"falcon_joint:packed_setup","parent":"falcon_hybrid:joint_sumcheck","path":["falcon_bench:prove","falcon_hybrid:joint_sumcheck","falcon_joint:packed_setup"],"span_id":24769797950537731}
{"ancestor_ids":[2251799813685249,11258999068426242,27021597764222979],"elapsed_ms":0.085541,"event":"stage","fields":{},"name":"falcon_joint:prepare","parent":"falcon_hybrid:joint_sumcheck","path":["falcon_bench:prove","falcon_hybrid:joint_sumcheck","falcon_joint:prepare"],"span_id":27021597764222979}
{"ancestor_ids":[2251799813685249,11258999068426242,29273397577908227],"elapsed_ms":0.036549,"event":"stage","fields":{},"name":"falcon_joint:compact","parent":"falcon_hybrid:joint_sumcheck","path":["falcon_bench:prove","falcon_hybrid:joint_sumcheck","falcon_joint:compact"],"span_id":29273397577908227}
{"ancestor_ids":[2251799813685249,11258999068426242,31525197391593475],"elapsed_ms":0.034636,"event":"stage","fields":{},"name":"falcon_joint:compact","parent":"falcon_hybrid:joint_sumcheck","path":["falcon_bench:prove","falcon_hybrid:joint_sumcheck","falcon_joint:compact"],"span_id":31525197391593475}
{"ancestor_ids":[2251799813685249,11258999068426242,33776997205278723],"elapsed_ms":0.017362000000000002,"event":"stage","fields":{},"name":"falcon_joint:dense","parent":"falcon_hybrid:joint_sumcheck","path":["falcon_bench:prove","falcon_hybrid:joint_sumcheck","falcon_joint:dense"],"span_id":33776997205278723}
{"ancestor_ids":[2251799813685249,11258999068426242,36028797018963971],"elapsed_ms":0.004609,"event":"stage","fields":{},"name":"falcon_joint:dense","parent":"falcon_hybrid:joint_sumcheck","path":["falcon_bench:prove","falcon_hybrid:joint_sumcheck","falcon_joint:dense"],"span_id":36028797018963971}
{"ancestor_ids":[2251799813685249,11258999068426242,38280596832649219],"elapsed_ms":0.0013319999999999999,"event":"stage","fields":{},"name":"falcon_joint:dense","parent":"falcon_hybrid:joint_sumcheck","path":["falcon_bench:prove","falcon_hybrid:joint_sumcheck","falcon_joint:dense"],"span_id":38280596832649219}
{"ancestor_ids":[2251799813685249,11258999068426242,40532396646334467],"elapsed_ms":0.000932,"event":"stage","fields":{},"name":"falcon_joint:dense","parent":"falcon_hybrid:joint_sumcheck","path":["falcon_bench:prove","falcon_hybrid:joint_sumcheck","falcon_joint:dense"],"span_id":40532396646334467}
{"ancestor_ids":[2251799813685249,11258999068426242,42784196460019715],"elapsed_ms":0.000751,"event":"stage","fields":{},"name":"falcon_joint:dense","parent":"falcon_hybrid:joint_sumcheck","path":["falcon_bench:prove","falcon_hybrid:joint_sumcheck","falcon_joint:dense"],"span_id":42784196460019715}
{"ancestor_ids":[2251799813685249,11258999068426242,45035996273704963],"elapsed_ms":0.0006810000000000001,"event":"stage","fields":{},"name":"falcon_joint:dense","parent":"falcon_hybrid:joint_sumcheck","path":["falcon_bench:prove","falcon_hybrid:joint_sumcheck","falcon_joint:dense"],"span_id":45035996273704963}
{"ancestor_ids":[2251799813685249,11258999068426242,47287796087390211],"elapsed_ms":0.0006209999999999999,"event":"stage","fields":{},"name":"falcon_joint:dense","parent":"falcon_hybrid:joint_sumcheck","path":["falcon_bench:prove","falcon_hybrid:joint_sumcheck","falcon_joint:dense"],"span_id":47287796087390211}
{"ancestor_ids":[2251799813685249,11258999068426242,49539595901075459],"elapsed_ms":0.000551,"event":"stage","fields":{},"name":"falcon_joint:dense","parent":"falcon_hybrid:joint_sumcheck","path":["falcon_bench:prove","falcon_hybrid:joint_sumcheck","falcon_joint:dense"],"span_id":49539595901075459}
{"ancestor_ids":[2251799813685249,11258999068426242,51791395714760707],"elapsed_ms":0.000581,"event":"stage","fields":{},"name":"falcon_joint:dense","parent":"falcon_hybrid:joint_sumcheck","path":["falcon_bench:prove","falcon_hybrid:joint_sumcheck","falcon_joint:dense"],"span_id":51791395714760707}
{"ancestor_ids":[2251799813685249,11258999068426242,54043195528445955],"elapsed_ms":0.000641,"event":"stage","fields":{},"name":"falcon_joint:dense","parent":"falcon_hybrid:joint_sumcheck","path":["falcon_bench:prove","falcon_hybrid:joint_sumcheck","falcon_joint:dense"],"span_id":54043195528445955}
{"ancestor_ids":[2251799813685249,11258999068426242,56294995342131203],"elapsed_ms":0.000571,"event":"stage","fields":{},"name":"falcon_joint:dense","parent":"falcon_hybrid:joint_sumcheck","path":["falcon_bench:prove","falcon_hybrid:joint_sumcheck","falcon_joint:dense"],"span_id":56294995342131203}
{"ancestor_ids":[2251799813685249,11258999068426242,58546795155816451],"elapsed_ms":0.000561,"event":"stage","fields":{},"name":"falcon_joint:dense","parent":"falcon_hybrid:joint_sumcheck","path":["falcon_bench:prove","falcon_hybrid:joint_sumcheck","falcon_joint:dense"],"span_id":58546795155816451}
{"ancestor_ids":[2251799813685249,11258999068426242],"elapsed_ms":2.11903,"event":"stage","fields":{},"name":"falcon_hybrid:joint_sumcheck","parent":"falcon_bench:prove","path":["falcon_bench:prove","falcon_hybrid:joint_sumcheck"],"span_id":11258999068426242}
{"ancestor_ids":[2251799813685249,13510798882111490,60798594969501699],"elapsed_ms":0.298505,"event":"stage","fields":{},"name":"op:ring_switch","parent":"falcon_hybrid:shared_opening","path":["falcon_bench:prove","falcon_hybrid:shared_opening","op:ring_switch"],"span_id":60798594969501699}
{"ancestor_ids":[2251799813685249,13510798882111490,63050394783186947,49539595901075460],"elapsed_ms":0.326338,"event":"stage","fields":{},"name":"op:initial_messages","parent":"op:extra_bases","path":["falcon_bench:prove","falcon_hybrid:shared_opening","op:extra_bases","op:initial_messages"],"span_id":49539595901075460}
{"ancestor_ids":[2251799813685249,13510798882111490,63050394783186947],"elapsed_ms":0.36185500000000004,"event":"stage","fields":{},"name":"op:extra_bases","parent":"falcon_hybrid:shared_opening","path":["falcon_bench:prove","falcon_hybrid:shared_opening","op:extra_bases"],"span_id":63050394783186947}
{"ancestor_ids":[2251799813685249,13510798882111490,65302194596872195,51791395714760708],"elapsed_ms":0.08128400000000001,"event":"stage","fields":{},"name":"op:deferred_first_fold","parent":"op:ligerito","path":["falcon_bench:prove","falcon_hybrid:shared_opening","op:ligerito","op:deferred_first_fold"],"span_id":51791395714760708}
{"ancestor_ids":[2251799813685249,13510798882111490,65302194596872195,54043195528445956],"elapsed_ms":0.00532,"event":"stage","fields":{"bits":6,"nonce":25,"seed_hi":7419020515190270043,"seed_lo":10210736076623616906},"name":"lig:grind_pow","parent":"op:ligerito","path":["falcon_bench:prove","falcon_hybrid:shared_opening","op:ligerito","lig:grind_pow"],"span_id":54043195528445956}
{"ancestor_ids":[2251799813685249,13510798882111490,65302194596872195,56294995342131204],"elapsed_ms":0.003526,"event":"stage","fields":{"bits":6,"nonce":68,"seed_hi":9829273697194701629,"seed_lo":3806133193670112025},"name":"lig:grind_pow","parent":"op:ligerito","path":["falcon_bench:prove","falcon_hybrid:shared_opening","op:ligerito","lig:grind_pow"],"span_id":56294995342131204}
{"ancestor_ids":[2251799813685249,13510798882111490,65302194596872195,58546795155816452],"elapsed_ms":0.00539,"event":"stage","fields":{"bits":6,"nonce":3,"seed_hi":2180318589772059500,"seed_lo":11758060278182290527},"name":"lig:grind_pow","parent":"op:ligerito","path":["falcon_bench:prove","falcon_hybrid:shared_opening","op:ligerito","lig:grind_pow"],"span_id":58546795155816452}
{"ancestor_ids":[2251799813685249,13510798882111490,65302194596872195],"elapsed_ms":0.9920969999999999,"event":"stage","fields":{},"name":"op:ligerito","parent":"falcon_hybrid:shared_opening","path":["falcon_bench:prove","falcon_hybrid:shared_opening","op:ligerito"],"span_id":65302194596872195}
{"ancestor_ids":[2251799813685249,13510798882111490],"elapsed_ms":1.707942,"event":"stage","fields":{},"name":"falcon_hybrid:shared_opening","parent":"falcon_bench:prove","path":["falcon_bench:prove","falcon_hybrid:shared_opening"],"span_id":13510798882111490}
{"ancestor_ids":[2251799813685249],"elapsed_ms":38.14147,"event":"stage","fields":{"trial":0},"name":"falcon_bench:prove","parent":null,"path":["falcon_bench:prove"],"span_id":2251799813685249}
{"ancestor_ids":[4503599627370497,15762598695796738,67553994410557443],"elapsed_ms":0.085823,"event":"stage","fields":{},"name":"falcon_native:projection_public","parent":"falcon_native:verify","path":["falcon_bench:verify","falcon_native:verify","falcon_native:projection_public"],"span_id":67553994410557443}
{"ancestor_ids":[4503599627370497,15762598695796738,69805794224242691],"elapsed_ms":0.080632,"event":"stage","fields":{},"name":"falcon_native:coordinates","parent":"falcon_native:verify","path":["falcon_bench:verify","falcon_native:verify","falcon_native:coordinates"],"span_id":69805794224242691}
{"ancestor_ids":[4503599627370497,15762598695796738,72057594037927939],"elapsed_ms":0.067568,"event":"stage","fields":{},"name":"falcon_native:collapse","parent":"falcon_native:verify","path":["falcon_bench:verify","falcon_native:verify","falcon_native:collapse"],"span_id":72057594037927939}
{"ancestor_ids":[4503599627370497,15762598695796738],"elapsed_ms":0.423221,"event":"stage","fields":{},"name":"falcon_native:verify","parent":"falcon_bench:verify","path":["falcon_bench:verify","falcon_native:verify"],"span_id":15762598695796738}
{"ancestor_ids":[4503599627370497],"elapsed_ms":20.053399,"event":"stage","fields":{"trial":0},"name":"falcon_bench:verify","parent":null,"path":["falcon_bench:verify"],"span_id":4503599627370497}
