[788.407]    perfetto_c.cc:266631 Configured tracing session 1, #sources:1, duration:0 ms, #buffers:1, total buffer size:65536 KB, total sessions:1, uid:0 session name: ""
[790.019]    perfetto_c.cc:268393 Tracing session 1 ended, total sessions:0
[790.067]    perfetto_c.cc:266631 Configured tracing session 2, #sources:1, duration:0 ms, #buffers:1, total buffer size:65536 KB, total sessions:1, uid:0 session name: ""
[790.287]    perfetto_c.cc:268393 Tracing session 2 ended, total sessions:0
[790.338]    perfetto_c.cc:266631 Configured tracing session 3, #sources:1, duration:0 ms, #buffers:1, total buffer size:65536 KB, total sessions:1, uid:0 session name: ""
[790.528]    perfetto_c.cc:268393 Tracing session 3 ended, total sessions:0
[790.585]    perfetto_c.cc:266631 Configured tracing session 4, #sources:1, duration:0 ms, #buffers:1, total buffer size:65536 KB, total sessions:1, uid:0 session name: ""
[790.711]    perfetto_c.cc:268393 Tracing session 4 ended, total sessions:0
[790.763]    perfetto_c.cc:266631 Configured tracing session 5, #sources:1, duration:0 ms, #buffers:1, total buffer size:65536 KB, total sessions:1, uid:0 session name: ""
[790.905]    perfetto_c.cc:268393 Tracing session 5 ended, total sessions:0
[790.956]    perfetto_c.cc:266631 Configured tracing session 6, #sources:1, duration:0 ms, #buffers:1, total buffer size:65536 KB, total sessions:1, uid:0 session name: ""
[791.083]    perfetto_c.cc:268393 Tracing session 6 ended, total sessions:0
[791.131]    perfetto_c.cc:266631 Configured tracing session 7, #sources:1, duration:0 ms, #buffers:1, total buffer size:65536 KB, total sessions:1, uid:0 session name: ""
[791.265]    perfetto_c.cc:268393 Tracing session 7 ended, total sessions:0
        2.92 real         4.81 user         0.54 sys
          1304330240  maximum resident set size
                   0  average shared memory size
                   0  average unshared data size
                   0  average unshared stack size
              100864  page reclaims
                 245  page faults
                   0  swaps
                   0  block input operations
                   0  block output operations
                   0  messages sent
                   0  messages received
                   0  signals received
                   4  voluntary context switches
               53371  involuntary context switches
         59021809636  instructions retired
         15053275390  cycles elapsed
           778634632  peak memory footprint
