arch=aarch64 shared_kernel=neon sha3=true seed=31718
RUNTIME {"aes":true,"arch":"aarch64","arithmetic_campaign":true,"avx512f":false,"baseline_all_core_threads":1,"caller_threads":1,"candidate_all_core_threads":0,"candidate_mul_kernel":"arm-pmull-scalar-lanes","candidate_snapshot":false,"flock_kernel":"arm-pmull","pclmulqdq":false,"seed":31718,"sha3":true,"shared_kernel":"neon","vpclmulqdq":false}
correctness: all basis products, 4096 random products, square/encoding/inversion, dot tails passed
completed products/16: 9 variants, 32 paired samples
completed products/1024: 9 variants, 32 paired samples
completed products/65536: 9 variants, 32 paired samples
completed products/1048576: 9 variants, 32 paired samples
completed chain/16: 6 variants, 32 paired samples
completed chain/1024: 6 variants, 32 paired samples
completed chain/65536: 6 variants, 32 paired samples
completed chain/1048576: 6 variants, 32 paired samples
completed square/16: 2 variants, 32 paired samples
completed square/1024: 2 variants, 32 paired samples
completed square/65536: 2 variants, 32 paired samples
completed square/1048576: 2 variants, 32 paired samples
completed inverse/1: 2 variants, 32 paired samples
completed inverse/16: 2 variants, 32 paired samples
completed inverse/1024: 2 variants, 32 paired samples
completed fixed_prepare/zero: 1 variants, 32 paired samples
completed fixed/zero_n16: 5 variants, 32 paired samples
completed butterfly/zero_n16: 5 variants, 32 paired samples
completed fixed/zero_n1024: 5 variants, 32 paired samples
completed butterfly/zero_n1024: 5 variants, 32 paired samples
completed fixed/zero_n65536: 5 variants, 32 paired samples
completed butterfly/zero_n65536: 5 variants, 32 paired samples
completed fixed/zero_n1048576: 5 variants, 32 paired samples
completed butterfly/zero_n1048576: 5 variants, 32 paired samples
completed fixed_prepare/half: 1 variants, 32 paired samples
completed fixed/half_n16: 5 variants, 32 paired samples
completed butterfly/half_n16: 5 variants, 32 paired samples
completed fixed/half_n1024: 5 variants, 32 paired samples
completed butterfly/half_n1024: 5 variants, 32 paired samples
completed fixed/half_n65536: 5 variants, 32 paired samples
completed butterfly/half_n65536: 5 variants, 32 paired samples
completed fixed/half_n1048576: 5 variants, 32 paired samples
completed butterfly/half_n1048576: 5 variants, 32 paired samples
completed fixed_prepare/full: 1 variants, 32 paired samples
completed fixed/full_n16: 5 variants, 32 paired samples
completed butterfly/full_n16: 5 variants, 32 paired samples
completed fixed/full_n1024: 5 variants, 32 paired samples
completed butterfly/full_n1024: 5 variants, 32 paired samples
completed fixed/full_n65536: 5 variants, 32 paired samples
completed butterfly/full_n65536: 5 variants, 32 paired samples
completed fixed/full_n1048576: 5 variants, 32 paired samples
completed butterfly/full_n1048576: 5 variants, 32 paired samples
completed gf_dot/16: 6 variants, 32 paired samples
completed gf_dot/1024: 6 variants, 32 paired samples
completed gf_dot/65536: 6 variants, 32 paired samples
completed gf_dot/1048576: 6 variants, 32 paired samples
completed prime_reduce_product/100: 2 variants, 32 paired samples
completed prime_reduce_linear/100: 2 variants, 32 paired samples
completed prime_setup/100: 1 variants, 32 paired samples
completed prime_mul/q100_n16: 4 variants, 32 paired samples
completed prime_dot/q100_n16: 8 variants, 32 paired samples
completed prime_linear/q100_n16: 5 variants, 32 paired samples
completed prime_mul/q100_n1024: 4 variants, 32 paired samples
completed prime_dot/q100_n1024: 8 variants, 32 paired samples
completed prime_linear/q100_n1024: 5 variants, 32 paired samples
completed prime_mul/q100_n1048576: 4 variants, 32 paired samples
completed prime_dot/q100_n1048576: 8 variants, 32 paired samples
completed prime_linear/q100_n1048576: 5 variants, 32 paired samples
completed prime_reduce_product/128: 2 variants, 32 paired samples
completed prime_reduce_linear/128: 2 variants, 32 paired samples
completed prime_setup/128: 1 variants, 32 paired samples
completed prime_mul/q128_n16: 4 variants, 32 paired samples
completed prime_dot/q128_n16: 8 variants, 32 paired samples
completed prime_linear/q128_n16: 5 variants, 32 paired samples
completed prime_mul/q128_n1024: 4 variants, 32 paired samples
completed prime_dot/q128_n1024: 8 variants, 32 paired samples
completed prime_linear/q128_n1024: 5 variants, 32 paired samples
completed prime_mul/q128_n1048576: 4 variants, 32 paired samples
completed prime_dot/q128_n1048576: 8 variants, 32 paired samples
completed prime_linear/q128_n1048576: 5 variants, 32 paired samples
completed integer_mac/l1_n16: 3 variants, 32 paired samples
completed integer_mac/l1_n1024: 3 variants, 32 paired samples
completed integer_mac/l1_n65536: 3 variants, 32 paired samples
completed integer_mac/l2_n16: 3 variants, 32 paired samples
completed integer_mac/l2_n1024: 3 variants, 32 paired samples
completed integer_mac/l2_n65536: 3 variants, 32 paired samples
completed integer_mac/l4_n16: 3 variants, 32 paired samples
completed integer_mac/l4_n1024: 3 variants, 32 paired samples
completed integer_mac/l4_n65536: 3 variants, 32 paired samples
completed integer_mac/l9_n16: 3 variants, 32 paired samples
completed integer_mac/l9_n1024: 3 variants, 32 paired samples
completed integer_mac/l9_n65536: 3 variants, 32 paired samples
completed p256_product/active4_n16: 3 variants, 32 paired samples
completed p256_product/active4_n1024: 3 variants, 32 paired samples
completed p256_product/active4_n65536: 3 variants, 32 paired samples
completed p256_product/active9_n16: 2 variants, 32 paired samples
completed p256_product/active9_n1024: 2 variants, 32 paired samples
completed p256_product/active9_n65536: 2 variants, 32 paired samples
completed projection/q100_l2_n16: 2 variants, 32 paired samples
completed projection/q100_l2_n1024: 2 variants, 32 paired samples
completed projection/q128_l2_n16: 2 variants, 32 paired samples
completed projection/q128_l2_n1024: 2 variants, 32 paired samples
completed projection/q100_l4_n16: 2 variants, 32 paired samples
completed projection/q100_l4_n1024: 2 variants, 32 paired samples
completed projection/q128_l4_n16: 2 variants, 32 paired samples
completed projection/q128_l4_n1024: 2 variants, 32 paired samples
completed projection/q100_l9_n16: 2 variants, 32 paired samples
completed projection/q100_l9_n1024: 2 variants, 32 paired samples
completed projection/q128_l9_n16: 2 variants, 32 paired samples
completed projection/q128_l9_n1024: 2 variants, 32 paired samples
CORRECTNESS_COMPLETE
