	Command being timed: "/home/john-wu/code/BitZ-pcs-run/.tmp/falcon-v3/falcon_v3 --security 100 --batch 1024 --threads 16 --seed 42 --warmup 0 --iterations 1 --protocol shared-prime"
	User time (seconds): 17.47
	System time (seconds): 2.07
	Percent of CPU this job got: 188%
	Elapsed (wall clock) time (h:mm:ss or m:ss): 0:10.35
	Average shared text size (kbytes): 0
	Average unshared data size (kbytes): 0
	Average stack size (kbytes): 0
	Average total size (kbytes): 0
	Maximum resident set size (kbytes): 3078736
	Average resident set size (kbytes): 0
	Major (requiring I/O) page faults: 0
	Minor (reclaiming a frame) page faults: 1570182
	Voluntary context switches: 9161
	Involuntary context switches: 1181
	Swaps: 0
	File system inputs: 0
	File system outputs: 16
	Socket messages sent: 0
	Socket messages received: 0
	Signals delivered: 0
	Page size (bytes): 4096
	Exit status: 0
