	Command being timed: "/home/john-wu/code/BitZ-pcs-run/.tmp/falcon-v3/falcon_v3 --security 128 --batch 32 --threads 16 --seed 42 --warmup 0 --iterations 1 --protocol shared-prime"
	User time (seconds): 1.22
	System time (seconds): 0.09
	Percent of CPU this job got: 324%
	Elapsed (wall clock) time (h:mm:ss or m:ss): 0:00.40
	Average shared text size (kbytes): 0
	Average unshared data size (kbytes): 0
	Average stack size (kbytes): 0
	Average total size (kbytes): 0
	Maximum resident set size (kbytes): 137016
	Average resident set size (kbytes): 0
	Major (requiring I/O) page faults: 0
	Minor (reclaiming a frame) page faults: 64844
	Voluntary context switches: 4543
	Involuntary context switches: 3752
	Swaps: 0
	File system inputs: 0
	File system outputs: 16
	Socket messages sent: 0
	Socket messages received: 0
	Signals delivered: 0
	Page size (bytes): 4096
	Exit status: 0
