	Command being timed: "/home/john-wu/code/BitZ-pcs-run/.tmp/falcon-v3/falcon_v3 --security 128 --batch 3 --threads 16 --seed 42 --warmup 0 --iterations 1 --protocol shared-prime"
	User time (seconds): 0.56
	System time (seconds): 0.05
	Percent of CPU this job got: 503%
	Elapsed (wall clock) time (h:mm:ss or m:ss): 0:00.12
	Average shared text size (kbytes): 0
	Average unshared data size (kbytes): 0
	Average stack size (kbytes): 0
	Average total size (kbytes): 0
	Maximum resident set size (kbytes): 57532
	Average resident set size (kbytes): 0
	Major (requiring I/O) page faults: 0
	Minor (reclaiming a frame) page faults: 18800
	Voluntary context switches: 3024
	Involuntary context switches: 363
	Swaps: 0
	File system inputs: 0
	File system outputs: 16
	Socket messages sent: 0
	Socket messages received: 0
	Signals delivered: 0
	Page size (bytes): 4096
	Exit status: 0
