[771.334]    perfetto_c.cc:266631 Configured tracing session 1, #sources:1, duration:0 ms, #buffers:1, total buffer size:65536 KB, total sessions:1, uid:0 session name: ""
[772.007]    perfetto_c.cc:268393 Tracing session 1 ended, total sessions:0
[772.051]    perfetto_c.cc:266631 Configured tracing session 2, #sources:1, duration:0 ms, #buffers:1, total buffer size:65536 KB, total sessions:1, uid:0 session name: ""
[772.782]    perfetto_c.cc:268393 Tracing session 2 ended, total sessions:0
[772.838]    perfetto_c.cc:266631 Configured tracing session 3, #sources:1, duration:0 ms, #buffers:1, total buffer size:65536 KB, total sessions:1, uid:0 session name: ""
[773.498]    perfetto_c.cc:268393 Tracing session 3 ended, total sessions:0
[773.554]    perfetto_c.cc:266631 Configured tracing session 4, #sources:1, duration:0 ms, #buffers:1, total buffer size:65536 KB, total sessions:1, uid:0 session name: ""
[774.212]    perfetto_c.cc:268393 Tracing session 4 ended, total sessions:0
[774.275]    perfetto_c.cc:266631 Configured tracing session 5, #sources:1, duration:0 ms, #buffers:1, total buffer size:65536 KB, total sessions:1, uid:0 session name: ""
[774.966]    perfetto_c.cc:268393 Tracing session 5 ended, total sessions:0
[775.019]    perfetto_c.cc:266631 Configured tracing session 6, #sources:1, duration:0 ms, #buffers:1, total buffer size:65536 KB, total sessions:1, uid:0 session name: ""
[775.719]    perfetto_c.cc:268393 Tracing session 6 ended, total sessions:0
[775.775]    perfetto_c.cc:266631 Configured tracing session 7, #sources:1, duration:0 ms, #buffers:1, total buffer size:65536 KB, total sessions:1, uid:0 session name: ""
[776.473]    perfetto_c.cc:268393 Tracing session 7 ended, total sessions:0
        5.27 real        17.58 user         0.78 sys
          1025736704  maximum resident set size
                   0  average shared memory size
                   0  average unshared data size
                   0  average unshared stack size
              109105  page reclaims
                 245  page faults
                   0  swaps
                   0  block input operations
                   0  block output operations
                   0  messages sent
                   0  messages received
                   0  signals received
                 104  voluntary context switches
               80343  involuntary context switches
         96201835855  instructions retired
         53782744816  cycles elapsed
           997377296  peak memory footprint
