arch=aarch64 shared_kernel=neon sha3=true seed=61
RUNTIME {"aes":true,"arch":"aarch64","arithmetic_campaign":true,"avx512f":false,"baseline_all_core_threads":1,"caller_threads":1,"candidate_all_core_threads":0,"candidate_mul_kernel":"arm-pmull-scalar-lanes","candidate_snapshot":false,"flock_kernel":"arm-pmull","pclmulqdq":false,"seed":61,"sha3":true,"shared_kernel":"neon","vpclmulqdq":false}
correctness: all basis products, 4096 random products, square/encoding/inversion, dot tails passed
completed metrics_gf_mul/16: 4 variants, 1 paired samples
completed metrics_gf_add/16: 3 variants, 1 paired samples
completed metrics_gf_square/16: 3 variants, 1 paired samples
completed metrics_gf_inverse/16: 3 variants, 1 paired samples
completed metrics_gf_mul/1024: 4 variants, 1 paired samples
completed metrics_gf_add/1024: 3 variants, 1 paired samples
completed metrics_gf_square/1024: 3 variants, 1 paired samples
completed metrics_gf_inverse/1024: 3 variants, 1 paired samples
correctness: native GF128 multiply/square/inverse/XOR and boundary slices passed
completed gf8_add/16: 1 variants, 1 paired samples
completed gf8_mul/16: 1 variants, 1 paired samples
completed gf8_inverse/16: 1 variants, 1 paired samples
completed b127_add/16: 1 variants, 1 paired samples
completed b127_mul/16: 1 variants, 1 paired samples
completed b127_square/16: 1 variants, 1 paired samples
completed b127_inverse/16: 1 variants, 1 paired samples
completed gf8_add/1024: 1 variants, 1 paired samples
completed gf8_mul/1024: 1 variants, 1 paired samples
completed gf8_inverse/1024: 1 variants, 1 paired samples
completed b127_add/1024: 1 variants, 1 paired samples
completed b127_mul/1024: 1 variants, 1 paired samples
completed b127_square/1024: 1 variants, 1 paired samples
completed b127_inverse/1024: 1 variants, 1 paired samples
completed gf128_round/16: 1 variants, 1 paired samples
completed gf128_round/1024: 1 variants, 1 paired samples
completed metrics_integer_add/l2_n16: 1 variants, 1 paired samples
completed metrics_integer_sub/l2_n16: 1 variants, 1 paired samples
completed metrics_uint_checked_add/l2_n16: 1 variants, 1 paired samples
completed metrics_int_checked_add/l2_n16: 1 variants, 1 paired samples
completed metrics_uint_checked_sub/l2_n16: 1 variants, 1 paired samples
completed metrics_int_checked_sub/l2_n16: 1 variants, 1 paired samples
completed metrics_uint_checked_mul/l2_n16: 1 variants, 1 paired samples
completed metrics_int_checked_mul/l2_n16: 1 variants, 1 paired samples
completed metrics_uint_compare/l2_n16: 1 variants, 1 paired samples
completed metrics_uint_wide_mul/l2_n16: 1 variants, 1 paired samples
completed metrics_uint_divrem/l2_d64_n16: 1 variants, 1 paired samples
completed metrics_uint_divrem/l2_dfull_n16: 1 variants, 1 paired samples
completed metrics_integer_add/l2_n1024: 1 variants, 1 paired samples
completed metrics_integer_sub/l2_n1024: 1 variants, 1 paired samples
completed metrics_uint_checked_add/l2_n1024: 1 variants, 1 paired samples
completed metrics_int_checked_add/l2_n1024: 1 variants, 1 paired samples
completed metrics_uint_checked_sub/l2_n1024: 1 variants, 1 paired samples
completed metrics_int_checked_sub/l2_n1024: 1 variants, 1 paired samples
completed metrics_uint_checked_mul/l2_n1024: 1 variants, 1 paired samples
completed metrics_int_checked_mul/l2_n1024: 1 variants, 1 paired samples
completed metrics_uint_compare/l2_n1024: 1 variants, 1 paired samples
completed metrics_uint_wide_mul/l2_n1024: 1 variants, 1 paired samples
completed metrics_uint_divrem/l2_d64_n1024: 1 variants, 1 paired samples
completed metrics_uint_divrem/l2_dfull_n1024: 1 variants, 1 paired samples
completed metrics_integer_add/l4_n16: 1 variants, 1 paired samples
completed metrics_integer_sub/l4_n16: 1 variants, 1 paired samples
completed metrics_uint_checked_add/l4_n16: 1 variants, 1 paired samples
completed metrics_int_checked_add/l4_n16: 1 variants, 1 paired samples
completed metrics_uint_checked_sub/l4_n16: 1 variants, 1 paired samples
completed metrics_int_checked_sub/l4_n16: 1 variants, 1 paired samples
completed metrics_uint_checked_mul/l4_n16: 1 variants, 1 paired samples
completed metrics_int_checked_mul/l4_n16: 1 variants, 1 paired samples
completed metrics_uint_compare/l4_n16: 1 variants, 1 paired samples
completed metrics_uint_wide_mul/l4_n16: 1 variants, 1 paired samples
completed metrics_uint_divrem/l4_d64_n16: 1 variants, 1 paired samples
completed metrics_uint_divrem/l4_dfull_n16: 1 variants, 1 paired samples
completed metrics_integer_add/l4_n1024: 1 variants, 1 paired samples
completed metrics_integer_sub/l4_n1024: 1 variants, 1 paired samples
completed metrics_uint_checked_add/l4_n1024: 1 variants, 1 paired samples
completed metrics_int_checked_add/l4_n1024: 1 variants, 1 paired samples
completed metrics_uint_checked_sub/l4_n1024: 1 variants, 1 paired samples
completed metrics_int_checked_sub/l4_n1024: 1 variants, 1 paired samples
completed metrics_uint_checked_mul/l4_n1024: 1 variants, 1 paired samples
completed metrics_int_checked_mul/l4_n1024: 1 variants, 1 paired samples
completed metrics_uint_compare/l4_n1024: 1 variants, 1 paired samples
completed metrics_uint_wide_mul/l4_n1024: 1 variants, 1 paired samples
completed metrics_uint_divrem/l4_d64_n1024: 1 variants, 1 paired samples
completed metrics_uint_divrem/l4_dfull_n1024: 1 variants, 1 paired samples
completed metrics_integer_add/l9_n16: 1 variants, 1 paired samples
completed metrics_integer_sub/l9_n16: 1 variants, 1 paired samples
completed metrics_uint_checked_add/l9_n16: 1 variants, 1 paired samples
completed metrics_int_checked_add/l9_n16: 1 variants, 1 paired samples
completed metrics_uint_checked_sub/l9_n16: 1 variants, 1 paired samples
completed metrics_int_checked_sub/l9_n16: 1 variants, 1 paired samples
completed metrics_uint_checked_mul/l9_n16: 1 variants, 1 paired samples
completed metrics_int_checked_mul/l9_n16: 1 variants, 1 paired samples
completed metrics_uint_compare/l9_n16: 1 variants, 1 paired samples
completed metrics_uint_wide_mul/l9_n16: 1 variants, 1 paired samples
completed metrics_uint_divrem/l9_d64_n16: 1 variants, 1 paired samples
completed metrics_uint_divrem/l9_dfull_n16: 1 variants, 1 paired samples
completed metrics_integer_add/l9_n1024: 1 variants, 1 paired samples
completed metrics_integer_sub/l9_n1024: 1 variants, 1 paired samples
completed metrics_uint_checked_add/l9_n1024: 1 variants, 1 paired samples
completed metrics_int_checked_add/l9_n1024: 1 variants, 1 paired samples
completed metrics_uint_checked_sub/l9_n1024: 1 variants, 1 paired samples
completed metrics_int_checked_sub/l9_n1024: 1 variants, 1 paired samples
completed metrics_uint_checked_mul/l9_n1024: 1 variants, 1 paired samples
completed metrics_int_checked_mul/l9_n1024: 1 variants, 1 paired samples
completed metrics_uint_compare/l9_n1024: 1 variants, 1 paired samples
completed metrics_uint_wide_mul/l9_n1024: 1 variants, 1 paired samples
completed metrics_uint_divrem/l9_d64_n1024: 1 variants, 1 paired samples
completed metrics_uint_divrem/l9_dfull_n1024: 1 variants, 1 paired samples
completed prime_context_setup/q127: 1 variants, 1 paired samples
completed prime_inverse_each/q127_n16: 1 variants, 1 paired samples
completed prime_pow_each/q127_e17_sparse_n16: 1 variants, 1 paired samples
completed prime_pow_each/q127_e127_alternating_n16: 1 variants, 1 paired samples
completed prime_canonical_decode_into/q127_n16: 1 variants, 1 paired samples
completed prime_canonical_encode_into/q127_n16: 1 variants, 1 paired samples
completed prime_inverse_each/q127_n1024: 1 variants, 1 paired samples
completed prime_pow_each/q127_e17_sparse_n1024: 1 variants, 1 paired samples
completed prime_pow_each/q127_e127_alternating_n1024: 1 variants, 1 paired samples
completed prime_canonical_decode_into/q127_n1024: 1 variants, 1 paired samples
completed prime_canonical_encode_into/q127_n1024: 1 variants, 1 paired samples
CORRECTNESS_COMPLETE
