\BOOKMARK [1][-]{section.1}{\376\377\000I\000n\000t\000r\000o\000d\000u\000c\000t\000i\000o\000n}{}% 1
\BOOKMARK [2][-]{subsection.1.1}{\376\377\000A\000c\000k\000n\000o\000w\000l\000e\000d\000g\000e\000m\000e\000n\000t\000s}{section.1}% 2
\BOOKMARK [1][-]{section.2}{\376\377\000P\000r\000e\000l\000i\000m\000i\000n\000a\000r\000i\000e\000s}{}% 3
\BOOKMARK [1][-]{section.3}{\376\377\000F\0002\000Z\000\040}{}% 4
\BOOKMARK [2][-]{subsection.3.1}{\376\377\000C\000o\000n\000s\000t\000r\000a\000i\000n\000e\000d\000\040\000c\000o\000d\000e\000s\000\040\000o\000v\000e\000r\000\040\000d\000u\000a\000l\000\040\000f\000i\000e\000l\000d\000s\000\040}{section.3}% 5
\BOOKMARK [2][-]{subsection.3.2}{\376\377\000T\000e\000n\000s\000o\000r\000\040\000d\000e\000c\000o\000m\000p\000o\000s\000i\000t\000i\000o\000n\000,\000\040\000i\000n\000t\000e\000r\000l\000e\000a\000v\000e\000d\000\040\000c\000o\000d\000e\000s\000,\000\040\000a\000n\000d\000\040\000p\000r\000o\000d\000u\000c\000t\000s\000\040\000o\000f\000\040\000c\000o\000n\000s\000t\000r\000a\000i\000n\000e\000d\000\040\000c\000o\000d\000e\000s}{section.3}% 6
\BOOKMARK [2][-]{subsection.3.3}{\376\377\000T\000h\000e\000\040\000m\000a\000i\000n\000\040\000F\0002\000Z\000\040\000\040\000I\000O\000R}{section.3}% 7
\BOOKMARK [2][-]{subsection.3.4}{\376\377\000A\000n\000\040\000o\000p\000t\000i\000m\000i\000z\000e\000d\000\040\000G\000K\000R\000\040\000p\000r\000o\000t\000o\000c\000o\000l\000\040\000f\000o\000r\000\040\000t\000h\000e\000\040\000F\0002\000Z\000\040\000g\000r\000a\000n\000d\000\040\000p\000r\000o\000d\000u\000c\000t\000s}{section.3}% 8
\BOOKMARK [2][-]{subsection.3.5}{\376\377\000P\000r\000o\000o\000f\000\040\000s\000i\000z\000e\000\040\000o\000p\000t\000i\000m\000i\000z\000a\000t\000i\000o\000n\000\040\000f\000o\000r\000\040\000l\000a\000r\000g\000e\000\040\000i\000n\000p\000u\000t\000s}{section.3}% 9
\BOOKMARK [2][-]{subsection.3.6}{\376\377\000A\000n\000\040\000o\000p\000t\000i\000m\000i\000z\000e\000d\000\040\000G\000K\000R\000\040\000p\000r\000o\000t\000o\000c\000o\000l\000\040\000f\000o\000r\000\040\000t\000h\000e\000\040\000F\0002\000Z\000\040\000g\000r\000a\000n\000d\000\040\000p\000r\000o\000d\000u\000c\000t\000s}{section.3}% 10
\BOOKMARK [2][-]{subsection.3.7}{\376\377\000P\000r\000o\000o\000f\000\040\000s\000i\000z\000e\000\040\000o\000p\000t\000i\000m\000i\000z\000a\000t\000i\000o\000n\000\040\000f\000o\000r\000\040\000l\000a\000r\000g\000e\000\040\000i\000n\000p\000u\000t\000s}{section.3}% 11
\BOOKMARK [1][-]{section.4}{\376\377\000V\000i\000r\000t\000u\000a\000l\000i\000z\000a\000t\000i\000o\000n\000\040\000o\000f\000\040\000F\0002\000-\000l\000i\000n\000e\000a\000r\000\040\000c\000o\000m\000b\000i\000n\000a\000t\000i\000o\000n\000s\000\040\000l\000i\000f\000t\000e\000d\000\040\000t\000o\000\040\000i\000n\000t\000e\000g\000e\000r\000s}{}% 12
\BOOKMARK [2][-]{subsection.4.1}{\376\377\000O\000p\000t\000i\000m\000i\000z\000i\000n\000g\000\040\000F\0002\000Z\000\040\000f\000o\000r\000\040\000v\000i\000r\000t\000u\000a\000l\000i\000z\000e\000d\000\040\000i\000n\000p\000u\000t\000s\000\040\0002\000-\0001\000\050\000M\0002\000\050\000f\000\051\000\051}{section.4}% 13
\BOOKMARK [1][-]{section.5}{\376\377\000R\0001\000C\000S\000\040\000c\000o\000n\000s\000t\000r\000a\000i\000n\000t\000s\000\040\000o\000v\000e\000r\000\040\000p\000o\000l\000y\000n\000o\000m\000i\000a\000l\000\040\000r\000i\000n\000g\000s\000\040\000w\000i\000t\000h\000\040\000i\000d\000e\000a\000l\000\040\000m\000e\000m\000b\000e\000r\000s\000h\000i\000p}{}% 14
\BOOKMARK [1][-]{section.6}{\376\377\000O\000p\000e\000n\000\040\000q\000u\000e\000s\000t\000i\000o\000n\000s\000\040\000f\000o\000r\000\040\000u\000s}{}% 15
\BOOKMARK [1][-]{section.7}{\376\377\000C\000a\000s\000e\000-\000s\000t\000u\000d\000y}{}% 16
\BOOKMARK [2][-]{subsection.7.1}{\376\377\000I\000n\000t\000e\000g\000e\000r\000\040\000a\000n\000d\000\040\000m\000o\000d\000u\000l\000a\000r\000\040\000m\000u\000l\000t\000i\000p\000l\000i\000c\000a\000t\000i\000o\000n}{section.7}% 17
\BOOKMARK [2][-]{subsection.7.2}{\376\377\000S\000H\000A\000-\0002\0005\0006\000\040\000h\000a\000s\000h\000i\000n\000g}{section.7}% 18
\BOOKMARK [2][-]{subsection.7.3}{\376\377\000E\000x\000p\000e\000r\000i\000m\000e\000n\000t\000s}{section.7}% 19
\BOOKMARK [3][-]{subsubsection.7.3.1}{\376\377\000C\000o\000m\000p\000a\000r\000i\000s\000o\000n\000\040\000w\000i\000t\000h\000\040\000H\000y\000r\000a\000x}{subsection.7.3}% 20
\BOOKMARK [3][-]{subsubsection.7.3.2}{\376\377\000C\000o\000m\000p\000a\000r\000i\000s\000o\000n\000\040\000w\000i\000t\000h\000\040\000F\000l\000o\000c\000k}{subsection.7.3}% 21
\BOOKMARK [1][-]{appendix.A}{\376\377\000R\000i\000n\000g\000\040\000s\000w\000i\000t\000c\000h\000i\000n\000g\000\040\000v\000i\000a\000\040\000G\000a\000l\000o\000i\000s\000\040\000o\000r\000b\000i\000t\000s}{}% 22
\BOOKMARK [1][-]{appendix.B}{\376\377\000B\000i\000l\000i\000n\000e\000a\000r\000\040\000E\000m\000b\000e\000d\000d\000i\000n\000g\000s}{}% 23
\BOOKMARK [2][-]{subsection.B.1}{\376\377\000B\000a\000c\000k\000g\000r\000o\000u\000n\000d}{appendix.B}% 24
\BOOKMARK [3][-]{subsubsection.B.1.1}{\376\377\000P\000e\000r\000f\000e\000c\000t\000\040\000p\000a\000i\000r\000i\000n\000g\000s}{subsection.B.1}% 25
\BOOKMARK [3][-]{subsubsection.B.1.2}{\376\377\000S\000u\000c\000c\000i\000n\000c\000t\000\040\000v\000e\000c\000t\000o\000r\000s}{subsection.B.1}% 26
\BOOKMARK [2][-]{subsection.B.2}{\376\377\000S\000t\000r\000u\000c\000t\000u\000r\000e}{appendix.B}% 27
\BOOKMARK [2][-]{subsection.B.3}{\376\377\000C\000o\000n\000s\000t\000r\000u\000c\000t\000i\000o\000n\000s}{appendix.B}% 28
\BOOKMARK [3][-]{subsubsection.B.3.1}{\376\377\000T\000r\000a\000c\000e\000\040\000e\000m\000b\000e\000d\000d\000i\000n\000g}{subsection.B.3}% 29
\BOOKMARK [3][-]{subsubsection.B.3.2}{\376\377\000C\000o\000e\000f\000f\000i\000c\000i\000e\000n\000t\000\040\000p\000r\000o\000j\000e\000c\000t\000i\000o\000n}{subsection.B.3}% 30
\BOOKMARK [2][-]{subsection.B.4}{\376\377\000E\000x\000t\000e\000n\000s\000i\000o\000n\000\040\000o\000p\000e\000n\000i\000n\000g\000s}{appendix.B}% 31
\BOOKMARK [3][-]{subsubsection.B.4.1}{\376\377\000B\000a\000t\000c\000h\000i\000n\000g\000\040\000p\000r\000o\000t\000o\000c\000o\000l}{subsection.B.4}% 32
\BOOKMARK [3][-]{subsubsection.B.4.2}{\376\377\000F\000o\000l\000d\000i\000n\000g\000\040\000p\000r\000o\000t\000o\000c\000o\000l}{subsection.B.4}% 33
\BOOKMARK [1][-]{appendix.C}{\376\377\000G\000K\000R\000\040\000p\000r\000o\000t\000o\000c\000o\000l\000\040\000f\000o\000r\000\040\000m\000u\000l\000t\000i\000p\000l\000e\000\040\000g\000r\000a\000n\000d\000\040\000p\000r\000o\000d\000u\000c\000t\000s}{}% 34
